Archive member included to satisfy reference by file (symbol)

E:/STM32CubeCLT_1.18.0/GNU-tools-for-STM32/bin/../lib/gcc/arm-none-eabi/13.3.1/thumb/v7-m/nofp\libgcc.a(_arm_mulsf3.o)
                              CMakeFiles/motor_speed_control.elf.dir/bsp/motor.c.obj (__aeabi_fmul)
E:/STM32CubeCLT_1.18.0/GNU-tools-for-STM32/bin/../lib/gcc/arm-none-eabi/13.3.1/thumb/v7-m/nofp\libgcc.a(_arm_addsubdf3.o)
                              CMakeFiles/motor_speed_control.elf.dir/Core/Src/main.c.obj (__aeabi_f2d)
E:/STM32CubeCLT_1.18.0/GNU-tools-for-STM32/bin/../lib/gcc/arm-none-eabi/13.3.1/thumb/v7-m/nofp\libgcc.a(_arm_addsubsf3.o)
                              CMakeFiles/motor_speed_control.elf.dir/bsp/motor.c.obj (__aeabi_fsub)
E:/STM32CubeCLT_1.18.0/GNU-tools-for-STM32/bin/../lib/gcc/arm-none-eabi/13.3.1/thumb/v7-m/nofp\libgcc.a(_arm_cmpsf2.o)
                              CMakeFiles/motor_speed_control.elf.dir/bsp/motor.c.obj (__aeabi_fcmplt)
E:/STM32CubeCLT_1.18.0/GNU-tools-for-STM32/bin/../lib/gcc/arm-none-eabi/13.3.1/thumb/v7-m/nofp\libgcc.a(_arm_fixsfsi.o)
                              CMakeFiles/motor_speed_control.elf.dir/bsp/motor.c.obj (__aeabi_f2iz)
E:/STM32CubeCLT_1.18.0/GNU-tools-for-STM32/bin/../lib/gcc/arm-none-eabi/13.3.1/../../../../arm-none-eabi/lib/thumb/v7-m/nofp\libc.a(libc_a-exit.o)
                              E:/STM32CubeCLT_1.18.0/GNU-tools-for-STM32/bin/../lib/gcc/arm-none-eabi/13.3.1/../../../../arm-none-eabi/lib/thumb/v7-m/nofp/crt0.o (exit)
E:/STM32CubeCLT_1.18.0/GNU-tools-for-STM32/bin/../lib/gcc/arm-none-eabi/13.3.1/../../../../arm-none-eabi/lib/thumb/v7-m/nofp\libc.a(libc_a-findfp.o)
                              E:/STM32CubeCLT_1.18.0/GNU-tools-for-STM32/bin/../lib/gcc/arm-none-eabi/13.3.1/../../../../arm-none-eabi/lib/thumb/v7-m/nofp\libc.a(libc_a-exit.o) (__stdio_exit_handler)
E:/STM32CubeCLT_1.18.0/GNU-tools-for-STM32/bin/../lib/gcc/arm-none-eabi/13.3.1/../../../../arm-none-eabi/lib/thumb/v7-m/nofp\libc.a(libc_a-fwalk.o)
                              E:/STM32CubeCLT_1.18.0/GNU-tools-for-STM32/bin/../lib/gcc/arm-none-eabi/13.3.1/../../../../arm-none-eabi/lib/thumb/v7-m/nofp\libc.a(libc_a-findfp.o) (_fwalk_sglue)
E:/STM32CubeCLT_1.18.0/GNU-tools-for-STM32/bin/../lib/gcc/arm-none-eabi/13.3.1/../../../../arm-none-eabi/lib/thumb/v7-m/nofp\libc.a(libc_a-sprintf.o)
                              CMakeFiles/motor_speed_control.elf.dir/Core/Src/main.c.obj (sprintf)
E:/STM32CubeCLT_1.18.0/GNU-tools-for-STM32/bin/../lib/gcc/arm-none-eabi/13.3.1/../../../../arm-none-eabi/lib/thumb/v7-m/nofp\libc.a(libc_a-stdio.o)
                              E:/STM32CubeCLT_1.18.0/GNU-tools-for-STM32/bin/../lib/gcc/arm-none-eabi/13.3.1/../../../../arm-none-eabi/lib/thumb/v7-m/nofp\libc.a(libc_a-findfp.o) (__sread)
E:/STM32CubeCLT_1.18.0/GNU-tools-for-STM32/bin/../lib/gcc/arm-none-eabi/13.3.1/../../../../arm-none-eabi/lib/thumb/v7-m/nofp\libc.a(libc_a-memset.o)
                              E:/STM32CubeCLT_1.18.0/GNU-tools-for-STM32/bin/../lib/gcc/arm-none-eabi/13.3.1/../../../../arm-none-eabi/lib/thumb/v7-m/nofp/crt0.o (memset)
E:/STM32CubeCLT_1.18.0/GNU-tools-for-STM32/bin/../lib/gcc/arm-none-eabi/13.3.1/../../../../arm-none-eabi/lib/thumb/v7-m/nofp\libc.a(libc_a-closer.o)
                              E:/STM32CubeCLT_1.18.0/GNU-tools-for-STM32/bin/../lib/gcc/arm-none-eabi/13.3.1/../../../../arm-none-eabi/lib/thumb/v7-m/nofp\libc.a(libc_a-stdio.o) (_close_r)
E:/STM32CubeCLT_1.18.0/GNU-tools-for-STM32/bin/../lib/gcc/arm-none-eabi/13.3.1/../../../../arm-none-eabi/lib/thumb/v7-m/nofp\libc.a(libc_a-reent.o)
                              E:/STM32CubeCLT_1.18.0/GNU-tools-for-STM32/bin/../lib/gcc/arm-none-eabi/13.3.1/../../../../arm-none-eabi/lib/thumb/v7-m/nofp\libc.a(libc_a-closer.o) (errno)
E:/STM32CubeCLT_1.18.0/GNU-tools-for-STM32/bin/../lib/gcc/arm-none-eabi/13.3.1/../../../../arm-none-eabi/lib/thumb/v7-m/nofp\libc.a(libc_a-impure.o)
                              E:/STM32CubeCLT_1.18.0/GNU-tools-for-STM32/bin/../lib/gcc/arm-none-eabi/13.3.1/../../../../arm-none-eabi/lib/thumb/v7-m/nofp\libc.a(libc_a-sprintf.o) (_impure_ptr)
E:/STM32CubeCLT_1.18.0/GNU-tools-for-STM32/bin/../lib/gcc/arm-none-eabi/13.3.1/../../../../arm-none-eabi/lib/thumb/v7-m/nofp\libc.a(libc_a-lseekr.o)
                              E:/STM32CubeCLT_1.18.0/GNU-tools-for-STM32/bin/../lib/gcc/arm-none-eabi/13.3.1/../../../../arm-none-eabi/lib/thumb/v7-m/nofp\libc.a(libc_a-stdio.o) (_lseek_r)
E:/STM32CubeCLT_1.18.0/GNU-tools-for-STM32/bin/../lib/gcc/arm-none-eabi/13.3.1/../../../../arm-none-eabi/lib/thumb/v7-m/nofp\libc.a(libc_a-readr.o)
                              E:/STM32CubeCLT_1.18.0/GNU-tools-for-STM32/bin/../lib/gcc/arm-none-eabi/13.3.1/../../../../arm-none-eabi/lib/thumb/v7-m/nofp\libc.a(libc_a-stdio.o) (_read_r)
E:/STM32CubeCLT_1.18.0/GNU-tools-for-STM32/bin/../lib/gcc/arm-none-eabi/13.3.1/../../../../arm-none-eabi/lib/thumb/v7-m/nofp\libc.a(libc_a-writer.o)
[...]
Memory Configuration

Name             Origin             Length             Attributes
RAM              0x20000000         0x00010000         xrw
FLASH            0x08000000         0x00080000         xr
*default*        0x00000000         0xffffffff

Linker script and memory map

LOAD E:/STM32CubeCLT_1.18.0/GNU-tools-for-STM32/bin/../lib/gcc/arm-none-eabi/13.3.1/thumb/v7-m/nofp/crti.o
LOAD E:/STM32CubeCLT_1.18.0/GNU-tools-for-STM32/bin/../lib/gcc/arm-none-eabi/13.3.1/thumb/v7-m/nofp/crtbegin.o
LOAD E:/STM32CubeCLT_1.18.0/GNU-tools-for-STM32/bin/../lib/gcc/arm-none-eabi/13.3.1/../../../../arm-none-eabi/lib/thumb/v7-m/nofp/crt0.o
LOAD CMakeFiles/motor_speed_control.elf.dir/Core/Src/gpio.c.obj
LOAD CMakeFiles/motor_speed_control.elf.dir/Core/Src/main.c.obj
LOAD CMakeFiles/motor_speed_control.elf.dir/Core/Src/stm32f1xx_hal_msp.c.obj
LOAD CMakeFiles/motor_speed_control.elf.dir/Core/Src/stm32f1xx_it.c.obj
LOAD CMakeFiles/motor_speed_control.elf.dir/Core/Src/syscalls.c.obj
LOAD CMakeFiles/motor_speed_control.elf.dir/Core/Src/sysmem.c.obj
LOAD CMakeFiles/motor_speed_control.elf.dir/Core/Src/system_stm32f1xx.c.obj
LOAD CMakeFiles/motor_speed_control.elf.dir/Core/Src/tim.c.obj
LOAD CMakeFiles/motor_speed_control.elf.dir/Core/Startup/startup_stm32f103vetx.s.obj
LOAD CMakeFiles/motor_speed_control.elf.dir/Drivers/STM32F1xx_HAL_Driver/Src/stm32f1xx_hal.c.obj
LOAD CMakeFiles/motor_speed_control.elf.dir/Drivers/STM32F1xx_HAL_Driver/Src/stm32f1xx_hal_cortex.c.obj
LOAD CMakeFiles/motor_speed_control.elf.dir/Drivers/STM32F1xx_HAL_Driver/Src/stm32f1xx_hal_dma.c.obj
LOAD CMakeFiles/motor_speed_control.elf.dir/Drivers/STM32F1xx_HAL_Driver/Src/stm32f1xx_hal_exti.c.obj
LOAD CMakeFiles/motor_speed_control.elf.dir/Drivers/STM32F1xx_HAL_Driver/Src/stm32f1xx_hal_flash.c.obj
LOAD CMakeFiles/motor_speed_control.elf.dir/Drivers/STM32F1xx_HAL_Driver/Src/stm32f1xx_hal_flash_ex.c.obj
LOAD CMakeFiles/motor_speed_control.elf.dir/Drivers/STM32F1xx_HAL_Driver/Src/stm32f1xx_hal_gpio.c.obj
LOAD CMakeFiles/motor_speed_control.elf.dir/Drivers/STM32F1xx_HAL_Driver/Src/stm32f1xx_hal_gpio_ex.c.obj
LOAD CMakeFiles/motor_speed_control.elf.dir/Drivers/STM32F1xx_HAL_Driver/Src/stm32f1xx_hal_pwr.c.obj
LOAD CMakeFiles/motor_speed_control.elf.dir/Drivers/STM32F1xx_HAL_Driver/Src/stm32f1xx_hal_rcc.c.obj
LOAD CMakeFiles/motor_speed_control.elf.dir/Drivers/STM32F1xx_HAL_Driver/Src/stm32f1xx_hal_rcc_ex.c.obj
LOAD CMakeFiles/motor_speed_control.elf.dir/Drivers/STM32F1xx_HAL_Driver/Src/stm32f1xx_hal_tim.c.obj
LOAD CMakeFiles/motor_speed_control.elf.dir/Drivers/STM32F1xx_HAL_Driver/Src/stm32f1xx_hal_tim_ex.c.obj
LOAD CMakeFiles/motor_speed_control.elf.dir/bsp/delay.c.obj
LOAD CMakeFiles/motor_speed_control.elf.dir/bsp/interrupt.c.obj
LOAD CMakeFiles/motor_speed_control.elf.dir/bsp/motor.c.obj
LOAD CMakeFiles/motor_speed_control.elf.dir/bsp/oled.c.obj
LOAD CMakeFiles/motor_speed_control.elf.dir/bsp/sys.c.obj
START GROUP
LOAD E:/STM32CubeCLT_1.18.0/GNU-tools-for-STM32/bin/../lib/gcc/arm-none-eabi/13.3.1/thumb/v7-m/nofp\libgcc.a
LOAD E:/STM32CubeCLT_1.18.0/GNU-tools-for-STM32/bin/../lib/gcc/arm-none-eabi/13.3.1/../../../../arm-none-eabi/lib/thumb/v7-m/nofp\libc.a
END GROUP
LOAD E:/STM32CubeCLT_1.18.0/GNU-tools-for-STM32/bin/../lib/gcc/arm-none-eabi/13.3.1/thumb/v7-m/nofp/crtend.o
LOAD E:/STM32CubeCLT_1.18.0/GNU-tools-for-STM32/bin/../lib/gcc/arm-none-eabi/13.3.1/thumb/v7-m/nofp/crtn.o
                0x20010000                        _estack = (ORIGIN (RAM) + LENGTH (RAM))
                0x00000200                        _Min_Heap_Size = 0x200
                0x00000400                        _Min_Stack_Size = 0x400

.isr_vector     0x08000000      0x1e4
                0x08000000                        . = ALIGN (0x4)
 *(.isr_vector)
 .isr_vector    0x08000000      0x1e4 CMakeFiles/motor_speed_control.elf.dir/Core/Startup/startup_stm32f103vetx.s.obj
                0x08000000                g_pfnVectors
                0x080001e4                        . = ALIGN (0x4)

.text           0x080001e8     0x887c
                0x080001e8                        . = ALIGN (0x4)
 *(.text)
 .text          0x080001e8       0x40 E:/STM32CubeCLT_1.18.0/GNU-tools-for-STM32/bin/../lib/gcc/arm-none-eabi/13.3.1/thumb/v7-m/nofp/crtbegin.o
 .text          0x08000228      0x168 E:/STM32CubeCLT_1.18.0/GNU-tools-for-STM32/bin/../lib/gcc/arm-none-eabi/13.3.1/thumb/v7-m/nofp\libgcc.a(_arm_mulsf3.o)
                0x08000228                __aeabi_fmul
                0x08000228                __mulsf3
 .text          0x08000390      0x378 E:/STM32CubeCLT_1.18.0/GNU-tools-for-STM32/bin/../lib/gcc/arm-none-eabi/13.3.1/thumb/v7-m/nofp\libgcc.a(_arm_addsubdf3.o)
                0x08000390                __aeabi_drsub
                0x08000398                __aeabi_dsub
                0x08000398                __subdf3
                0x0800039c                __aeabi_dadd
                0x0800039c                __adddf3
                0x08000614                __floatunsidf
                0x08000614                __aeabi_ui2d
                0x08000634                __floatsidf
                0x08000634                __aeabi_i2d
                0x08000658                __aeabi_f2d
                0x08000658                __extendsfdf2
                0x0800069c                __floatundidf
                0x0800069c                __aeabi_ul2d
                0x080006ac                __floatdidf
                0x080006ac                __aeabi_l2d
 .text          0x08000708      0x21c E:/STM32CubeCLT_1.18.0/GNU-tools-for-STM32/bin/../lib/gcc/arm-none-eabi/13.3.1/thumb/v7-m/nofp\libgcc.a(_arm_addsubsf3.o)
                0x08000708                __aeabi_frsub
                0x08000710                __subsf3
                0x08000710                __aeabi_fsub
                0x08000714                __aeabi_fadd
                0x08000714                __addsf3
                0x08000874                __aeabi_ui2f
                0x08000874                __floatunsisf
                0x0800087c                __aeabi_i2f
                0x0800087c                __floatsisf
                0x08000898                __aeabi_ul2f
                0x08000898                __floatundisf
                0x080008a8                __aeabi_l2f
                0x080008a8                __floatdisf
 .text          0x08000924       0xec E:/STM32CubeCLT_1.18.0/GNU-tools-for-STM32/bin/../lib/gcc/arm-none-eabi/13.3.1/thumb/v7-m/nofp\libgcc.a(_arm_cmpsf2.o)
                0x08000924                __gesf2
                0x08000924                __gtsf2
                0x0800092c                __lesf2
                0x0800092c                __ltsf2
                0x08000934                __nesf2
                0x08000934                __eqsf2
                0x08000934                __cmpsf2
                0x08000994                __aeabi_cfrcmple
                0x0800099c                __aeabi_cfcmpeq
                0x0800099c                __aeabi_cfcmple
                0x080009ac                __aeabi_fcmpeq
                0x080009c0                __aeabi_fcmplt
                0x080009d4                __aeabi_fcmple
                0x080009e8                __aeabi_fcmpge
                0x080009fc                __aeabi_fcmpgt
 .text          0x08000a10       0x4c E:/STM32CubeCLT_1.18.0/GNU-tools-for-STM32/bin/../lib/gcc/arm-none-eabi/13.3.1/thumb/v7-m/nofp\libgcc.a(_arm_fixsfsi.o)
                0x08000a10                __aeabi_f2iz
                0x08000a10                __fixsfsi
 .text          0x08000a5c       0x10 E:/STM32CubeCLT_1.18.0/GNU-tools-for-STM32/bin/../lib/gcc/arm-none-eabi/13.3.1/../../../../arm-none-eabi/lib/thumb/v7-m/nofp\libc.a(libc_a-strlen.o)
                0x08000a5c                strlen
 .text          0x08000a6c      0x424 E:/STM32CubeCLT_1.18.0/GNU-tools-for-STM32/bin/../lib/gcc/arm-none-eabi/13.3.1/thumb/v7-m/nofp\libgcc.a(_arm_muldivdf3.o)
                0x08000a6c                __aeabi_dmul
                0x08000a6c                __muldf3
                0x08000cc0                __divdf3
                0x08000cc0                __aeabi_ddiv
 .text          0x08000e90      0x110 E:/STM32CubeCLT_1.18.0/GNU-tools-for-STM32/bin/../lib/gcc/arm-none-eabi/13.3.1/thumb/v7-m/nofp\libgcc.a(_arm_cmpdf2.o)
                0x08000e90                __gtdf2
                0x08000e90                __gedf2
                0x08000e98                __ltdf2
                0x08000e98                __ledf2
                0x08000ea0                __nedf2
                0x08000ea0                __eqdf2
                0x08000ea0                __cmpdf2
                0x08000f1c                __aeabi_cdrcmple
                0x08000f2c                __aeabi_cdcmpeq
                0x08000f2c                __aeabi_cdcmple
                0x08000f3c                __aeabi_dcmpeq
                0x08000f50                __aeabi_dcmplt
                0x08000f64                __aeabi_dcmple
                0x08000f78                __aeabi_dcmpge
                0x08000f8c                __aeabi_dcmpgt
 .text          0x08000fa0       0x2c E:/STM32CubeCLT_1.18.0/GNU-tools-for-STM32/bin/../lib/gcc/arm-none-eabi/13.3.1/thumb/v7-m/nofp\libgcc.a(_arm_unorddf2.o)
                0x08000fa0                __unorddf2
                0x08000fa0                __aeabi_dcmpun
 .text          0x08000fcc       0x50 E:/STM32CubeCLT_1.18.0/GNU-tools-for-STM32/bin/../lib/gcc/arm-none-eabi/13.3.1/thumb/v7-m/nofp\libgcc.a(_arm_fixdfsi.o)
                0x08000fcc                __aeabi_d2iz
                0x08000fcc                __fixdfsi
 .text          0x0800101c       0x30 E:/STM32CubeCLT_1.18.0/GNU-tools-for-STM32/bin/../lib/gcc/arm-none-eabi/13.3.1/thumb/v7-m/nofp\libgcc.a(_aeabi_uldivmod.o)
                0x0800101c                __aeabi_uldivmod
 .text          0x0800104c      0x300 E:/STM32CubeCLT_1.18.0/GNU-tools-for-STM32/bin/../lib/gcc/arm-none-eabi/13.3.1/thumb/v7-m/nofp\libgcc.a(_udivmoddi4.o)
                0x0800104c                __udivmoddi4
 .text          0x0800134c        0x4 E:/STM32CubeCLT_1.18.0/GNU-tools-for-STM32/bin/../lib/gcc/arm-none-eabi/13.3.1/thumb/v7-m/nofp\libgcc.a(_dvmd_tls.o)
                0x0800134c                __aeabi_idiv0
                0x0800134c                __aeabi_ldiv0
 *(.text*)
 .text.MX_GPIO_Init
                0x08001350       0xc4 CMakeFiles/motor_speed_control.elf.dir/Core/Src/gpio.c.obj
                0x08001350                MX_GPIO_Init
 .text.SystemClock_Config
                0x08001414       0x68 CMakeFiles/motor_speed_control.elf.dir/Core/Src/main.c.obj
                0x08001414                SystemClock_Config
 .text.startup.main
                0x0800147c       0xb4 CMakeFiles/motor_speed_control.elf.dir/Core/Src/main.c.obj
                0x0800147c                main
 .text.Error_Handler
                0x08001530        0x4 CMakeFiles/motor_speed_control.elf.dir/Core/Src/main.c.obj
                0x08001530                Error_Handler
 .text.HAL_MspInit
                0x08001534       0x44 CMakeFiles/motor_speed_control.elf.dir/Core/Src/stm32f1xx_hal_msp.c.obj
                0x08001534                HAL_MspInit
 .text.NMI_Handler
                0x08001578        0x4 CMakeFiles/motor_speed_control.elf.dir/Core/Src/stm32f1xx_it.c.obj
                0x08001578                NMI_Handler
 .text.HardFault_Handler
                0x0800157c        0x4 CMakeFiles/motor_speed_control.elf.dir/Core/Src/stm32f1xx_it.c.obj
                0x0800157c                HardFault_Handler
 .text.MemManage_Handler
                0x08001580        0x4 CMakeFiles/motor_speed_control.elf.dir/Core/Src/stm32f1xx_it.c.obj
                0x08001580                MemManage_Handler
 .text.BusFault_Handler
                0x08001584        0x4 CMakeFiles/motor_speed_control.elf.dir/Core/Src/stm32f1xx_it.c.obj
                0x08001584                BusFault_Handler
 .text.UsageFault_Handler
                0x08001588        0x4 CMakeFiles/motor_speed_control.elf.dir/Core/Src/stm32f1xx_it.c.obj
                0x08001588                UsageFault_Handler
 .text.SVC_Handler
                0x0800158c        0x4 CMakeFiles/motor_speed_control.elf.dir/Core/Src/stm32f1xx_it.c.obj
                0x0800158c                SVC_Handler
 .text.DebugMon_Handler
                0x08001590        0x4 CMakeFiles/motor_speed_control.elf.dir/Core/Src/stm32f1xx_it.c.obj
                0x08001590                DebugMon_Handler
 .text.PendSV_Handler
                0x08001594        0x4 CMakeFiles/motor_speed_control.elf.dir/Core/Src/stm32f1xx_it.c.obj
                0x08001594                PendSV_Handler
 .text.SysTick_Handler
                0x08001598        0x4 CMakeFiles/motor_speed_control.elf.dir/Core/Src/stm32f1xx_it.c.obj
                0x08001598                SysTick_Handler
 .text.TIM5_IRQHandler
                0x0800159c        0xc CMakeFiles/motor_speed_control.elf.dir/Core/Src/stm32f1xx_it.c.obj
                0x0800159c                TIM5_IRQHandler
 .text._getpid  0x080015a8        0x4 CMakeFiles/motor_speed_control.elf.dir/Core/Src/syscalls.c.obj
                0x080015a8                _getpid
 .text._kill    0x080015ac       0x14 CMakeFiles/motor_speed_control.elf.dir/Core/Src/syscalls.c.obj
                0x080015ac                _kill
 .text._exit    0x080015c0        0xc CMakeFiles/motor_speed_control.elf.dir/Core/Src/syscalls.c.obj
                0x080015c0                _exit
 .text._read    0x080015cc       0x1c CMakeFiles/motor_speed_control.elf.dir/Core/Src/syscalls.c.obj
                0x080015cc                _read
 .text._write   0x080015e8       0x1c CMakeFiles/motor_speed_control.elf.dir/Core/Src/syscalls.c.obj
                0x080015e8                _write
 .text._close   0x08001604        0x8 CMakeFiles/motor_speed_control.elf.dir/Core/Src/syscalls.c.obj
                0x08001604                _close
 .text._fstat   0x0800160c        0xc CMakeFiles/motor_speed_control.elf.dir/Core/Src/syscalls.c.obj
                0x0800160c                _fstat
 .text._isatty  0x08001618        0x4 CMakeFiles/motor_speed_control.elf.dir/Core/Src/syscalls.c.obj
                0x08001618                _isatty
 .text._lseek   0x0800161c        0x4 CMakeFiles/motor_speed_control.elf.dir/Core/Src/syscalls.c.obj
                0x0800161c                _lseek
 .text._sbrk    0x08001620       0x48 CMakeFiles/motor_speed_control.elf.dir/Core/Src/sysmem.c.obj
                0x08001620                _sbrk
 .text.SystemInit
                0x08001668        0x4 CMakeFiles/motor_speed_control.elf.dir/Core/Src/system_stm32f1xx.c.obj
                0x08001668                SystemInit
 .text.MX_TIM1_Init
                0x0800166c      0x15c CMakeFiles/motor_speed_control.elf.dir/Core/Src/tim.c.obj
                0x0800166c                MX_TIM1_Init
 .text.MX_TIM2_Init
                0x080017c8       0x64 CMakeFiles/motor_speed_control.elf.dir/Core/Src/tim.c.obj
                0x080017c8                MX_TIM2_Init
 .text.MX_TIM4_Init
                0x0800182c       0x68 CMakeFiles/motor_speed_control.elf.dir/Core/Src/tim.c.obj
                0x0800182c                MX_TIM4_Init
 .text.MX_TIM5_Init
                0x08001894       0x70 CMakeFiles/motor_speed_control.elf.dir/Core/Src/tim.c.obj
                0x08001894                MX_TIM5_Init
 .text.HAL_TIM_Base_MspInit
                0x08001904       0x68 CMakeFiles/motor_speed_control.elf.dir/Core/Src/tim.c.obj
                0x08001904                HAL_TIM_Base_MspInit
 .text.HAL_TIM_Encoder_MspInit
                0x0800196c       0xf0 CMakeFiles/motor_speed_control.elf.dir/Core/Src/tim.c.obj
                0x0800196c                HAL_TIM_Encoder_MspInit
 .text.Reset_Handler
                0x08001a5c       0x48 CMakeFiles/motor_speed_control.elf.dir/Core/Startup/startup_stm32f103vetx.s.obj
                0x08001a5c                Reset_Handler
 .text.Default_Handler
                0x08001aa4        0x2 CMakeFiles/motor_speed_control.elf.dir/Core/Startup/startup_stm32f103vetx.s.obj
                0x08001aa4                RTC_Alarm_IRQHandler
                0x08001aa4                EXTI2_IRQHandler
                0x08001aa4                TIM8_TRG_COM_IRQHandler
                0x08001aa4                TIM8_CC_IRQHandler
                0x08001aa4                TIM1_CC_IRQHandler
                0x08001aa4                TIM6_IRQHandler
                0x08001aa4                PVD_IRQHandler
                0x08001aa4                SDIO_IRQHandler
                0x08001aa4                EXTI3_IRQHandler
                0x08001aa4                EXTI0_IRQHandler
                0x08001aa4                I2C2_EV_IRQHandler
                0x08001aa4                ADC1_2_IRQHandler
                0x08001aa4                SPI1_IRQHandler
                0x08001aa4                TAMPER_IRQHandler
                0x08001aa4                TIM8_UP_IRQHandler
                0x08001aa4                DMA2_Channel2_IRQHandler
                0x08001aa4                DMA1_Channel4_IRQHandler
                0x08001aa4                USART3_IRQHandler
                0x08001aa4                RTC_IRQHandler
                0x08001aa4                DMA1_Channel7_IRQHandler
                0x08001aa4                CAN1_RX1_IRQHandler
                0x08001aa4                UART5_IRQHandler
                0x08001aa4                ADC3_IRQHandler
                0x08001aa4                TIM4_IRQHandler
                0x08001aa4                DMA2_Channel1_IRQHandler
                0x08001aa4                I2C1_EV_IRQHandler
                0x08001aa4                DMA1_Channel6_IRQHandler
                0x08001aa4                UART4_IRQHandler
                0x08001aa4                TIM3_IRQHandler
                0x08001aa4                RCC_IRQHandler
                0x08001aa4                TIM1_TRG_COM_IRQHandler
                0x08001aa4                DMA1_Channel1_IRQHandler
                0x08001aa4                Default_Handler
                0x08001aa4                EXTI15_10_IRQHandler
                0x08001aa4                TIM7_IRQHandler
                0x08001aa4                EXTI9_5_IRQHandler
                0x08001aa4                SPI2_IRQHandler
                0x08001aa4                DMA1_Channel5_IRQHandler
                0x08001aa4                EXTI4_IRQHandler
                0x08001aa4                USB_LP_CAN1_RX0_IRQHandler
                0x08001aa4                USB_HP_CAN1_TX_IRQHandler
                0x08001aa4                DMA1_Channel3_IRQHandler
                0x08001aa4                FSMC_IRQHandler
                0x08001aa4                TIM1_UP_IRQHandler
                0x08001aa4                WWDG_IRQHandler
                0x08001aa4                TIM2_IRQHandler
                0x08001aa4                TIM1_BRK_IRQHandler
                0x08001aa4                EXTI1_IRQHandler
                0x08001aa4                DMA2_Channel4_5_IRQHandler
                0x08001aa4                USART2_IRQHandler
                0x08001aa4                I2C2_ER_IRQHandler
                0x08001aa4                DMA1_Channel2_IRQHandler
                0x08001aa4                TIM8_BRK_IRQHandler
                0x08001aa4                CAN1_SCE_IRQHandler
                0x08001aa4                FLASH_IRQHandler
                0x08001aa4                USART1_IRQHandler
                0x08001aa4                SPI3_IRQHandler
                0x08001aa4                I2C1_ER_IRQHandler
                0x08001aa4                USBWakeUp_IRQHandler
                0x08001aa4                DMA2_Channel3_IRQHandler
 *fill*         0x08001aa6        0x2 
 .text.HAL_InitTick
                0x08001aa8       0x48 CMakeFiles/motor_speed_control.elf.dir/Drivers/STM32F1xx_HAL_Driver/Src/stm32f1xx_hal.c.obj
                0x08001aa8                HAL_InitTick
 .text.HAL_Init
                0x08001af0       0x24 CMakeFiles/motor_speed_control.elf.dir/Drivers/STM32F1xx_HAL_Driver/Src/stm32f1xx_hal.c.obj
                0x08001af0                HAL_Init
 .text.HAL_IncTick
                0x08001b14       0x18 CMakeFiles/motor_speed_control.elf.dir/Drivers/STM32F1xx_HAL_Driver/Src/stm32f1xx_hal.c.obj
                0x08001b14                HAL_IncTick
 .text.HAL_GetTick
                0x08001b2c        0xc CMakeFiles/motor_speed_control.elf.dir/Drivers/STM32F1xx_HAL_Driver/Src/stm32f1xx_hal.c.obj
                0x08001b2c                HAL_GetTick
 .text.HAL_Delay
                0x08001b38       0x24 CMakeFiles/motor_speed_control.elf.dir/Drivers/STM32F1xx_HAL_Driver/Src/stm32f1xx_hal.c.obj
                0x08001b38                HAL_Delay
 .text.HAL_NVIC_SetPriorityGrouping
                0x08001b5c       0x24 CMakeFiles/motor_speed_control.elf.dir/Drivers/STM32F1xx_HAL_Driver/Src/stm32f1xx_hal_cortex.c.obj
                0x08001b5c                HAL_NVIC_SetPriorityGrouping
 .text.HAL_NVIC_SetPriority
                0x08001b80       0x78 CMakeFiles/motor_speed_control.elf.dir/Drivers/STM32F1xx_HAL_Driver/Src/stm32f1xx_hal_cortex.c.obj
                0x08001b80                HAL_NVIC_SetPriority
 .text.HAL_NVIC_EnableIRQ
                0x08001bf8       0x1c CMakeFiles/motor_speed_control.elf.dir/Drivers/STM32F1xx_HAL_Driver/Src/stm32f1xx_hal_cortex.c.obj
                0x08001bf8                HAL_NVIC_EnableIRQ
 .text.HAL_SYSTICK_Config
                0x08001c14       0x30 CMakeFiles/motor_speed_control.elf.dir/Drivers/STM32F1xx_HAL_Driver/Src/stm32f1xx_hal_cortex.c.obj
                0x08001c14                HAL_SYSTICK_Config
 .text.HAL_GPIO_Init
                0x08001c44      0x434 CMakeFiles/motor_speed_control.elf.dir/Drivers/STM32F1xx_HAL_Driver/Src/stm32f1xx_hal_gpio.c.obj
                0x08001c44                HAL_GPIO_Init
 .text.HAL_GPIO_WritePin
                0x08002078        0x8 CMakeFiles/motor_speed_control.elf.dir/Drivers/STM32F1xx_HAL_Driver/Src/stm32f1xx_hal_gpio.c.obj
                0x08002078                HAL_GPIO_WritePin
 .text.HAL_RCC_OscConfig
                0x08002080      0x3dc CMakeFiles/motor_speed_control.elf.dir/Drivers/STM32F1xx_HAL_Driver/Src/stm32f1xx_hal_rcc.c.obj
                0x08002080                HAL_RCC_OscConfig
 .text.HAL_RCC_ClockConfig
                0x0800245c      0x184 CMakeFiles/motor_speed_control.elf.dir/Drivers/STM32F1xx_HAL_Driver/Src/stm32f1xx_hal_rcc.c.obj
                0x0800245c                HAL_RCC_ClockConfig
 .text.HAL_TIM_Base_Init
                0x080025e0       0xfc CMakeFiles/motor_speed_control.elf.dir/Drivers/STM32F1xx_HAL_Driver/Src/stm32f1xx_hal_tim.c.obj
                0x080025e0                HAL_TIM_Base_Init
 .text.HAL_TIM_Base_Start_IT
                0x080026dc       0x64 CMakeFiles/motor_speed_control.elf.dir/Drivers/STM32F1xx_HAL_Driver/Src/stm32f1xx_hal_tim.c.obj
                0x080026dc                HAL_TIM_Base_Start_IT
 .text.HAL_TIM_PWM_MspInit
                0x08002740        0x4 CMakeFiles/motor_speed_control.elf.dir/Drivers/STM32F1xx_HAL_Driver/Src/stm32f1xx_hal_tim.c.obj
                0x08002740                HAL_TIM_PWM_MspInit
 .text.HAL_TIM_PWM_Init
                0x08002744       0xfc CMakeFiles/motor_speed_control.elf.dir/Drivers/STM32F1xx_HAL_Driver/Src/stm32f1xx_hal_tim.c.obj
                0x08002744                HAL_TIM_PWM_Init
 .text.HAL_TIM_PWM_Start
                0x08002840       0xbc CMakeFiles/motor_speed_control.elf.dir/Drivers/STM32F1xx_HAL_Driver/Src/stm32f1xx_hal_tim.c.obj
                0x08002840                HAL_TIM_PWM_Start
 .text.HAL_TIM_Encoder_Init
                0x080028fc      0x13c CMakeFiles/motor_speed_control.elf.dir/Drivers/STM32F1xx_HAL_Driver/Src/stm32f1xx_hal_tim.c.obj
                0x080028fc                HAL_TIM_Encoder_Init
 .text.HAL_TIM_Encoder_Start
                0x08002a38       0xc4 CMakeFiles/motor_speed_control.elf.dir/Drivers/STM32F1xx_HAL_Driver/Src/stm32f1xx_hal_tim.c.obj
                0x08002a38                HAL_TIM_Encoder_Start
 .text.HAL_TIM_PWM_ConfigChannel
                0x08002afc      0x20c CMakeFiles/motor_speed_control.elf.dir/Drivers/STM32F1xx_HAL_Driver/Src/stm32f1xx_hal_tim.c.obj
                0x08002afc                HAL_TIM_PWM_ConfigChannel
 .text.HAL_TIM_ConfigClockSource
                0x08002d08      0x154 CMakeFiles/motor_speed_control.elf.dir/Drivers/STM32F1xx_HAL_Driver/Src/stm32f1xx_hal_tim.c.obj
                0x08002d08                HAL_TIM_ConfigClockSource
 .text.HAL_TIM_OC_DelayElapsedCallback
                0x08002e5c        0x4 CMakeFiles/motor_speed_control.elf.dir/Drivers/STM32F1xx_HAL_Driver/Src/stm32f1xx_hal_tim.c.obj
                0x08002e5c                HAL_TIM_OC_DelayElapsedCallback
 .text.HAL_TIM_IC_CaptureCallback
                0x08002e60        0x4 CMakeFiles/motor_speed_control.elf.dir/Drivers/STM32F1xx_HAL_Driver/Src/stm32f1xx_hal_tim.c.obj
                0x08002e60                HAL_TIM_IC_CaptureCallback
 .text.HAL_TIM_PWM_PulseFinishedCallback
                0x08002e64        0x4 CMakeFiles/motor_speed_control.elf.dir/Drivers/STM32F1xx_HAL_Driver/Src/stm32f1xx_hal_tim.c.obj
                0x08002e64                HAL_TIM_PWM_PulseFinishedCallback
 .text.HAL_TIM_TriggerCallback
                0x08002e68        0x4 CMakeFiles/motor_speed_control.elf.dir/Drivers/STM32F1xx_HAL_Driver/Src/stm32f1xx_hal_tim.c.obj
                0x08002e68                HAL_TIM_TriggerCallback
 .text.HAL_TIM_IRQHandler
                0x08002e6c      0x138 CMakeFiles/motor_speed_control.elf.dir/Drivers/STM32F1xx_HAL_Driver/Src/stm32f1xx_hal_tim.c.obj
                0x08002e6c                HAL_TIM_IRQHandler
 .text.HAL_TIMEx_MasterConfigSynchronization
                0x08002fa4       0x74 CMakeFiles/motor_speed_control.elf.dir/Drivers/STM32F1xx_HAL_Driver/Src/stm32f1xx_hal_tim_ex.c.obj
                0x08002fa4                HAL_TIMEx_MasterConfigSynchronization
 .text.HAL_TIMEx_ConfigBreakDeadTime
                0x08003018       0x54 CMakeFiles/motor_speed_control.elf.dir/Drivers/STM32F1xx_HAL_Driver/Src/stm32f1xx_hal_tim_ex.c.obj
                0x08003018                HAL_TIMEx_ConfigBreakDeadTime
 .text.HAL_TIMEx_CommutCallback
                0x0800306c        0x4 CMakeFiles/motor_speed_control.elf.dir/Drivers/STM32F1xx_HAL_Driver/Src/stm32f1xx_hal_tim_ex.c.obj
                0x0800306c                HAL_TIMEx_CommutCallback
 .text.HAL_TIMEx_BreakCallback
                0x08003070        0x4 CMakeFiles/motor_speed_control.elf.dir/Drivers/STM32F1xx_HAL_Driver/Src/stm32f1xx_hal_tim_ex.c.obj
                0x08003070                HAL_TIMEx_BreakCallback
 .text.delay_init
                0x08003074       0x2c CMakeFiles/motor_speed_control.elf.dir/bsp/delay.c.obj
                0x08003074                delay_init
 .text.HAL_TIM_PeriodElapsedCallback
                0x080030a0       0x4c CMakeFiles/motor_speed_control.elf.dir/bsp/interrupt.c.obj
                0x080030a0                HAL_TIM_PeriodElapsedCallback
 .text.Calculate_Motor_A_Speed
                0x080030ec       0x38 CMakeFiles/motor_speed_control.elf.dir/bsp/motor.c.obj
                0x080030ec                Calculate_Motor_A_Speed
 .text.Calculate_Motor_B_Speed
                0x08003124       0x3c CMakeFiles/motor_speed_control.elf.dir/bsp/motor.c.obj
                0x08003124                Calculate_Motor_B_Speed
 .text.Incremental_PI_A
                0x08003160       0x74 CMakeFiles/motor_speed_control.elf.dir/bsp/motor.c.obj
                0x08003160                Incremental_PI_A
 .text.Incremental_PI_B
                0x080031d4       0x74 CMakeFiles/motor_speed_control.elf.dir/bsp/motor.c.obj
                0x080031d4                Incremental_PI_B
 .text.Set_Pwm  0x08003248       0x90 CMakeFiles/motor_speed_control.elf.dir/bsp/motor.c.obj
                0x08003248                Set_Pwm
 .text.OLED_Clear
                0x080032d8      0x134 CMakeFiles/motor_speed_control.elf.dir/bsp/oled.c.obj
                0x080032d8                OLED_Clear
 .text.OLED_ShowString
                0x0800340c      0x34c CMakeFiles/motor_speed_control.elf.dir/bsp/oled.c.obj
                0x0800340c                OLED_ShowString
 .text.OLED_Init
                0x08003758      0xa58 CMakeFiles/motor_speed_control.elf.dir/bsp/oled.c.obj
                0x08003758                OLED_Init
 .text.std      0x080041b0       0x6c E:/STM32CubeCLT_1.18.0/GNU-tools-for-STM32/bin/../lib/gcc/arm-none-eabi/13.3.1/../../../../arm-none-eabi/lib/thumb/v7-m/nofp\libc.a(libc_a-findfp.o)
 .text.stdio_exit_handler
                0x0800421c       0x18 E:/STM32CubeCLT_1.18.0/GNU-tools-for-STM32/bin/../lib/gcc/arm-none-eabi/13.3.1/../../../../arm-none-eabi/lib/thumb/v7-m/nofp\libc.a(libc_a-findfp.o)
 .text.cleanup_stdio
                0x08004234       0x40 E:/STM32CubeCLT_1.18.0/GNU-tools-for-STM32/bin/../lib/gcc/arm-none-eabi/13.3.1/../../../../arm-none-eabi/lib/thumb/v7-m/nofp\libc.a(libc_a-findfp.o)
 .text.global_stdio_init.part.0
                0x08004274       0x3c E:/STM32CubeCLT_1.18.0/GNU-tools-for-STM32/bin/../lib/gcc/arm-none-eabi/13.3.1/../../../../arm-none-eabi/lib/thumb/v7-m/nofp\libc.a(libc_a-findfp.o)
 .text.__sfp_lock_acquire
                0x080042b0        0xc E:/STM32CubeCLT_1.18.0/GNU-tools-for-STM32/bin/../lib/gcc/arm-none-eabi/13.3.1/../../../../arm-none-eabi/lib/thumb/v7-m/nofp\libc.a(libc_a-findfp.o)
                0x080042b0                __sfp_lock_acquire
 .text.__sfp_lock_release
                0x080042bc        0xc E:/STM32CubeCLT_1.18.0/GNU-tools-for-STM32/bin/../lib/gcc/arm-none-eabi/13.3.1/../../../../arm-none-eabi/lib/thumb/v7-m/nofp\libc.a(libc_a-findfp.o)
                0x080042bc                __sfp_lock_release
 .text.__sinit  0x080042c8       0x30 E:/STM32CubeCLT_1.18.0/GNU-tools-for-STM32/bin/../lib/gcc/arm-none-eabi/13.3.1/../../../../arm-none-eabi/lib/thumb/v7-m/nofp\libc.a(libc_a-findfp.o)
                0x080042c8                __sinit
 .text._fwalk_sglue
                0x080042f8       0x3c E:/STM32CubeCLT_1.18.0/GNU-tools-for-STM32/bin/../lib/gcc/arm-none-eabi/13.3.1/../../../../arm-none-eabi/lib/thumb/v7-m/nofp\libc.a(libc_a-fwalk.o)
                0x080042f8                _fwalk_sglue
 .text.sprintf  0x08004334       0x44 E:/STM32CubeCLT_1.18.0/GNU-tools-for-STM32/bin/../lib/gcc/arm-none-eabi/13.3.1/../../../../arm-none-eabi/lib/thumb/v7-m/nofp\libc.a(libc_a-sprintf.o)
                0x08004334                sprintf
 .text.__sread  0x08004378       0x22 E:/STM32CubeCLT_1.18.0/GNU-tools-for-STM32/bin/../lib/gcc/arm-none-eabi/13.3.1/../../../../arm-none-eabi/lib/thumb/v7-m/nofp\libc.a(libc_a-stdio.o)
                0x08004378                __sread
 .text.__swrite
                0x0800439a       0x38 E:/STM32CubeCLT_1.18.0/GNU-tools-for-STM32/bin/../lib/gcc/arm-none-eabi/13.3.1/../../../../arm-none-eabi/lib/thumb/v7-m/nofp\libc.a(libc_a-stdio.o)
                0x0800439a                __swrite
 .text.__sseek  0x080043d2       0x24 E:/STM32CubeCLT_1.18.0/GNU-tools-for-STM32/bin/../lib/gcc/arm-none-eabi/13.3.1/../../../../arm-none-eabi/lib/thumb/v7-m/nofp\libc.a(libc_a-stdio.o)
                0x080043d2                __sseek
 .text.__sclose
                0x080043f6        0x8 E:/STM32CubeCLT_1.18.0/GNU-tools-for-STM32/bin/../lib/gcc/arm-none-eabi/13.3.1/../../../../arm-none-eabi/lib/thumb/v7-m/nofp\libc.a(libc_a-stdio.o)
                0x080043f6                __sclose
 .text.memset   0x080043fe       0x10 E:/STM32CubeCLT_1.18.0/GNU-tools-for-STM32/bin/../lib/gcc/arm-none-eabi/13.3.1/../../../../arm-none-eabi/lib/thumb/v7-m/nofp\libc.a(libc_a-memset.o)
                0x080043fe                memset
 *fill*         0x0800440e        0x2 
 .text._close_r
                0x08004410       0x20 E:/STM32CubeCLT_1.18.0/GNU-tools-for-STM32/bin/../lib/gcc/arm-none-eabi/13.3.1/../../../../arm-none-eabi/lib/thumb/v7-m/nofp\libc.a(libc_a-closer.o)
                0x08004410                _close_r
 .text._lseek_r
                0x08004430       0x24 E:/STM32CubeCLT_1.18.0/GNU-tools-for-STM32/bin/../lib/gcc/arm-none-eabi/13.3.1/../../../../arm-none-eabi/lib/thumb/v7-m/nofp\libc.a(libc_a-lseekr.o)
                0x08004430                _lseek_r
 .text._read_r  0x08004454       0x24 E:/STM32CubeCLT_1.18.0/GNU-tools-for-STM32/bin/../lib/gcc/arm-none-eabi/13.3.1/../../../../arm-none-eabi/lib/thumb/v7-m/nofp\libc.a(libc_a-readr.o)
                0x08004454                _read_r
 .text._write_r
                0x08004478       0x24 E:/STM32CubeCLT_1.18.0/GNU-tools-for-STM32/bin/../lib/gcc/arm-none-eabi/13.3.1/../../../../arm-none-eabi/lib/thumb/v7-m/nofp\libc.a(libc_a-writer.o)
                0x08004478                _write_r
 .text.__errno  0x0800449c        0xc E:/STM32CubeCLT_1.18.0/GNU-tools-for-STM32/bin/../lib/gcc/arm-none-eabi/13.3.1/../../../../arm-none-eabi/lib/thumb/v7-m/nofp\libc.a(libc_a-errno.o)
                0x0800449c                __errno
 .text.__libc_init_array
                0x080044a8       0x48 E:/STM32CubeCLT_1.18.0/GNU-tools-for-STM32/bin/../lib/gcc/arm-none-eabi/13.3.1/../../../../arm-none-eabi/lib/thumb/v7-m/nofp\libc.a(libc_a-init.o)
                0x080044a8                __libc_init_array
 .text.__retarget_lock_init_recursive
                0x080044f0        0x2 E:/STM32CubeCLT_1.18.0/GNU-tools-for-STM32/bin/../lib/gcc/arm-none-eabi/13.3.1/../../../../arm-none-eabi/lib/thumb/v7-m/nofp\libc.a(libc_a-lock.o)
                0x080044f0                __retarget_lock_init_recursive
 .text.__retarget_lock_close_recursive
                0x080044f2        0x2 E:/STM32CubeCLT_1.18.0/GNU-tools-for-STM32/bin/../lib/gcc/arm-none-eabi/13.3.1/../../../../arm-none-eabi/lib/thumb/v7-m/nofp\libc.a(libc_a-lock.o)
                0x080044f2                __retarget_lock_close_recursive
 .text.__retarget_lock_acquire_recursive
                0x080044f4        0x2 E:/STM32CubeCLT_1.18.0/GNU-tools-for-STM32/bin/../lib/gcc/arm-none-eabi/13.3.1/../../../../arm-none-eabi/lib/thumb/v7-m/nofp\libc.a(libc_a-lock.o)
                0x080044f4                __retarget_lock_acquire_recursive
 .text.__retarget_lock_release_recursive
                0x080044f6        0x2 E:/STM32CubeCLT_1.18.0/GNU-tools-for-STM32/bin/../lib/gcc/arm-none-eabi/13.3.1/../../../../arm-none-eabi/lib/thumb/v7-m/nofp\libc.a(libc_a-lock.o)
                0x080044f6                __retarget_lock_release_recursive
 .text.startup.register_fini
                0x080044f8       0x14 E:/STM32CubeCLT_1.18.0/GNU-tools-for-STM32/bin/../lib/gcc/arm-none-eabi/13.3.1/../../../../arm-none-eabi/lib/thumb/v7-m/nofp\libc.a(libc_a-__call_atexit.o)
 .text.atexit   0x0800450c        0xc E:/STM32CubeCLT_1.18.0/GNU-tools-for-STM32/bin/../lib/gcc/arm-none-eabi/13.3.1/../../../../arm-none-eabi/lib/thumb/v7-m/nofp\libc.a(libc_a-atexit.o)
                0x0800450c                atexit
 .text._malloc_trim_r
                0x08004518       0xac E:/STM32CubeCLT_1.18.0/GNU-tools-for-STM32/bin/../lib/gcc/arm-none-eabi/13.3.1/../../../../arm-none-eabi/lib/thumb/v7-m/nofp\libc.a(libc_a-freer.o)
                0x08004518                _malloc_trim_r
 .text._free_r  0x080045c4      0x180 E:/STM32CubeCLT_1.18.0/GNU-tools-for-STM32/bin/../lib/gcc/arm-none-eabi/13.3.1/../../../../arm-none-eabi/lib/thumb/v7-m/nofp\libc.a(libc_a-freer.o)
                0x080045c4                _free_r
 .text._malloc_r
                0x08004744      0x474 E:/STM32CubeCLT_1.18.0/GNU-tools-for-STM32/bin/../lib/gcc/arm-none-eabi/13.3.1/../../../../arm-none-eabi/lib/thumb/v7-m/nofp\libc.a(libc_a-mallocr.o)
                0x08004744                _malloc_r
 .text.__malloc_lock
                0x08004bb8        0xc E:/STM32CubeCLT_1.18.0/GNU-tools-for-STM32/bin/../lib/gcc/arm-none-eabi/13.3.1/../../../../arm-none-eabi/lib/thumb/v7-m/nofp\libc.a(libc_a-mlock.o)
                0x08004bb8                __malloc_lock
 .text.__malloc_unlock
                0x08004bc4        0xc E:/STM32CubeCLT_1.18.0/GNU-tools-for-STM32/bin/../lib/gcc/arm-none-eabi/13.3.1/../../../../arm-none-eabi/lib/thumb/v7-m/nofp\libc.a(libc_a-mlock.o)
                0x08004bc4                __malloc_unlock
 .text._svfprintf_r
                0x08004bd0     0x13bc E:/STM32CubeCLT_1.18.0/GNU-tools-for-STM32/bin/../lib/gcc/arm-none-eabi/13.3.1/../../../../arm-none-eabi/lib/thumb/v7-m/nofp\libc.a(libc_a-svfprintf.o)
                0x08004bd0                _svfprintf_r
 .text.__ssprint_r
                0x08005f8c       0x4e E:/STM32CubeCLT_1.18.0/GNU-tools-for-STM32/bin/../lib/gcc/arm-none-eabi/13.3.1/../../../../arm-none-eabi/lib/thumb/v7-m/nofp\libc.a(libc_a-ssprint_r.o)
                0x08005f8c                __ssprint_r
 .text._fclose_r
                0x08005fda       0xac E:/STM32CubeCLT_1.18.0/GNU-tools-for-STM32/bin/../lib/gcc/arm-none-eabi/13.3.1/../../../../arm-none-eabi/lib/thumb/v7-m/nofp\libc.a(libc_a-fclose.o)
                0x08005fda                _fclose_r
 *fill*         0x08006086        0x2 
 .text.__sflush_r
                0x08006088      0x108 E:/STM32CubeCLT_1.18.0/GNU-tools-for-STM32/bin/../lib/gcc/arm-none-eabi/13.3.1/../../../../arm-none-eabi/lib/thumb/v7-m/nofp\libc.a(libc_a-fflush.o)
                0x08006088                __sflush_r
 .text._fflush_r
                0x08006190       0x4a E:/STM32CubeCLT_1.18.0/GNU-tools-for-STM32/bin/../lib/gcc/arm-none-eabi/13.3.1/../../../../arm-none-eabi/lib/thumb/v7-m/nofp\libc.a(libc_a-fflush.o)
                0x08006190                _fflush_r
 .text.strncpy  0x080061da       0x26 E:/STM32CubeCLT_1.18.0/GNU-tools-for-STM32/bin/../lib/gcc/arm-none-eabi/13.3.1/../../../../arm-none-eabi/lib/thumb/v7-m/nofp\libc.a(libc_a-strncpy.o)
                0x080061da                strncpy
 .text._localeconv_r
                0x08006200        0x8 E:/STM32CubeCLT_1.18.0/GNU-tools-for-STM32/bin/../lib/gcc/arm-none-eabi/13.3.1/../../../../arm-none-eabi/lib/thumb/v7-m/nofp\libc.a(libc_a-localeconv.o)
                0x08006200                _localeconv_r
 .text._sbrk_r  0x08006208       0x20 E:/STM32CubeCLT_1.18.0/GNU-tools-for-STM32/bin/../lib/gcc/arm-none-eabi/13.3.1/../../../../arm-none-eabi/lib/thumb/v7-m/nofp\libc.a(libc_a-sbrkr.o)
                0x08006208                _sbrk_r
 .text.__libc_fini_array
                0x08006228       0x28 E:/STM32CubeCLT_1.18.0/GNU-tools-for-STM32/bin/../lib/gcc/arm-none-eabi/13.3.1/../../../../arm-none-eabi/lib/thumb/v7-m/nofp\libc.a(libc_a-fini.o)
                0x08006228                __libc_fini_array
 .text.sysconf  0x08006250       0x18 E:/STM32CubeCLT_1.18.0/GNU-tools-for-STM32/bin/../lib/gcc/arm-none-eabi/13.3.1/../../../../arm-none-eabi/lib/thumb/v7-m/nofp\libc.a(libc_a-sysconf.o)
                0x08006250                sysconf
 .text.memchr   0x08006268       0x1c E:/STM32CubeCLT_1.18.0/GNU-tools-for-STM32/bin/../lib/gcc/arm-none-eabi/13.3.1/../../../../arm-none-eabi/lib/thumb/v7-m/nofp\libc.a(libc_a-memchr-stub.o)
                0x08006268                memchr
 .text.frexp    0x08006284       0x64 E:/STM32CubeCLT_1.18.0/GNU-tools-for-STM32/bin/../lib/gcc/arm-none-eabi/13.3.1/../../../../arm-none-eabi/lib/thumb/v7-m/nofp\libc.a(libm_a-s_frexp.o)
                0x08006284                frexp
 .text.__register_exitproc
                0x080062e8       0x80 E:/STM32CubeCLT_1.18.0/GNU-tools-for-STM32/bin/../lib/gcc/arm-none-eabi/13.3.1/../../../../arm-none-eabi/lib/thumb/v7-m/nofp\libc.a(libc_a-__atexit.o)
                0x080062e8                __register_exitproc
 .text.quorem   0x08006368      0x110 E:/STM32CubeCLT_1.18.0/GNU-tools-for-STM32/bin/../lib/gcc/arm-none-eabi/13.3.1/../../../../arm-none-eabi/lib/thumb/v7-m/nofp\libc.a(libc_a-dtoa.o)
 .text._dtoa_r  0x08006478      0xb74 E:/STM32CubeCLT_1.18.0/GNU-tools-for-STM32/bin/../lib/gcc/arm-none-eabi/13.3.1/../../../../arm-none-eabi/lib/thumb/v7-m/nofp\libc.a(libc_a-dtoa.o)
                0x08006478                _dtoa_r
 .text._Balloc  0x08006fec       0x4a E:/STM32CubeCLT_1.18.0/GNU-tools-for-STM32/bin/../lib/gcc/arm-none-eabi/13.3.1/../../../../arm-none-eabi/lib/thumb/v7-m/nofp\libc.a(libc_a-mprec.o)
                0x08006fec                _Balloc
 .text._Bfree   0x08007036       0x12 E:/STM32CubeCLT_1.18.0/GNU-tools-for-STM32/bin/../lib/gcc/arm-none-eabi/13.3.1/../../../../arm-none-eabi/lib/thumb/v7-m/nofp\libc.a(libc_a-mprec.o)
                0x08007036                _Bfree
 .text.__multadd
                0x08007048       0x8c E:/STM32CubeCLT_1.18.0/GNU-tools-for-STM32/bin/../lib/gcc/arm-none-eabi/13.3.1/../../../../arm-none-eabi/lib/thumb/v7-m/nofp\libc.a(libc_a-mprec.o)
                0x08007048                __multadd
 .text.__hi0bits
                0x080070d4       0x3e E:/STM32CubeCLT_1.18.0/GNU-tools-for-STM32/bin/../lib/gcc/arm-none-eabi/13.3.1/../../../../arm-none-eabi/lib/thumb/v7-m/nofp\libc.a(libc_a-mprec.o)
                0x080070d4                __hi0bits
 .text.__lo0bits
                0x08007112       0x5a E:/STM32CubeCLT_1.18.0/GNU-tools-for-STM32/bin/../lib/gcc/arm-none-eabi/13.3.1/../../../../arm-none-eabi/lib/thumb/v7-m/nofp\libc.a(libc_a-mprec.o)
                0x08007112                __lo0bits
 .text.__i2b    0x0800716c       0x2c E:/STM32CubeCLT_1.18.0/GNU-tools-for-STM32/bin/../lib/gcc/arm-none-eabi/13.3.1/../../../../arm-none-eabi/lib/thumb/v7-m/nofp\libc.a(libc_a-mprec.o)
                0x0800716c                __i2b
 .text.__multiply
                0x08007198      0x144 E:/STM32CubeCLT_1.18.0/GNU-tools-for-STM32/bin/../lib/gcc/arm-none-eabi/13.3.1/../../../../arm-none-eabi/lib/thumb/v7-m/nofp\libc.a(libc_a-mprec.o)
                0x08007198                __multiply
 .text.__pow5mult
                0x080072dc       0x80 E:/STM32CubeCLT_1.18.0/GNU-tools-for-STM32/bin/../lib/gcc/arm-none-eabi/13.3.1/../../../../arm-none-eabi/lib/thumb/v7-m/nofp\libc.a(libc_a-mprec.o)
                0x080072dc                __pow5mult
 .text.__lshift
                0x0800735c       0xd8 E:/STM32CubeCLT_1.18.0/GNU-tools-for-STM32/bin/../lib/gcc/arm-none-eabi/13.3.1/../../../../arm-none-eabi/lib/thumb/v7-m/nofp\libc.a(libc_a-mprec.o)
                0x0800735c                __lshift
 .text.__mcmp   0x08007434       0x36 E:/STM32CubeCLT_1.18.0/GNU-tools-for-STM32/bin/../lib/gcc/arm-none-eabi/13.3.1/../../../../arm-none-eabi/lib/thumb/v7-m/nofp\libc.a(libc_a-mprec.o)
                0x08007434                __mcmp
 *fill*         0x0800746a        0x2 
 .text.__mdiff  0x0800746c      0x128 E:/STM32CubeCLT_1.18.0/GNU-tools-for-STM32/bin/../lib/gcc/arm-none-eabi/13.3.1/../../../../arm-none-eabi/lib/thumb/v7-m/nofp\libc.a(libc_a-mprec.o)
                0x0800746c                __mdiff
 .text.__d2b    0x08007594       0xb0 E:/STM32CubeCLT_1.18.0/GNU-tools-for-STM32/bin/../lib/gcc/arm-none-eabi/13.3.1/../../../../arm-none-eabi/lib/thumb/v7-m/nofp\libc.a(libc_a-mprec.o)
                0x08007594                __d2b
 .text.__ssputs_r
                0x08007644       0xb6 E:/STM32CubeCLT_1.18.0/GNU-tools-for-STM32/bin/../lib/gcc/arm-none-eabi/13.3.1/../../../../arm-none-eabi/lib/thumb/v7-m/nofp\libc.a(libc_a-ssputs_r.o)
                0x08007644                __ssputs_r
 .text.memmove  0x080076fa       0x34 E:/STM32CubeCLT_1.18.0/GNU-tools-for-STM32/bin/../lib/gcc/arm-none-eabi/13.3.1/../../../../arm-none-eabi/lib/thumb/v7-m/nofp\libc.a(libc_a-memmove.o)
                0x080076fa                memmove
 .text.memcpy   0x0800772e       0x1c E:/STM32CubeCLT_1.18.0/GNU-tools-for-STM32/bin/../lib/gcc/arm-none-eabi/13.3.1/../../../../arm-none-eabi/lib/thumb/v7-m/nofp\libc.a(libc_a-memcpy-stub.o)
                0x0800772e                memcpy
 *fill*         0x0800774a        0x2 
 .text.__assert_func
                0x0800774c       0x3c E:/STM32CubeCLT_1.18.0/GNU-tools-for-STM32/bin/../lib/gcc/arm-none-eabi/13.3.1/../../../../arm-none-eabi/lib/thumb/v7-m/nofp\libc.a(libc_a-assert.o)
                0x0800774c                __assert_func
 .text._calloc_r
                0x08007788       0x6a E:/STM32CubeCLT_1.18.0/GNU-tools-for-STM32/bin/../lib/gcc/arm-none-eabi/13.3.1/../../../../arm-none-eabi/lib/thumb/v7-m/nofp\libc.a(libc_a-callocr.o)
                0x08007788                _calloc_r
 .text.__ascii_mbtowc
                0x080077f2       0x24 E:/STM32CubeCLT_1.18.0/GNU-tools-for-STM32/bin/../lib/gcc/arm-none-eabi/13.3.1/../../../../arm-none-eabi/lib/thumb/v7-m/nofp\libc.a(libc_a-mbtowc_r.o)
                0x080077f2                __ascii_mbtowc
 *fill*         0x08007816        0x2 
 .text._realloc_r
                0x08007818      0x358 E:/STM32CubeCLT_1.18.0/GNU-tools-for-STM32/bin/../lib/gcc/arm-none-eabi/13.3.1/../../../../arm-none-eabi/lib/thumb/v7-m/nofp\libc.a(libc_a-reallocr.o)
                0x08007818                _realloc_r
 .text.__ascii_wctomb
                0x08007b70       0x1a E:/STM32CubeCLT_1.18.0/GNU-tools-for-STM32/bin/../lib/gcc/arm-none-eabi/13.3.1/../../../../arm-none-eabi/lib/thumb/v7-m/nofp\libc.a(libc_a-wctomb_r.o)
                0x08007b70                __ascii_wctomb
 *fill*         0x08007b8a        0x2 
 .text.fiprintf
                0x08007b8c       0x24 E:/STM32CubeCLT_1.18.0/GNU-tools-for-STM32/bin/../lib/gcc/arm-none-eabi/13.3.1/../../../../arm-none-eabi/lib/thumb/v7-m/nofp\libc.a(libc_a-fiprintf.o)
                0x08007b8c                fiprintf
 .text._vfiprintf_r
                0x08007bb0      0x918 E:/STM32CubeCLT_1.18.0/GNU-tools-for-STM32/bin/../lib/gcc/arm-none-eabi/13.3.1/../../../../arm-none-eabi/lib/thumb/v7-m/nofp\libc.a(libc_a-vfiprintf.o)
                0x08007bb0                _vfiprintf_r
 .text.__sbprintf
                0x080084c8       0x80 E:/STM32CubeCLT_1.18.0/GNU-tools-for-STM32/bin/../lib/gcc/arm-none-eabi/13.3.1/../../../../arm-none-eabi/lib/thumb/v7-m/nofp\libc.a(libc_a-vfiprintf.o)
 .text.__sprint_r
                0x08008548       0x1a E:/STM32CubeCLT_1.18.0/GNU-tools-for-STM32/bin/../lib/gcc/arm-none-eabi/13.3.1/../../../../arm-none-eabi/lib/thumb/v7-m/nofp\libc.a(libc_a-sprint_r.o)
                0x08008548                __sprint_r
 *fill*         0x08008562        0x2 
 .text.__sfvwrite_r
                0x08008564      0x298 E:/STM32CubeCLT_1.18.0/GNU-tools-for-STM32/bin/../lib/gcc/arm-none-eabi/13.3.1/../../../../arm-none-eabi/lib/thumb/v7-m/nofp\libc.a(libc_a-fvwrite.o)
                0x08008564                __sfvwrite_r
 .text.__swsetup_r
                0x080087fc       0xac E:/STM32CubeCLT_1.18.0/GNU-tools-for-STM32/bin/../lib/gcc/arm-none-eabi/13.3.1/../../../../arm-none-eabi/lib/thumb/v7-m/nofp\libc.a(libc_a-wsetup.o)
                0x080087fc                __swsetup_r
 .text.abort    0x080088a8        0xe E:/STM32CubeCLT_1.18.0/GNU-tools-for-STM32/bin/../lib/gcc/arm-none-eabi/13.3.1/../../../../arm-none-eabi/lib/thumb/v7-m/nofp\libc.a(libc_a-abort.o)
                0x080088a8                abort
 .text.__swhatbuf_r
                0x080088b6       0x50 E:/STM32CubeCLT_1.18.0/GNU-tools-for-STM32/bin/../lib/gcc/arm-none-eabi/13.3.1/../../../../arm-none-eabi/lib/thumb/v7-m/nofp\libc.a(libc_a-makebuf.o)
                0x080088b6                __swhatbuf_r
 .text.__smakebuf_r
                0x08008906       0x78 E:/STM32CubeCLT_1.18.0/GNU-tools-for-STM32/bin/../lib/gcc/arm-none-eabi/13.3.1/../../../../arm-none-eabi/lib/thumb/v7-m/nofp\libc.a(libc_a-makebuf.o)
                0x08008906                __smakebuf_r
 .text._raise_r
                0x0800897e       0x52 E:/STM32CubeCLT_1.18.0/GNU-tools-for-STM32/bin/../lib/gcc/arm-none-eabi/13.3.1/../../../../arm-none-eabi/lib/thumb/v7-m/nofp\libc.a(libc_a-signal.o)
                0x0800897e                _raise_r
 .text.raise    0x080089d0       0x10 E:/STM32CubeCLT_1.18.0/GNU-tools-for-STM32/bin/../lib/gcc/arm-none-eabi/13.3.1/../../../../arm-none-eabi/lib/thumb/v7-m/nofp\libc.a(libc_a-signal.o)
                0x080089d0                raise
 .text._fstat_r
                0x080089e0       0x24 E:/STM32CubeCLT_1.18.0/GNU-tools-for-STM32/bin/../lib/gcc/arm-none-eabi/13.3.1/../../../../arm-none-eabi/lib/thumb/v7-m/nofp\libc.a(libc_a-fstatr.o)
                0x080089e0                _fstat_r
 .text._isatty_r
                0x08008a04       0x20 E:/STM32CubeCLT_1.18.0/GNU-tools-for-STM32/bin/../lib/gcc/arm-none-eabi/13.3.1/../../../../arm-none-eabi/lib/thumb/v7-m/nofp\libc.a(libc_a-isattyr.o)
                0x08008a04                _isatty_r
 .text._kill_r  0x08008a24       0x24 E:/STM32CubeCLT_1.18.0/GNU-tools-for-STM32/bin/../lib/gcc/arm-none-eabi/13.3.1/../../../../arm-none-eabi/lib/thumb/v7-m/nofp\libc.a(libc_a-signalr.o)
                0x08008a24                _kill_r
 .text._getpid_r
                0x08008a48        0x4 E:/STM32CubeCLT_1.18.0/GNU-tools-for-STM32/bin/../lib/gcc/arm-none-eabi/13.3.1/../../../../arm-none-eabi/lib/thumb/v7-m/nofp\libc.a(libc_a-signalr.o)
                0x08008a48                _getpid_r
 *(.glue_7)
 .glue_7        0x08008a4c        0x0 linker stubs
 *(.glue_7t)
 .glue_7t       0x08008a4c        0x0 linker stubs
 *(.eh_frame)
 .eh_frame      0x08008a4c        0x0 E:/STM32CubeCLT_1.18.0/GNU-tools-for-STM32/bin/../lib/gcc/arm-none-eabi/13.3.1/thumb/v7-m/nofp/crtbegin.o
 *(.init)
 .init          0x08008a4c        0x4 E:/STM32CubeCLT_1.18.0/GNU-tools-for-STM32/bin/../lib/gcc/arm-none-eabi/13.3.1/thumb/v7-m/nofp/crti.o
                0x08008a4c                _init
 .init          0x08008a50        0x8 E:/STM32CubeCLT_1.18.0/GNU-tools-for-STM32/bin/../lib/gcc/arm-none-eabi/13.3.1/thumb/v7-m/nofp/crtn.o
 *(.fini)
 .fini          0x08008a58        0x4 E:/STM32CubeCLT_1.18.0/GNU-tools-for-STM32/bin/../lib/gcc/arm-none-eabi/13.3.1/thumb/v7-m/nofp/crti.o
                0x08008a58                _fini
 .fini          0x08008a5c        0x8 E:/STM32CubeCLT_1.18.0/GNU-tools-for-STM32/bin/../lib/gcc/arm-none-eabi/13.3.1/thumb/v7-m/nofp/crtn.o
                0x08008a64                        . = ALIGN (0x4)
                0x08008a64                        _etext = .

.vfp11_veneer   0x08008a64        0x0
 .vfp11_veneer  0x08008a64        0x0 linker stubs

.v4_bx          0x08008a64        0x0
 .v4_bx         0x08008a64        0x0 linker stubs

.iplt           0x08008a64        0x0
 .iplt          0x08008a64        0x0 E:/STM32CubeCLT_1.18.0/GNU-tools-for-STM32/bin/../lib/gcc/arm-none-eabi/13.3.1/thumb/v7-m/nofp/crtbegin.o

.rodata         0x08008a68      0x9bc
                0x08008a68                        . = ALIGN (0x4)
 *(.rodata)
 *(.rodata*)
 .rodata.main.str1.4
                0x08008a68       0x18 CMakeFiles/motor_speed_control.elf.dir/Core/Src/main.c.obj
 .rodata.AHBPrescTable
                0x08008a80       0x10 CMakeFiles/motor_speed_control.elf.dir/Core/Src/system_stm32f1xx.c.obj
                0x08008a80                AHBPrescTable
 .rodata.aPredivFactorTable.0
                0x08008a90        0x2 CMakeFiles/motor_speed_control.elf.dir/Drivers/STM32F1xx_HAL_Driver/Src/stm32f1xx_hal_rcc.c.obj
 *fill*         0x08008a92        0x2 
 .rodata.aPLLMULFactorTable.1
                0x08008a94       0x10 CMakeFiles/motor_speed_control.elf.dir/Drivers/STM32F1xx_HAL_Driver/Src/stm32f1xx_hal_rcc.c.obj
 .rodata.F8X16  0x08008aa4      0x5f0 CMakeFiles/motor_speed_control.elf.dir/bsp/oled.c.obj
                0x08008aa4                F8X16
 .rodata._svfprintf_r.str1.1
                0x08009094      0x149 E:/STM32CubeCLT_1.18.0/GNU-tools-for-STM32/bin/../lib/gcc/arm-none-eabi/13.3.1/../../../../arm-none-eabi/lib/thumb/v7-m/nofp\libc.a(libc_a-svfprintf.o)
                                 0x34 (size before relaxing)
 .rodata.zeroes.0
                0x080091dd       0x10 E:/STM32CubeCLT_1.18.0/GNU-tools-for-STM32/bin/../lib/gcc/arm-none-eabi/13.3.1/../../../../arm-none-eabi/lib/thumb/v7-m/nofp\libc.a(libc_a-svfprintf.o)
 .rodata.blanks.1
                0x080091ed       0x10 E:/STM32CubeCLT_1.18.0/GNU-tools-for-STM32/bin/../lib/gcc/arm-none-eabi/13.3.1/../../../../arm-none-eabi/lib/thumb/v7-m/nofp\libc.a(libc_a-svfprintf.o)
 .rodata._dtoa_r.str1.1
                0x080091fd       0x78 E:/STM32CubeCLT_1.18.0/GNU-tools-for-STM32/bin/../lib/gcc/arm-none-eabi/13.3.1/../../../../arm-none-eabi/lib/thumb/v7-m/nofp\libc.a(libc_a-dtoa.o)
 .rodata.__multadd.str1.1
                0x080091fd       0x6a E:/STM32CubeCLT_1.18.0/GNU-tools-for-STM32/bin/../lib/gcc/arm-none-eabi/13.3.1/../../../../arm-none-eabi/lib/thumb/v7-m/nofp\libc.a(libc_a-mprec.o)
 *fill*         0x080091fd        0x3 
 .rodata.p05.0  0x08009200        0xc E:/STM32CubeCLT_1.18.0/GNU-tools-for-STM32/bin/../lib/gcc/arm-none-eabi/13.3.1/../../../../arm-none-eabi/lib/thumb/v7-m/nofp\libc.a(libc_a-mprec.o)
 *fill*         0x0800920c        0x4 
 .rodata.__mprec_bigtens
                0x08009210       0x28 E:/STM32CubeCLT_1.18.0/GNU-tools-for-STM32/bin/../lib/gcc/arm-none-eabi/13.3.1/../../../../arm-none-eabi/lib/thumb/v7-m/nofp\libc.a(libc_a-mprec.o)
                0x08009210                __mprec_bigtens
 .rodata.__mprec_tens
                0x08009238       0xc8 E:/STM32CubeCLT_1.18.0/GNU-tools-for-STM32/bin/../lib/gcc/arm-none-eabi/13.3.1/../../../../arm-none-eabi/lib/thumb/v7-m/nofp\libc.a(libc_a-mprec.o)
                0x08009238                __mprec_tens
 .rodata._setlocale_r.str1.1
                0x08009300        0x9 E:/STM32CubeCLT_1.18.0/GNU-tools-for-STM32/bin/../lib/gcc/arm-none-eabi/13.3.1/../../../../arm-none-eabi/lib/thumb/v7-m/nofp\libc.a(libc_a-locale.o)
 .rodata.str1.1
                0x08009300        0x2 E:/STM32CubeCLT_1.18.0/GNU-tools-for-STM32/bin/../lib/gcc/arm-none-eabi/13.3.1/../../../../arm-none-eabi/lib/thumb/v7-m/nofp\libc.a(libc_a-locale.o)
 .rodata.__assert_func.str1.1
                0x08009300       0x3d E:/STM32CubeCLT_1.18.0/GNU-tools-for-STM32/bin/../lib/gcc/arm-none-eabi/13.3.1/../../../../arm-none-eabi/lib/thumb/v7-m/nofp\libc.a(libc_a-assert.o)
 .rodata._ctype_
                0x08009300      0x101 E:/STM32CubeCLT_1.18.0/GNU-tools-for-STM32/bin/../lib/gcc/arm-none-eabi/13.3.1/../../../../arm-none-eabi/lib/thumb/v7-m/nofp\libc.a(libc_a-ctype_.o)
                0x08009300                _ctype_
 .rodata._vfiprintf_r.str1.1
                0x08009401       0x22 E:/STM32CubeCLT_1.18.0/GNU-tools-for-STM32/bin/../lib/gcc/arm-none-eabi/13.3.1/../../../../arm-none-eabi/lib/thumb/v7-m/nofp\libc.a(libc_a-vfiprintf.o)
 .rodata.zeroes.0
                0x08009401       0x10 E:/STM32CubeCLT_1.18.0/GNU-tools-for-STM32/bin/../lib/gcc/arm-none-eabi/13.3.1/../../../../arm-none-eabi/lib/thumb/v7-m/nofp\libc.a(libc_a-vfiprintf.o)
 .rodata.blanks.1
                0x08009411       0x10 E:/STM32CubeCLT_1.18.0/GNU-tools-for-STM32/bin/../lib/gcc/arm-none-eabi/13.3.1/../../../../arm-none-eabi/lib/thumb/v7-m/nofp\libc.a(libc_a-vfiprintf.o)
                0x08009424                        . = ALIGN (0x4)
 *fill*         0x08009421        0x3 

.ARM.extab      0x08009424        0x0
                0x08009424                        . = ALIGN (0x4)
 *(.ARM.extab* .gnu.linkonce.armextab.*)
                0x08009424                        . = ALIGN (0x4)

.ARM            0x08009424        0x8
                0x08009424                        . = ALIGN (0x4)
                0x08009424                        __exidx_start = .
 *(.ARM.exidx*)
 .ARM.exidx     0x08009424        0x8 E:/STM32CubeCLT_1.18.0/GNU-tools-for-STM32/bin/../lib/gcc/arm-none-eabi/13.3.1/../../../../arm-none-eabi/lib/thumb/v7-m/nofp\libc.a(libc_a-strlen.o)
 .ARM.exidx     0x0800942c        0x0 E:/STM32CubeCLT_1.18.0/GNU-tools-for-STM32/bin/../lib/gcc/arm-none-eabi/13.3.1/thumb/v7-m/nofp\libgcc.a(_udivmoddi4.o)
                                  0x8 (size before relaxing)
                0x0800942c                        __exidx_end = .
                0x0800942c                        . = ALIGN (0x4)

.preinit_array  0x0800942c        0x0
                0x0800942c                        . = ALIGN (0x4)
                0x0800942c                        PROVIDE (__preinit_array_start = .)
 *(.preinit_array*)
                0x0800942c                        PROVIDE (__preinit_array_end = .)
                0x0800942c                        . = ALIGN (0x4)

.init_array     0x0800942c        0x8
                0x0800942c                        . = ALIGN (0x4)
                0x0800942c                        PROVIDE (__init_array_start = .)
 *(SORT_BY_NAME(.init_array.*))
 .init_array.00000
                0x0800942c        0x4 E:/STM32CubeCLT_1.18.0/GNU-tools-for-STM32/bin/../lib/gcc/arm-none-eabi/13.3.1/../../../../arm-none-eabi/lib/thumb/v7-m/nofp\libc.a(libc_a-__call_atexit.o)
 *(.init_array*)
 .init_array    0x08009430        0x4 E:/STM32CubeCLT_1.18.0/GNU-tools-for-STM32/bin/../lib/gcc/arm-none-eabi/13.3.1/thumb/v7-m/nofp/crtbegin.o
                0x08009434                        PROVIDE (__init_array_end = .)
                0x08009434                        . = ALIGN (0x4)

.fini_array     0x08009434        0x4
                0x08009434                        . = ALIGN (0x4)
                0x08009434                        PROVIDE (__fini_array_start = .)
 *(SORT_BY_NAME(.fini_array.*))
 *(.fini_array*)
 .fini_array    0x08009434        0x4 E:/STM32CubeCLT_1.18.0/GNU-tools-for-STM32/bin/../lib/gcc/arm-none-eabi/13.3.1/thumb/v7-m/nofp/crtbegin.o
                0x08009438                        PROVIDE (__fini_array_end = .)
                0x08009438                        . = ALIGN (0x4)
                0x08009438                        _sidata = LOADADDR (.data)

.rel.dyn        0x08009438        0x0
 .rel.iplt      0x08009438        0x0 E:/STM32CubeCLT_1.18.0/GNU-tools-for-STM32/bin/../lib/gcc/arm-none-eabi/13.3.1/thumb/v7-m/nofp/crtbegin.o

.data           0x20000000      0x6e0 load address 0x08009438
                0x20000000                        . = ALIGN (0x4)
                0x20000000                        _sdata = .
 *(.data)
 *(.data*)
 .data.SystemCoreClock
                0x20000000        0x4 CMakeFiles/motor_speed_control.elf.dir/Core/Src/system_stm32f1xx.c.obj
                0x20000000                SystemCoreClock
 .data.uwTickFreq
                0x20000004        0x1 CMakeFiles/motor_speed_control.elf.dir/Drivers/STM32F1xx_HAL_Driver/Src/stm32f1xx_hal.c.obj
                0x20000004                uwTickFreq
 *fill*         0x20000005        0x3 
 .data.uwTickPrio
                0x20000008        0x4 CMakeFiles/motor_speed_control.elf.dir/Drivers/STM32F1xx_HAL_Driver/Src/stm32f1xx_hal.c.obj
                0x20000008                uwTickPrio
 .data.__sglue  0x2000000c        0xc E:/STM32CubeCLT_1.18.0/GNU-tools-for-STM32/bin/../lib/gcc/arm-none-eabi/13.3.1/../../../../arm-none-eabi/lib/thumb/v7-m/nofp\libc.a(libc_a-findfp.o)
                0x2000000c                __sglue
 .data._impure_ptr
                0x20000018        0x4 E:/STM32CubeCLT_1.18.0/GNU-tools-for-STM32/bin/../lib/gcc/arm-none-eabi/13.3.1/../../../../arm-none-eabi/lib/thumb/v7-m/nofp\libc.a(libc_a-impure.o)
                0x20000018                _impure_ptr
 *fill*         0x2000001c        0x4 
 .data._impure_data
                0x20000020      0x140 E:/STM32CubeCLT_1.18.0/GNU-tools-for-STM32/bin/../lib/gcc/arm-none-eabi/13.3.1/../../../../arm-none-eabi/lib/thumb/v7-m/nofp\libc.a(libc_a-impure.o)
                0x20000020                _impure_data
 .data.__atexit_recursive_mutex
                0x20000160        0x4 E:/STM32CubeCLT_1.18.0/GNU-tools-for-STM32/bin/../lib/gcc/arm-none-eabi/13.3.1/../../../../arm-none-eabi/lib/thumb/v7-m/nofp\libc.a(libc_a-__call_atexit.o)
                0x20000160                __atexit_recursive_mutex
 .data.__malloc_sbrk_base
                0x20000164        0x4 E:/STM32CubeCLT_1.18.0/GNU-tools-for-STM32/bin/../lib/gcc/arm-none-eabi/13.3.1/../../../../arm-none-eabi/lib/thumb/v7-m/nofp\libc.a(libc_a-mallocr.o)
                0x20000164                __malloc_sbrk_base
 .data.__malloc_trim_threshold
                0x20000168        0x4 E:/STM32CubeCLT_1.18.0/GNU-tools-for-STM32/bin/../lib/gcc/arm-none-eabi/13.3.1/../../../../arm-none-eabi/lib/thumb/v7-m/nofp\libc.a(libc_a-mallocr.o)
                0x20000168                __malloc_trim_threshold
 .data.__malloc_av_
                0x2000016c      0x408 E:/STM32CubeCLT_1.18.0/GNU-tools-for-STM32/bin/../lib/gcc/arm-none-eabi/13.3.1/../../../../arm-none-eabi/lib/thumb/v7-m/nofp\libc.a(libc_a-mallocr.o)
                0x2000016c                __malloc_av_
 .data.__global_locale
                0x20000574      0x16c E:/STM32CubeCLT_1.18.0/GNU-tools-for-STM32/bin/../lib/gcc/arm-none-eabi/13.3.1/../../../../arm-none-eabi/lib/thumb/v7-m/nofp\libc.a(libc_a-locale.o)
                0x20000574                __global_locale
 *(.RamFunc)
 *(.RamFunc*)
                0x200006e0                        . = ALIGN (0x4)
                0x200006e0                        _edata = .

.igot.plt       0x200006e0        0x0 load address 0x08009b18
 .igot.plt      0x200006e0        0x0 E:/STM32CubeCLT_1.18.0/GNU-tools-for-STM32/bin/../lib/gcc/arm-none-eabi/13.3.1/thumb/v7-m/nofp/crtbegin.o
                0x200006e0                        . = ALIGN (0x4)

.bss            0x200006e0      0x4a4 load address 0x08009b18
                0x200006e0                        _sbss = .
                0x200006e0                        __bss_start__ = _sbss
 *(.bss)
 .bss           0x200006e0       0x1c E:/STM32CubeCLT_1.18.0/GNU-tools-for-STM32/bin/../lib/gcc/arm-none-eabi/13.3.1/thumb/v7-m/nofp/crtbegin.o
 *(.bss*)
 .bss.OledString
                0x200006fc       0x32 CMakeFiles/motor_speed_control.elf.dir/Core/Src/main.c.obj
                0x200006fc                OledString
 *fill*         0x2000072e        0x2 
 .bss.__sbrk_heap_end
                0x20000730        0x4 CMakeFiles/motor_speed_control.elf.dir/Core/Src/sysmem.c.obj
 .bss.htim5     0x20000734       0x48 CMakeFiles/motor_speed_control.elf.dir/Core/Src/tim.c.obj
                0x20000734                htim5
 .bss.htim4     0x2000077c       0x48 CMakeFiles/motor_speed_control.elf.dir/Core/Src/tim.c.obj
                0x2000077c                htim4
 .bss.htim2     0x200007c4       0x48 CMakeFiles/motor_speed_control.elf.dir/Core/Src/tim.c.obj
                0x200007c4                htim2
 *fill*         0x2000080c        0x4 
 .bss.htim1     0x20000810       0x48 CMakeFiles/motor_speed_control.elf.dir/Core/Src/tim.c.obj
                0x20000810                htim1
 .bss.uwTick    0x20000858        0x4 CMakeFiles/motor_speed_control.elf.dir/Drivers/STM32F1xx_HAL_Driver/Src/stm32f1xx_hal.c.obj
                0x20000858                uwTick
 .bss.fac_ms    0x2000085c        0x2 CMakeFiles/motor_speed_control.elf.dir/bsp/delay.c.obj
 .bss.fac_us    0x2000085e        0x1 CMakeFiles/motor_speed_control.elf.dir/bsp/delay.c.obj
 *fill*         0x2000085f        0x1 
 .bss.speed_b   0x20000860        0x4 CMakeFiles/motor_speed_control.elf.dir/bsp/interrupt.c.obj
                0x20000860                speed_b
 .bss.speed_a   0x20000864        0x4 CMakeFiles/motor_speed_control.elf.dir/bsp/interrupt.c.obj
                0x20000864                speed_a
 .bss.Pwm.0     0x20000868        0x4 CMakeFiles/motor_speed_control.elf.dir/bsp/motor.c.obj
 .bss.Last_bias.3
                0x2000086c        0x4 CMakeFiles/motor_speed_control.elf.dir/bsp/motor.c.obj
 .bss.Pwm.5     0x20000870        0x4 CMakeFiles/motor_speed_control.elf.dir/bsp/motor.c.obj
 .bss.Last_bias.8
                0x20000874        0x4 CMakeFiles/motor_speed_control.elf.dir/bsp/motor.c.obj
 .bss.__sf      0x20000878      0x138 E:/STM32CubeCLT_1.18.0/GNU-tools-for-STM32/bin/../lib/gcc/arm-none-eabi/13.3.1/../../../../arm-none-eabi/lib/thumb/v7-m/nofp\libc.a(libc_a-findfp.o)
                0x20000878                __sf
 .bss.__stdio_exit_handler
                0x200009b0        0x4 E:/STM32CubeCLT_1.18.0/GNU-tools-for-STM32/bin/../lib/gcc/arm-none-eabi/13.3.1/../../../../arm-none-eabi/lib/thumb/v7-m/nofp\libc.a(libc_a-findfp.o)
                0x200009b0                __stdio_exit_handler
 .bss.errno     0x200009b4        0x4 E:/STM32CubeCLT_1.18.0/GNU-tools-for-STM32/bin/../lib/gcc/arm-none-eabi/13.3.1/../../../../arm-none-eabi/lib/thumb/v7-m/nofp\libc.a(libc_a-reent.o)
                0x200009b4                errno
 .bss.__lock___malloc_recursive_mutex
                0x200009b8        0x1 E:/STM32CubeCLT_1.18.0/GNU-tools-for-STM32/bin/../lib/gcc/arm-none-eabi/13.3.1/../../../../arm-none-eabi/lib/thumb/v7-m/nofp\libc.a(libc_a-lock.o)
                0x200009b8                __lock___malloc_recursive_mutex
 .bss.__lock___atexit_recursive_mutex
                0x200009b9        0x1 E:/STM32CubeCLT_1.18.0/GNU-tools-for-STM32/bin/../lib/gcc/arm-none-eabi/13.3.1/../../../../arm-none-eabi/lib/thumb/v7-m/nofp\libc.a(libc_a-lock.o)
                0x200009b9                __lock___atexit_recursive_mutex
 .bss.__lock___sfp_recursive_mutex
                0x200009ba        0x1 E:/STM32CubeCLT_1.18.0/GNU-tools-for-STM32/bin/../lib/gcc/arm-none-eabi/13.3.1/../../../../arm-none-eabi/lib/thumb/v7-m/nofp\libc.a(libc_a-lock.o)
                0x200009ba                __lock___sfp_recursive_mutex
 *fill*         0x200009bb        0x1 
 .bss.__atexit  0x200009bc        0x4 E:/STM32CubeCLT_1.18.0/GNU-tools-for-STM32/bin/../lib/gcc/arm-none-eabi/13.3.1/../../../../arm-none-eabi/lib/thumb/v7-m/nofp\libc.a(libc_a-__call_atexit.o)
                0x200009bc                __atexit
 .bss.__malloc_current_mallinfo
                0x200009c0       0x28 E:/STM32CubeCLT_1.18.0/GNU-tools-for-STM32/bin/../lib/gcc/arm-none-eabi/13.3.1/../../../../arm-none-eabi/lib/thumb/v7-m/nofp\libc.a(libc_a-mallocr.o)
                0x200009c0                __malloc_current_mallinfo
 .bss.__malloc_max_total_mem
                0x200009e8        0x4 E:/STM32CubeCLT_1.18.0/GNU-tools-for-STM32/bin/../lib/gcc/arm-none-eabi/13.3.1/../../../../arm-none-eabi/lib/thumb/v7-m/nofp\libc.a(libc_a-mallocr.o)
                0x200009e8                __malloc_max_total_mem
 .bss.__malloc_max_sbrked_mem
                0x200009ec        0x4 E:/STM32CubeCLT_1.18.0/GNU-tools-for-STM32/bin/../lib/gcc/arm-none-eabi/13.3.1/../../../../arm-none-eabi/lib/thumb/v7-m/nofp\libc.a(libc_a-mallocr.o)
                0x200009ec                __malloc_max_sbrked_mem
 .bss.__malloc_top_pad
                0x200009f0        0x4 E:/STM32CubeCLT_1.18.0/GNU-tools-for-STM32/bin/../lib/gcc/arm-none-eabi/13.3.1/../../../../arm-none-eabi/lib/thumb/v7-m/nofp\libc.a(libc_a-mallocr.o)
                0x200009f0                __malloc_top_pad
 .bss.__atexit0
                0x200009f4      0x190 E:/STM32CubeCLT_1.18.0/GNU-tools-for-STM32/bin/../lib/gcc/arm-none-eabi/13.3.1/../../../../arm-none-eabi/lib/thumb/v7-m/nofp\libc.a(libc_a-__atexit.o)
                0x200009f4                __atexit0
 *(COMMON)
                0x20000b84                        . = ALIGN (0x4)
                0x20000b84                        _ebss = .
                0x20000b84                        __bss_end__ = _ebss

._user_heap_stack
                0x20000b84      0x604 load address 0x08009b18
                0x20000b88                        . = ALIGN (0x8)
 *fill*         0x20000b84        0x4 
                [!provide]                        PROVIDE (end = .)
                0x20000b88                        PROVIDE (_end = .)
                0x20000d88                        . = (. + _Min_Heap_Size)
 *fill*         0x20000b88      0x200 
                0x20001188                        . = (. + _Min_Stack_Size)
 *fill*         0x20000d88      0x400 
                0x20001188                        . = ALIGN (0x8)

/DISCARD/
 libc.a(*)
 libm.a(*)
 libgcc.a(*)

.ARM.attributes
                0x00000000       0x29
 *(.ARM.attributes)
 .ARM.attributes
                0x00000000       0x1d E:/STM32CubeCLT_1.18.0/GNU-tools-for-STM32/bin/../lib/gcc/arm-none-eabi/13.3.1/thumb/v7-m/nofp/crti.o
 .ARM.attributes
                0x0000001d       0x2d E:/STM32CubeCLT_1.18.0/GNU-tools-for-STM32/bin/../lib/gcc/arm-none-eabi/13.3.1/thumb/v7-m/nofp/crtbegin.o
 .ARM.attributes
                0x0000004a       0x29 CMakeFiles/motor_speed_control.elf.dir/Core/Src/gpio.c.obj
 .ARM.attributes
                0x00000073       0x29 CMakeFiles/motor_speed_control.elf.dir/Core/Src/main.c.obj
 .ARM.attributes
                0x0000009c       0x29 CMakeFiles/motor_speed_control.elf.dir/Core/Src/stm32f1xx_hal_msp.c.obj
 .ARM.attributes
                0x000000c5       0x29 CMakeFiles/motor_speed_control.elf.dir/Core/Src/stm32f1xx_it.c.obj
 .ARM.attributes
                0x000000ee       0x29 CMakeFiles/motor_speed_control.elf.dir/Core/Src/syscalls.c.obj
 .ARM.attributes
                0x00000117       0x29 CMakeFiles/motor_speed_control.elf.dir/Core/Src/sysmem.c.obj
 .ARM.attributes
                0x00000140       0x29 CMakeFiles/motor_speed_control.elf.dir/Core/Src/system_stm32f1xx.c.obj
 .ARM.attributes
                0x00000169       0x29 CMakeFiles/motor_speed_control.elf.dir/Core/Src/tim.c.obj
 .ARM.attributes
                0x00000192       0x21 CMakeFiles/motor_speed_control.elf.dir/Core/Startup/startup_stm32f103vetx.s.obj
 .ARM.attributes
                0x000001b3       0x29 CMakeFiles/motor_speed_control.elf.dir/Drivers/STM32F1xx_HAL_Driver/Src/stm32f1xx_hal.c.obj
 .ARM.attributes
                0x000001dc       0x29 CMakeFiles/motor_speed_control.elf.dir/Drivers/STM32F1xx_HAL_Driver/Src/stm32f1xx_hal_cortex.c.obj
 .ARM.attributes
                0x00000205       0x29 CMakeFiles/motor_speed_control.elf.dir/Drivers/STM32F1xx_HAL_Driver/Src/stm32f1xx_hal_gpio.c.obj
 .ARM.attributes
                0x0000022e       0x29 CMakeFiles/motor_speed_control.elf.dir/Drivers/STM32F1xx_HAL_Driver/Src/stm32f1xx_hal_rcc.c.obj
 .ARM.attributes
                0x00000257       0x29 CMakeFiles/motor_speed_control.elf.dir/Drivers/STM32F1xx_HAL_Driver/Src/stm32f1xx_hal_tim.c.obj
 .ARM.attributes
                0x00000280       0x29 CMakeFiles/motor_speed_control.elf.dir/Drivers/STM32F1xx_HAL_Driver/Src/stm32f1xx_hal_tim_ex.c.obj
 .ARM.attributes
                0x000002a9       0x29 CMakeFiles/motor_speed_control.elf.dir/bsp/delay.c.obj
 .ARM.attributes
                0x000002d2       0x29 CMakeFiles/motor_speed_control.elf.dir/bsp/interrupt.c.obj
 .ARM.attributes
                0x000002fb       0x29 CMakeFiles/motor_speed_control.elf.dir/bsp/motor.c.obj
 .ARM.attributes
                0x00000324       0x29 CMakeFiles/motor_speed_control.elf.dir/bsp/oled.c.obj
 .ARM.attributes
                0x0000034d       0x1d E:/STM32CubeCLT_1.18.0/GNU-tools-for-STM32/bin/../lib/gcc/arm-none-eabi/13.3.1/thumb/v7-m/nofp\libgcc.a(_arm_mulsf3.o)
 .ARM.attributes
                0x0000036a       0x1d E:/STM32CubeCLT_1.18.0/GNU-tools-for-STM32/bin/../lib/gcc/arm-none-eabi/13.3.1/thumb/v7-m/nofp\libgcc.a(_arm_addsubdf3.o)
 .ARM.attributes
                0x00000387       0x1d E:/STM32CubeCLT_1.18.0/GNU-tools-for-STM32/bin/../lib/gcc/arm-none-eabi/13.3.1/thumb/v7-m/nofp\libgcc.a(_arm_addsubsf3.o)
 .ARM.attributes
                0x000003a4       0x1d E:/STM32CubeCLT_1.18.0/GNU-tools-for-STM32/bin/../lib/gcc/arm-none-eabi/13.3.1/thumb/v7-m/nofp\libgcc.a(_arm_cmpsf2.o)
 .ARM.attributes
                0x000003c1       0x1d E:/STM32CubeCLT_1.18.0/GNU-tools-for-STM32/bin/../lib/gcc/arm-none-eabi/13.3.1/thumb/v7-m/nofp\libgcc.a(_arm_fixsfsi.o)
 .ARM.attributes
                0x000003de       0x2d E:/STM32CubeCLT_1.18.0/GNU-tools-for-STM32/bin/../lib/gcc/arm-none-eabi/13.3.1/../../../../arm-none-eabi/lib/thumb/v7-m/nofp\libc.a(libc_a-findfp.o)
 .ARM.attributes
                0x0000040b       0x2d E:/STM32CubeCLT_1.18.0/GNU-tools-for-STM32/bin/../lib/gcc/arm-none-eabi/13.3.1/../../../../arm-none-eabi/lib/thumb/v7-m/nofp\libc.a(libc_a-fwalk.o)
 .ARM.attributes
                0x00000438       0x2d E:/STM32CubeCLT_1.18.0/GNU-tools-for-STM32/bin/../lib/gcc/arm-none-eabi/13.3.1/../../../../arm-none-eabi/lib/thumb/v7-m/nofp\libc.a(libc_a-sprintf.o)
 .ARM.attributes
                0x00000465       0x2d E:/STM32CubeCLT_1.18.0/GNU-tools-for-STM32/bin/../lib/gcc/arm-none-eabi/13.3.1/../../../../arm-none-eabi/lib/thumb/v7-m/nofp\libc.a(libc_a-stdio.o)
 .ARM.attributes
                0x00000492       0x2d E:/STM32CubeCLT_1.18.0/GNU-tools-for-STM32/bin/../lib/gcc/arm-none-eabi/13.3.1/../../../../arm-none-eabi/lib/thumb/v7-m/nofp\libc.a(libc_a-memset.o)
 .ARM.attributes
                0x000004bf       0x2d E:/STM32CubeCLT_1.18.0/GNU-tools-for-STM32/bin/../lib/gcc/arm-none-eabi/13.3.1/../../../../arm-none-eabi/lib/thumb/v7-m/nofp\libc.a(libc_a-closer.o)
 .ARM.attributes
                0x000004ec       0x2d E:/STM32CubeCLT_1.18.0/GNU-tools-for-STM32/bin/../lib/gcc/arm-none-eabi/13.3.1/../../../../arm-none-eabi/lib/thumb/v7-m/nofp\libc.a(libc_a-reent.o)
 .ARM.attributes
                0x00000519       0x2d E:/STM32CubeCLT_1.18.0/GNU-tools-for-STM32/bin/../lib/gcc/arm-none-eabi/13.3.1/../../../../arm-none-eabi/lib/thumb/v7-m/nofp\libc.a(libc_a-impure.o)
 .ARM.attributes
                0x00000546       0x2d E:/STM32CubeCLT_1.18.0/GNU-tools-for-STM32/bin/../lib/gcc/arm-none-eabi/13.3.1/../../../../arm-none-eabi/lib/thumb/v7-m/nofp\libc.a(libc_a-lseekr.o)
 .ARM.attributes
                0x00000573       0x2d E:/STM32CubeCLT_1.18.0/GNU-tools-for-STM32/bin/../lib/gcc/arm-none-eabi/13.3.1/../../../../arm-none-eabi/lib/thumb/v7-m/nofp\libc.a(libc_a-readr.o)
 .ARM.attributes
                0x000005a0       0x2d E:/STM32CubeCLT_1.18.0/GNU-tools-for-STM32/bin/../lib/gcc/arm-none-eabi/13.3.1/../../../../arm-none-eabi/lib/thumb/v7-m/nofp\libc.a(libc_a-writer.o)
 .ARM.attributes
                0x000005cd       0x2d E:/STM32CubeCLT_1.18.0/GNU-tools-for-STM32/bin/../lib/gcc/arm-none-eabi/13.3.1/../../../../arm-none-eabi/lib/thumb/v7-m/nofp\libc.a(libc_a-errno.o)
 .ARM.attributes
                0x000005fa       0x2d E:/STM32CubeCLT_1.18.0/GNU-tools-for-STM32/bin/../lib/gcc/arm-none-eabi/13.3.1/../../../../arm-none-eabi/lib/thumb/v7-m/nofp\libc.a(libc_a-init.o)
 .ARM.attributes
                0x00000627       0x2d E:/STM32CubeCLT_1.18.0/GNU-tools-for-STM32/bin/../lib/gcc/arm-none-eabi/13.3.1/../../../../arm-none-eabi/lib/thumb/v7-m/nofp\libc.a(libc_a-lock.o)
 .ARM.attributes
                0x00000654       0x2d E:/STM32CubeCLT_1.18.0/GNU-tools-for-STM32/bin/../lib/gcc/arm-none-eabi/13.3.1/../../../../arm-none-eabi/lib/thumb/v7-m/nofp\libc.a(libc_a-__call_atexit.o)
 .ARM.attributes
                0x00000681       0x2d E:/STM32CubeCLT_1.18.0/GNU-tools-for-STM32/bin/../lib/gcc/arm-none-eabi/13.3.1/../../../../arm-none-eabi/lib/thumb/v7-m/nofp\libc.a(libc_a-atexit.o)
 .ARM.attributes
                0x000006ae       0x2d E:/STM32CubeCLT_1.18.0/GNU-tools-for-STM32/bin/../lib/gcc/arm-none-eabi/13.3.1/../../../../arm-none-eabi/lib/thumb/v7-m/nofp\libc.a(libc_a-freer.o)
 .ARM.attributes
                0x000006db       0x2d E:/STM32CubeCLT_1.18.0/GNU-tools-for-STM32/bin/../lib/gcc/arm-none-eabi/13.3.1/../../../../arm-none-eabi/lib/thumb/v7-m/nofp\libc.a(libc_a-mallocr.o)
 .ARM.attributes
                0x00000708       0x2d E:/STM32CubeCLT_1.18.0/GNU-tools-for-STM32/bin/../lib/gcc/arm-none-eabi/13.3.1/../../../../arm-none-eabi/lib/thumb/v7-m/nofp\libc.a(libc_a-mlock.o)
 .ARM.attributes
                0x00000735       0x2d E:/STM32CubeCLT_1.18.0/GNU-tools-for-STM32/bin/../lib/gcc/arm-none-eabi/13.3.1/../../../../arm-none-eabi/lib/thumb/v7-m/nofp\libc.a(libc_a-svfprintf.o)
 .ARM.attributes
                0x00000762       0x2d E:/STM32CubeCLT_1.18.0/GNU-tools-for-STM32/bin/../lib/gcc/arm-none-eabi/13.3.1/../../../../arm-none-eabi/lib/thumb/v7-m/nofp\libc.a(libc_a-ssprint_r.o)
 .ARM.attributes
                0x0000078f       0x2d E:/STM32CubeCLT_1.18.0/GNU-tools-for-STM32/bin/../lib/gcc/arm-none-eabi/13.3.1/../../../../arm-none-eabi/lib/thumb/v7-m/nofp\libc.a(libc_a-fclose.o)
 .ARM.attributes
                0x000007bc       0x2d E:/STM32CubeCLT_1.18.0/GNU-tools-for-STM32/bin/../lib/gcc/arm-none-eabi/13.3.1/../../../../arm-none-eabi/lib/thumb/v7-m/nofp\libc.a(libc_a-fflush.o)
 .ARM.attributes
                0x000007e9       0x2d E:/STM32CubeCLT_1.18.0/GNU-tools-for-STM32/bin/../lib/gcc/arm-none-eabi/13.3.1/../../../../arm-none-eabi/lib/thumb/v7-m/nofp\libc.a(libc_a-strncpy.o)
 .ARM.attributes
                0x00000816       0x2d E:/STM32CubeCLT_1.18.0/GNU-tools-for-STM32/bin/../lib/gcc/arm-none-eabi/13.3.1/../../../../arm-none-eabi/lib/thumb/v7-m/nofp\libc.a(libc_a-localeconv.o)
 .ARM.attributes
                0x00000843       0x2d E:/STM32CubeCLT_1.18.0/GNU-tools-for-STM32/bin/../lib/gcc/arm-none-eabi/13.3.1/../../../../arm-none-eabi/lib/thumb/v7-m/nofp\libc.a(libc_a-sbrkr.o)
 .ARM.attributes
                0x00000870       0x2d E:/STM32CubeCLT_1.18.0/GNU-tools-for-STM32/bin/../lib/gcc/arm-none-eabi/13.3.1/../../../../arm-none-eabi/lib/thumb/v7-m/nofp\libc.a(libc_a-fini.o)
 .ARM.attributes
                0x0000089d       0x2d E:/STM32CubeCLT_1.18.0/GNU-tools-for-STM32/bin/../lib/gcc/arm-none-eabi/13.3.1/../../../../arm-none-eabi/lib/thumb/v7-m/nofp\libc.a(libc_a-sysconf.o)
 .ARM.attributes
                0x000008ca       0x2d E:/STM32CubeCLT_1.18.0/GNU-tools-for-STM32/bin/../lib/gcc/arm-none-eabi/13.3.1/../../../../arm-none-eabi/lib/thumb/v7-m/nofp\libc.a(libc_a-memchr-stub.o)
 .ARM.attributes
                0x000008f7       0x17 E:/STM32CubeCLT_1.18.0/GNU-tools-for-STM32/bin/../lib/gcc/arm-none-eabi/13.3.1/../../../../arm-none-eabi/lib/thumb/v7-m/nofp\libc.a(libc_a-strlen.o)
 .ARM.attributes
                0x0000090e       0x2d E:/STM32CubeCLT_1.18.0/GNU-tools-for-STM32/bin/../lib/gcc/arm-none-eabi/13.3.1/../../../../arm-none-eabi/lib/thumb/v7-m/nofp\libc.a(libm_a-s_frexp.o)
 .ARM.attributes
                0x0000093b       0x2d E:/STM32CubeCLT_1.18.0/GNU-tools-for-STM32/bin/../lib/gcc/arm-none-eabi/13.3.1/../../../../arm-none-eabi/lib/thumb/v7-m/nofp\libc.a(libc_a-__atexit.o)
 .ARM.attributes
                0x00000968       0x2d E:/STM32CubeCLT_1.18.0/GNU-tools-for-STM32/bin/../lib/gcc/arm-none-eabi/13.3.1/../../../../arm-none-eabi/lib/thumb/v7-m/nofp\libc.a(libc_a-dtoa.o)
 .ARM.attributes
                0x00000995       0x2d E:/STM32CubeCLT_1.18.0/GNU-tools-for-STM32/bin/../lib/gcc/arm-none-eabi/13.3.1/../../../../arm-none-eabi/lib/thumb/v7-m/nofp\libc.a(libc_a-mprec.o)
 .ARM.attributes
                0x000009c2       0x2d E:/STM32CubeCLT_1.18.0/GNU-tools-for-STM32/bin/../lib/gcc/arm-none-eabi/13.3.1/../../../../arm-none-eabi/lib/thumb/v7-m/nofp\libc.a(libc_a-ssputs_r.o)
 .ARM.attributes
                0x000009ef       0x2d E:/STM32CubeCLT_1.18.0/GNU-tools-for-STM32/bin/../lib/gcc/arm-none-eabi/13.3.1/../../../../arm-none-eabi/lib/thumb/v7-m/nofp\libc.a(libc_a-memmove.o)
 .ARM.attributes
                0x00000a1c       0x2d E:/STM32CubeCLT_1.18.0/GNU-tools-for-STM32/bin/../lib/gcc/arm-none-eabi/13.3.1/../../../../arm-none-eabi/lib/thumb/v7-m/nofp\libc.a(libc_a-locale.o)
 .ARM.attributes
                0x00000a49       0x2d E:/STM32CubeCLT_1.18.0/GNU-tools-for-STM32/bin/../lib/gcc/arm-none-eabi/13.3.1/../../../../arm-none-eabi/lib/thumb/v7-m/nofp\libc.a(libc_a-memcpy-stub.o)
 .ARM.attributes
                0x00000a76       0x2d E:/STM32CubeCLT_1.18.0/GNU-tools-for-STM32/bin/../lib/gcc/arm-none-eabi/13.3.1/../../../../arm-none-eabi/lib/thumb/v7-m/nofp\libc.a(libc_a-assert.o)
 .ARM.attributes
                0x00000aa3       0x2d E:/STM32CubeCLT_1.18.0/GNU-tools-for-STM32/bin/../lib/gcc/arm-none-eabi/13.3.1/../../../../arm-none-eabi/lib/thumb/v7-m/nofp\libc.a(libc_a-callocr.o)
 .ARM.attributes
                0x00000ad0       0x2d E:/STM32CubeCLT_1.18.0/GNU-tools-for-STM32/bin/../lib/gcc/arm-none-eabi/13.3.1/../../../../arm-none-eabi/lib/thumb/v7-m/nofp\libc.a(libc_a-mbtowc_r.o)
 .ARM.attributes
                0x00000afd       0x2d E:/STM32CubeCLT_1.18.0/GNU-tools-for-STM32/bin/../lib/gcc/arm-none-eabi/13.3.1/../../../../arm-none-eabi/lib/thumb/v7-m/nofp\libc.a(libc_a-reallocr.o)
 .ARM.attributes
                0x00000b2a       0x2d E:/STM32CubeCLT_1.18.0/GNU-tools-for-STM32/bin/../lib/gcc/arm-none-eabi/13.3.1/../../../../arm-none-eabi/lib/thumb/v7-m/nofp\libc.a(libc_a-wctomb_r.o)
 .ARM.attributes
                0x00000b57       0x2d E:/STM32CubeCLT_1.18.0/GNU-tools-for-STM32/bin/../lib/gcc/arm-none-eabi/13.3.1/../../../../arm-none-eabi/lib/thumb/v7-m/nofp\libc.a(libc_a-ctype_.o)
 .ARM.attributes
                0x00000b84       0x2d E:/STM32CubeCLT_1.18.0/GNU-tools-for-STM32/bin/../lib/gcc/arm-none-eabi/13.3.1/../../../../arm-none-eabi/lib/thumb/v7-m/nofp\libc.a(libc_a-fiprintf.o)
 .ARM.attributes
                0x00000bb1       0x2d E:/STM32CubeCLT_1.18.0/GNU-tools-for-STM32/bin/../lib/gcc/arm-none-eabi/13.3.1/../../../../arm-none-eabi/lib/thumb/v7-m/nofp\libc.a(libc_a-vfiprintf.o)
 .ARM.attributes
                0x00000bde       0x2d E:/STM32CubeCLT_1.18.0/GNU-tools-for-STM32/bin/../lib/gcc/arm-none-eabi/13.3.1/../../../../arm-none-eabi/lib/thumb/v7-m/nofp\libc.a(libc_a-sprint_r.o)
 .ARM.attributes
                0x00000c0b       0x2d E:/STM32CubeCLT_1.18.0/GNU-tools-for-STM32/bin/../lib/gcc/arm-none-eabi/13.3.1/../../../../arm-none-eabi/lib/thumb/v7-m/nofp\libc.a(libc_a-fvwrite.o)
 .ARM.attributes
                0x00000c38       0x2d E:/STM32CubeCLT_1.18.0/GNU-tools-for-STM32/bin/../lib/gcc/arm-none-eabi/13.3.1/../../../../arm-none-eabi/lib/thumb/v7-m/nofp\libc.a(libc_a-wsetup.o)
 .ARM.attributes
                0x00000c65       0x2d E:/STM32CubeCLT_1.18.0/GNU-tools-for-STM32/bin/../lib/gcc/arm-none-eabi/13.3.1/../../../../arm-none-eabi/lib/thumb/v7-m/nofp\libc.a(libc_a-abort.o)
 .ARM.attributes
                0x00000c92       0x2d E:/STM32CubeCLT_1.18.0/GNU-tools-for-STM32/bin/../lib/gcc/arm-none-eabi/13.3.1/../../../../arm-none-eabi/lib/thumb/v7-m/nofp\libc.a(libc_a-makebuf.o)
 .ARM.attributes
                0x00000cbf       0x2d E:/STM32CubeCLT_1.18.0/GNU-tools-for-STM32/bin/../lib/gcc/arm-none-eabi/13.3.1/../../../../arm-none-eabi/lib/thumb/v7-m/nofp\libc.a(libc_a-signal.o)
 .ARM.attributes
                0x00000cec       0x2d E:/STM32CubeCLT_1.18.0/GNU-tools-for-STM32/bin/../lib/gcc/arm-none-eabi/13.3.1/../../../../arm-none-eabi/lib/thumb/v7-m/nofp\libc.a(libc_a-fstatr.o)
 .ARM.attributes
                0x00000d19       0x2d E:/STM32CubeCLT_1.18.0/GNU-tools-for-STM32/bin/../lib/gcc/arm-none-eabi/13.3.1/../../../../arm-none-eabi/lib/thumb/v7-m/nofp\libc.a(libc_a-isattyr.o)
 .ARM.attributes
                0x00000d46       0x2d E:/STM32CubeCLT_1.18.0/GNU-tools-for-STM32/bin/../lib/gcc/arm-none-eabi/13.3.1/../../../../arm-none-eabi/lib/thumb/v7-m/nofp\libc.a(libc_a-signalr.o)
 .ARM.attributes
                0x00000d73       0x1d E:/STM32CubeCLT_1.18.0/GNU-tools-for-STM32/bin/../lib/gcc/arm-none-eabi/13.3.1/thumb/v7-m/nofp\libgcc.a(_arm_muldivdf3.o)
 .ARM.attributes
                0x00000d90       0x1d E:/STM32CubeCLT_1.18.0/GNU-tools-for-STM32/bin/../lib/gcc/arm-none-eabi/13.3.1/thumb/v7-m/nofp\libgcc.a(_arm_cmpdf2.o)
 .ARM.attributes
                0x00000dad       0x1d E:/STM32CubeCLT_1.18.0/GNU-tools-for-STM32/bin/../lib/gcc/arm-none-eabi/13.3.1/thumb/v7-m/nofp\libgcc.a(_arm_unorddf2.o)
 .ARM.attributes
                0x00000dca       0x1d E:/STM32CubeCLT_1.18.0/GNU-tools-for-STM32/bin/../lib/gcc/arm-none-eabi/13.3.1/thumb/v7-m/nofp\libgcc.a(_arm_fixdfsi.o)
 .ARM.attributes
                0x00000de7       0x1d E:/STM32CubeCLT_1.18.0/GNU-tools-for-STM32/bin/../lib/gcc/arm-none-eabi/13.3.1/thumb/v7-m/nofp\libgcc.a(_aeabi_uldivmod.o)
 .ARM.attributes
                0x00000e04       0x2d E:/STM32CubeCLT_1.18.0/GNU-tools-for-STM32/bin/../lib/gcc/arm-none-eabi/13.3.1/thumb/v7-m/nofp\libgcc.a(_udivmoddi4.o)
 .ARM.attributes
                0x00000e31       0x1d E:/STM32CubeCLT_1.18.0/GNU-tools-for-STM32/bin/../lib/gcc/arm-none-eabi/13.3.1/thumb/v7-m/nofp\libgcc.a(_dvmd_tls.o)
 .ARM.attributes
                0x00000e4e       0x1d E:/STM32CubeCLT_1.18.0/GNU-tools-for-STM32/bin/../lib/gcc/arm-none-eabi/13.3.1/thumb/v7-m/nofp/crtn.o
OUTPUT(motor_speed_control.elf elf32-littlearm)
LOAD linker stubs
LOAD E:/STM32CubeCLT_1.18.0/GNU-tools-for-STM32/bin/../lib/gcc/arm-none-eabi/13.3.1/../../../../arm-none-eabi/lib/thumb/v7-m/nofp\libc.a
LOAD E:/STM32CubeCLT_1.18.0/GNU-tools-for-STM32/bin/../lib/gcc/arm-none-eabi/13.3.1/../../../../arm-none-eabi/lib/thumb/v7-m/nofp\libm.a
LOAD E:/STM32CubeCLT_1.18.0/GNU-tools-for-STM32/bin/../lib/gcc/arm-none-eabi/13.3.1/thumb/v7-m/nofp\libgcc.a

.comment        0x00000000       0x43
 .comment       0x00000000       0x43 CMakeFiles/motor_speed_control.elf.dir/Core/Src/gpio.c.obj
                                 0x44 (size before relaxing)
 .comment       0x00000043       0x44 CMakeFiles/motor_speed_control.elf.dir/Core/Src/main.c.obj
 .comment       0x00000043       0x44 CMakeFiles/motor_speed_control.elf.dir/Core/Src/stm32f1xx_hal_msp.c.obj
 .comment       0x00000043       0x44 CMakeFiles/motor_speed_control.elf.dir/Core/Src/stm32f1xx_it.c.obj
 .comment       0x00000043       0x44 CMakeFiles/motor_speed_control.elf.dir/Core/Src/syscalls.c.obj
 .comment       0x00000043       0x44 CMakeFiles/motor_speed_control.elf.dir/Core/Src/sysmem.c.obj
 .comment       0x00000043       0x44 CMakeFiles/motor_speed_control.elf.dir/Core/Src/system_stm32f1xx.c.obj
 .comment       0x00000043       0x44 CMakeFiles/motor_speed_control.elf.dir/Core/Src/tim.c.obj
 .comment       0x00000043       0x44 CMakeFiles/motor_speed_control.elf.dir/Drivers/STM32F1xx_HAL_Driver/Src/stm32f1xx_hal.c.obj
 .comment       0x00000043       0x44 CMakeFiles/motor_speed_control.elf.dir/Drivers/STM32F1xx_HAL_Driver/Src/stm32f1xx_hal_cortex.c.obj
 .comment       0x00000043       0x44 CMakeFiles/motor_speed_control.elf.dir/Drivers/STM32F1xx_HAL_Driver/Src/stm32f1xx_hal_gpio.c.obj
 .comment       0x00000043       0x44 CMakeFiles/motor_speed_control.elf.dir/Drivers/STM32F1xx_HAL_Driver/Src/stm32f1xx_hal_rcc.c.obj
 .comment       0x00000043       0x44 CMakeFiles/motor_speed_control.elf.dir/Drivers/STM32F1xx_HAL_Driver/Src/stm32f1xx_hal_tim.c.obj
 .comment       0x00000043       0x44 CMakeFiles/motor_speed_control.elf.dir/Drivers/STM32F1xx_HAL_Driver/Src/stm32f1xx_hal_tim_ex.c.obj
 .comment       0x00000043       0x44 CMakeFiles/motor_speed_control.elf.dir/bsp/delay.c.obj
 .comment       0x00000043       0x44 CMakeFiles/motor_speed_control.elf.dir/bsp/interrupt.c.obj
 .comment       0x00000043       0x44 CMakeFiles/motor_speed_control.elf.dir/bsp/motor.c.obj
 .comment       0x00000043       0x44 CMakeFiles/motor_speed_control.elf.dir/bsp/oled.c.obj

.debug_frame    0x00000000     0x142c
 .debug_frame   0x00000000       0x24 E:/STM32CubeCLT_1.18.0/GNU-tools-for-STM32/bin/../lib/gcc/arm-none-eabi/13.3.1/thumb/v7-m/nofp\libgcc.a(_arm_mulsf3.o)
 .debug_frame   0x00000024       0xac E:/STM32CubeCLT_1.18.0/GNU-tools-for-STM32/bin/../lib/gcc/arm-none-eabi/13.3.1/thumb/v7-m/nofp\libgcc.a(_arm_addsubdf3.o)
 .debug_frame   0x000000d0       0x4c E:/STM32CubeCLT_1.18.0/GNU-tools-for-STM32/bin/../lib/gcc/arm-none-eabi/13.3.1/thumb/v7-m/nofp\libgcc.a(_arm_addsubsf3.o)
 .debug_frame   0x0000011c       0xc8 E:/STM32CubeCLT_1.18.0/GNU-tools-for-STM32/bin/../lib/gcc/arm-none-eabi/13.3.1/thumb/v7-m/nofp\libgcc.a(_arm_cmpsf2.o)
 .debug_frame   0x000001e4       0x24 E:/STM32CubeCLT_1.18.0/GNU-tools-for-STM32/bin/../lib/gcc/arm-none-eabi/13.3.1/thumb/v7-m/nofp\libgcc.a(_arm_fixsfsi.o)
 .debug_frame   0x00000208      0x144 E:/STM32CubeCLT_1.18.0/GNU-tools-for-STM32/bin/../lib/gcc/arm-none-eabi/13.3.1/../../../../arm-none-eabi/lib/thumb/v7-m/nofp\libc.a(libc_a-findfp.o)
 .debug_frame   0x0000034c       0x34 E:/STM32CubeCLT_1.18.0/GNU-tools-for-STM32/bin/../lib/gcc/arm-none-eabi/13.3.1/../../../../arm-none-eabi/lib/thumb/v7-m/nofp\libc.a(libc_a-fwalk.o)
 .debug_frame   0x00000380       0x74 E:/STM32CubeCLT_1.18.0/GNU-tools-for-STM32/bin/../lib/gcc/arm-none-eabi/13.3.1/../../../../arm-none-eabi/lib/thumb/v7-m/nofp\libc.a(libc_a-sprintf.o)
 .debug_frame   0x000003f4       0x88 E:/STM32CubeCLT_1.18.0/GNU-tools-for-STM32/bin/../lib/gcc/arm-none-eabi/13.3.1/../../../../arm-none-eabi/lib/thumb/v7-m/nofp\libc.a(libc_a-stdio.o)
 .debug_frame   0x0000047c       0x20 E:/STM32CubeCLT_1.18.0/GNU-tools-for-STM32/bin/../lib/gcc/arm-none-eabi/13.3.1/../../../../arm-none-eabi/lib/thumb/v7-m/nofp\libc.a(libc_a-memset.o)
 .debug_frame   0x0000049c       0x2c E:/STM32CubeCLT_1.18.0/GNU-tools-for-STM32/bin/../lib/gcc/arm-none-eabi/13.3.1/../../../../arm-none-eabi/lib/thumb/v7-m/nofp\libc.a(libc_a-closer.o)
 .debug_frame   0x000004c8       0x38 E:/STM32CubeCLT_1.18.0/GNU-tools-for-STM32/bin/../lib/gcc/arm-none-eabi/13.3.1/../../../../arm-none-eabi/lib/thumb/v7-m/nofp\libc.a(libc_a-reent.o)
 .debug_frame   0x00000500       0x2c E:/STM32CubeCLT_1.18.0/GNU-tools-for-STM32/bin/../lib/gcc/arm-none-eabi/13.3.1/../../../../arm-none-eabi/lib/thumb/v7-m/nofp\libc.a(libc_a-lseekr.o)
 .debug_frame   0x0000052c       0x2c E:/STM32CubeCLT_1.18.0/GNU-tools-for-STM32/bin/../lib/gcc/arm-none-eabi/13.3.1/../../../../arm-none-eabi/lib/thumb/v7-m/nofp\libc.a(libc_a-readr.o)
 .debug_frame   0x00000558       0x2c E:/STM32CubeCLT_1.18.0/GNU-tools-for-STM32/bin/../lib/gcc/arm-none-eabi/13.3.1/../../../../arm-none-eabi/lib/thumb/v7-m/nofp\libc.a(libc_a-writer.o)
 .debug_frame   0x00000584       0x20 E:/STM32CubeCLT_1.18.0/GNU-tools-for-STM32/bin/../lib/gcc/arm-none-eabi/13.3.1/../../../../arm-none-eabi/lib/thumb/v7-m/nofp\libc.a(libc_a-errno.o)
 .debug_frame   0x000005a4       0x2c E:/STM32CubeCLT_1.18.0/GNU-tools-for-STM32/bin/../lib/gcc/arm-none-eabi/13.3.1/../../../../arm-none-eabi/lib/thumb/v7-m/nofp\libc.a(libc_a-init.o)
 .debug_frame   0x000005d0       0xb0 E:/STM32CubeCLT_1.18.0/GNU-tools-for-STM32/bin/../lib/gcc/arm-none-eabi/13.3.1/../../../../arm-none-eabi/lib/thumb/v7-m/nofp\libc.a(libc_a-lock.o)
 .debug_frame   0x00000680       0x58 E:/STM32CubeCLT_1.18.0/GNU-tools-for-STM32/bin/../lib/gcc/arm-none-eabi/13.3.1/../../../../arm-none-eabi/lib/thumb/v7-m/nofp\libc.a(libc_a-__call_atexit.o)
 .debug_frame   0x000006d8       0x20 E:/STM32CubeCLT_1.18.0/GNU-tools-for-STM32/bin/../lib/gcc/arm-none-eabi/13.3.1/../../../../arm-none-eabi/lib/thumb/v7-m/nofp\libc.a(libc_a-atexit.o)
 .debug_frame   0x000006f8       0x60 E:/STM32CubeCLT_1.18.0/GNU-tools-for-STM32/bin/../lib/gcc/arm-none-eabi/13.3.1/../../../../arm-none-eabi/lib/thumb/v7-m/nofp\libc.a(libc_a-freer.o)
 .debug_frame   0x00000758       0x40 E:/STM32CubeCLT_1.18.0/GNU-tools-for-STM32/bin/../lib/gcc/arm-none-eabi/13.3.1/../../../../arm-none-eabi/lib/thumb/v7-m/nofp\libc.a(libc_a-mallocr.o)
 .debug_frame   0x00000798       0x30 E:/STM32CubeCLT_1.18.0/GNU-tools-for-STM32/bin/../lib/gcc/arm-none-eabi/13.3.1/../../../../arm-none-eabi/lib/thumb/v7-m/nofp\libc.a(libc_a-mlock.o)
 .debug_frame   0x000007c8       0x44 E:/STM32CubeCLT_1.18.0/GNU-tools-for-STM32/bin/../lib/gcc/arm-none-eabi/13.3.1/../../../../arm-none-eabi/lib/thumb/v7-m/nofp\libc.a(libc_a-svfprintf.o)
 .debug_frame   0x0000080c       0x30 E:/STM32CubeCLT_1.18.0/GNU-tools-for-STM32/bin/../lib/gcc/arm-none-eabi/13.3.1/../../../../arm-none-eabi/lib/thumb/v7-m/nofp\libc.a(libc_a-ssprint_r.o)
 .debug_frame   0x0000083c       0x3c E:/STM32CubeCLT_1.18.0/GNU-tools-for-STM32/bin/../lib/gcc/arm-none-eabi/13.3.1/../../../../arm-none-eabi/lib/thumb/v7-m/nofp\libc.a(libc_a-fclose.o)
 .debug_frame   0x00000878       0x5c E:/STM32CubeCLT_1.18.0/GNU-tools-for-STM32/bin/../lib/gcc/arm-none-eabi/13.3.1/../../../../arm-none-eabi/lib/thumb/v7-m/nofp\libc.a(libc_a-fflush.o)
 .debug_frame   0x000008d4       0x28 E:/STM32CubeCLT_1.18.0/GNU-tools-for-STM32/bin/../lib/gcc/arm-none-eabi/13.3.1/../../../../arm-none-eabi/lib/thumb/v7-m/nofp\libc.a(libc_a-strncpy.o)
 .debug_frame   0x000008fc       0x40 E:/STM32CubeCLT_1.18.0/GNU-tools-for-STM32/bin/../lib/gcc/arm-none-eabi/13.3.1/../../../../arm-none-eabi/lib/thumb/v7-m/nofp\libc.a(libc_a-localeconv.o)
 .debug_frame   0x0000093c       0x2c E:/STM32CubeCLT_1.18.0/GNU-tools-for-STM32/bin/../lib/gcc/arm-none-eabi/13.3.1/../../../../arm-none-eabi/lib/thumb/v7-m/nofp\libc.a(libc_a-sbrkr.o)
 .debug_frame   0x00000968       0x38 E:/STM32CubeCLT_1.18.0/GNU-tools-for-STM32/bin/../lib/gcc/arm-none-eabi/13.3.1/../../../../arm-none-eabi/lib/thumb/v7-m/nofp\libc.a(libc_a-fini.o)
 .debug_frame   0x000009a0       0x28 E:/STM32CubeCLT_1.18.0/GNU-tools-for-STM32/bin/../lib/gcc/arm-none-eabi/13.3.1/../../../../arm-none-eabi/lib/thumb/v7-m/nofp\libc.a(libc_a-sysconf.o)
 .debug_frame   0x000009c8       0x28 E:/STM32CubeCLT_1.18.0/GNU-tools-for-STM32/bin/../lib/gcc/arm-none-eabi/13.3.1/../../../../arm-none-eabi/lib/thumb/v7-m/nofp\libc.a(libc_a-memchr-stub.o)
 .debug_frame   0x000009f0       0x30 E:/STM32CubeCLT_1.18.0/GNU-tools-for-STM32/bin/../lib/gcc/arm-none-eabi/13.3.1/../../../../arm-none-eabi/lib/thumb/v7-m/nofp\libc.a(libm_a-s_frexp.o)
 .debug_frame   0x00000a20       0x34 E:/STM32CubeCLT_1.18.0/GNU-tools-for-STM32/bin/../lib/gcc/arm-none-eabi/13.3.1/../../../../arm-none-eabi/lib/thumb/v7-m/nofp\libc.a(libc_a-__atexit.o)
 .debug_frame   0x00000a54       0x6c E:/STM32CubeCLT_1.18.0/GNU-tools-for-STM32/bin/../lib/gcc/arm-none-eabi/13.3.1/../../../../arm-none-eabi/lib/thumb/v7-m/nofp\libc.a(libc_a-dtoa.o)
 .debug_frame   0x00000ac0      0x24c E:/STM32CubeCLT_1.18.0/GNU-tools-for-STM32/bin/../lib/gcc/arm-none-eabi/13.3.1/../../../../arm-none-eabi/lib/thumb/v7-m/nofp\libc.a(libc_a-mprec.o)
 .debug_frame   0x00000d0c       0x34 E:/STM32CubeCLT_1.18.0/GNU-tools-for-STM32/bin/../lib/gcc/arm-none-eabi/13.3.1/../../../../arm-none-eabi/lib/thumb/v7-m/nofp\libc.a(libc_a-ssputs_r.o)
 .debug_frame   0x00000d40       0x28 E:/STM32CubeCLT_1.18.0/GNU-tools-for-STM32/bin/../lib/gcc/arm-none-eabi/13.3.1/../../../../arm-none-eabi/lib/thumb/v7-m/nofp\libc.a(libc_a-memmove.o)
 .debug_frame   0x00000d68       0x48 E:/STM32CubeCLT_1.18.0/GNU-tools-for-STM32/bin/../lib/gcc/arm-none-eabi/13.3.1/../../../../arm-none-eabi/lib/thumb/v7-m/nofp\libc.a(libc_a-locale.o)
 .debug_frame   0x00000db0       0x28 E:/STM32CubeCLT_1.18.0/GNU-tools-for-STM32/bin/../lib/gcc/arm-none-eabi/13.3.1/../../../../arm-none-eabi/lib/thumb/v7-m/nofp\libc.a(libc_a-memcpy-stub.o)
 .debug_frame   0x00000dd8       0x40 E:/STM32CubeCLT_1.18.0/GNU-tools-for-STM32/bin/../lib/gcc/arm-none-eabi/13.3.1/../../../../arm-none-eabi/lib/thumb/v7-m/nofp\libc.a(libc_a-assert.o)
 .debug_frame   0x00000e18       0x2c E:/STM32CubeCLT_1.18.0/GNU-tools-for-STM32/bin/../lib/gcc/arm-none-eabi/13.3.1/../../../../arm-none-eabi/lib/thumb/v7-m/nofp\libc.a(libc_a-callocr.o)