Archive member included to satisfy reference by file (symbol)

E:/STM32CubeCLT_1.18.0/GNU-tools-for-STM32/bin/../lib/gcc/arm-none-eabi/13.3.1/thumb/v7-m/nofp\libgcc.a(_arm_mulsf3.o)
                              CMakeFiles/motor_speed_control.elf.dir/bsp/motor.c.obj (__aeabi_fmul)
E:/STM32CubeCLT_1.18.0/GNU-tools-for-STM32/bin/../lib/gcc/arm-none-eabi/13.3.1/thumb/v7-m/nofp\libgcc.a(_arm_addsubdf3.o)
                              CMakeFiles/motor_speed_control.elf.dir/Core/Src/main.c.obj (__aeabi_f2d)
E:/STM32CubeCLT_1.18.0/GNU-tools-for-STM32/bin/../lib/gcc/arm-none-eabi/13.3.1/thumb/v7-m/nofp\libgcc.a(_arm_addsubsf3.o)
                              CMakeFiles/motor_speed_control.elf.dir/bsp/motor.c.obj (__aeabi_fsub)
E:/STM32CubeCLT_1.18.0/GNU-tools-for-STM32/bin/../lib/gcc/arm-none-eabi/13.3.1/thumb/v7-m/nofp\libgcc.a(_arm_muldivsf3.o)
                              CMakeFiles/motor_speed_control.elf.dir/bsp/motor.c.obj (__aeabi_fdiv)
E:/STM32CubeCLT_1.18.0/GNU-tools-for-STM32/bin/../lib/gcc/arm-none-eabi/13.3.1/thumb/v7-m/nofp\libgcc.a(_arm_cmpsf2.o)
                              CMakeFiles/motor_speed_control.elf.dir/bsp/motor.c.obj (__aeabi_fcmplt)
E:/STM32CubeCLT_1.18.0/GNU-tools-for-STM32/bin/../lib/gcc/arm-none-eabi/13.3.1/thumb/v7-m/nofp\libgcc.a(_arm_fixsfsi.o)
                              CMakeFiles/motor_speed_control.elf.dir/bsp/motor.c.obj (__aeabi_f2iz)
E:/STM32CubeCLT_1.18.0/GNU-tools-for-STM32/bin/../lib/gcc/arm-none-eabi/13.3.1/../../../../arm-none-eabi/lib/thumb/v7-m/nofp\libc.a(libc_a-exit.o)
                              E:/STM32CubeCLT_1.18.0/GNU-tools-for-STM32/bin/../lib/gcc/arm-none-eabi/13.3.1/../../../../arm-none-eabi/lib/thumb/v7-m/nofp/crt0.o (exit)
E:/STM32CubeCLT_1.18.0/GNU-tools-for-STM32/bin/../lib/gcc/arm-none-eabi/13.3.1/../../../../arm-none-eabi/lib/thumb/v7-m/nofp\libc.a(libc_a-findfp.o)
                              E:/STM32CubeCLT_1.18.0/GNU-tools-for-STM32/bin/../lib/gcc/arm-none-eabi/13.3.1/../../../../arm-none-eabi/lib/thumb/v7-m/nofp\libc.a(libc_a-exit.o) (__stdio_exit_handler)
E:/STM32CubeCLT_1.18.0/GNU-tools-for-STM32/bin/../lib/gcc/arm-none-eabi/13.3.1/../../../../arm-none-eabi/lib/thumb/v7-m/nofp\libc.a(libc_a-fwalk.o)
                              E:/STM32CubeCLT_1.18.0/GNU-tools-for-STM32/bin/../lib/gcc/arm-none-eabi/13.3.1/../../../../arm-none-eabi/lib/thumb/v7-m/nofp\libc.a(libc_a-findfp.o) (_fwalk_sglue)
E:/STM32CubeCLT_1.18.0/GNU-tools-for-STM32/bin/../lib/gcc/arm-none-eabi/13.3.1/../../../../arm-none-eabi/lib/thumb/v7-m/nofp\libc.a(libc_a-sprintf.o)
                              CMakeFiles/motor_speed_control.elf.dir/Core/Src/main.c.obj (sprintf)
E:/STM32CubeCLT_1.18.0/GNU-tools-for-STM32/bin/../lib/gcc/arm-none-eabi/13.3.1/../../../../arm-none-eabi/lib/thumb/v7-m/nofp\libc.a(libc_a-stdio.o)
                              E:/STM32CubeCLT_1.18.0/GNU-tools-for-STM32/bin/../lib/gcc/arm-none-eabi/13.3.1/../../../../arm-none-eabi/lib/thumb/v7-m/nofp\libc.a(libc_a-findfp.o) (__sread)
E:/STM32CubeCLT_1.18.0/GNU-tools-for-STM32/bin/../lib/gcc/arm-none-eabi/13.3.1/../../../../arm-none-eabi/lib/thumb/v7-m/nofp\libc.a(libc_a-memset.o)
                              E:/STM32CubeCLT_1.18.0/GNU-tools-for-STM32/bin/../lib/gcc/arm-none-eabi/13.3.1/../../../../arm-none-eabi/lib/thumb/v7-m/nofp/crt0.o (memset)
E:/STM32CubeCLT_1.18.0/GNU-tools-for-STM32/bin/../lib/gcc/arm-none-eabi/13.3.1/../../../../arm-none-eabi/lib/thumb/v7-m/nofp\libc.a(libc_a-closer.o)
                              E:/STM32CubeCLT_1.18.0/GNU-tools-for-STM32/bin/../lib/gcc/arm-none-eabi/13.3.1/../../../../arm-none-eabi/lib/thumb/v7-m/nofp\libc.a(libc_a-stdio.o) (_close_r)
E:/STM32CubeCLT_1.18.0/GNU-tools-for-STM32/bin/../lib/gcc/arm-none-eabi/13.3.1/../../../../arm-none-eabi/lib/thumb/v7-m/nofp\libc.a(libc_a-reent.o)
                              E:/STM32CubeCLT_1.18.0/GNU-tools-for-STM32/bin/../lib/gcc/arm-none-eabi/13.3.1/../../../../arm-none-eabi/lib/thumb/v7-m/nofp\libc.a(libc_a-closer.o) (errno)
E:/STM32CubeCLT_1.18.0/GNU-tools-for-STM32/bin/../lib/gcc/arm-none-eabi/13.3.1/../../../../arm-none-eabi/lib/thumb/v7-m/nofp\libc.a(libc_a-impure.o)
                              E:/STM32CubeCLT_1.18.0/GNU-tools-for-STM32/bin/../lib/gcc/arm-none-eabi/13.3.1/../../../../arm-none-eabi/lib/thumb/v7-m/nofp\libc.a(libc_a-sprintf.o) (_impure_ptr)
E:/STM32CubeCLT_1.18.0/GNU-tools-for-STM32/bin/../lib/gcc/arm-none-eabi/13.3.1/../../../../arm-none-eabi/lib/thumb/v7-m/nofp\libc.a(libc_a-lseekr.o)
                              E:/STM32CubeCLT_1.18.0/GNU-tools-for-STM32/bin/../lib/gcc/arm-none-eabi/13.3.1/../../../../arm-none-eabi/lib/thumb/v7-m/nofp\libc.a(libc_a-stdio.o) (_lseek_r)
E:/STM32CubeCLT_1.18.0/GNU-tools-for-STM32/bin/../lib/gcc/arm-none-eabi/13.3.1/../../../../arm-none-eabi/lib/thumb/v7-m/nofp\libc.a(libc_a-readr.o)
                              E:/STM32CubeCLT_1.18.0/GNU-tools-for-STM32/bin/../lib/gcc/arm-none-eabi/13.3.1/../../../../arm-none-eabi/lib/thumb/v7-m/nofp\libc.a(libc_a-stdio.o) (_read_r)
[...]
Memory Configuration

Name             Origin             Length             Attributes
RAM              0x20000000         0x00010000         xrw
FLASH            0x08000000         0x00080000         xr
*default*        0x00000000         0xffffffff

Linker script and memory map

LOAD E:/STM32CubeCLT_1.18.0/GNU-tools-for-STM32/bin/../lib/gcc/arm-none-eabi/13.3.1/thumb/v7-m/nofp/crti.o
LOAD E:/STM32CubeCLT_1.18.0/GNU-tools-for-STM32/bin/../lib/gcc/arm-none-eabi/13.3.1/thumb/v7-m/nofp/crtbegin.o
LOAD E:/STM32CubeCLT_1.18.0/GNU-tools-for-STM32/bin/../lib/gcc/arm-none-eabi/13.3.1/../../../../arm-none-eabi/lib/thumb/v7-m/nofp/crt0.o
LOAD CMakeFiles/motor_speed_control.elf.dir/Core/Src/gpio.c.obj
LOAD CMakeFiles/motor_speed_control.elf.dir/Core/Src/main.c.obj
LOAD CMakeFiles/motor_speed_control.elf.dir/Core/Src/stm32f1xx_hal_msp.c.obj
LOAD CMakeFiles/motor_speed_control.elf.dir/Core/Src/stm32f1xx_it.c.obj
LOAD CMakeFiles/motor_speed_control.elf.dir/Core/Src/syscalls.c.obj
LOAD CMakeFiles/motor_speed_control.elf.dir/Core/Src/sysmem.c.obj
LOAD CMakeFiles/motor_speed_control.elf.dir/Core/Src/system_stm32f1xx.c.obj
LOAD CMakeFiles/motor_speed_control.elf.dir/Core/Src/tim.c.obj
LOAD CMakeFiles/motor_speed_control.elf.dir/Core/Startup/startup_stm32f103vetx.s.obj
LOAD CMakeFiles/motor_speed_control.elf.dir/Drivers/STM32F1xx_HAL_Driver/Src/stm32f1xx_hal.c.obj
LOAD CMakeFiles/motor_speed_control.elf.dir/Drivers/STM32F1xx_HAL_Driver/Src/stm32f1xx_hal_cortex.c.obj
LOAD CMakeFiles/motor_speed_control.elf.dir/Drivers/STM32F1xx_HAL_Driver/Src/stm32f1xx_hal_dma.c.obj
LOAD CMakeFiles/motor_speed_control.elf.dir/Drivers/STM32F1xx_HAL_Driver/Src/stm32f1xx_hal_exti.c.obj
LOAD CMakeFiles/motor_speed_control.elf.dir/Drivers/STM32F1xx_HAL_Driver/Src/stm32f1xx_hal_flash.c.obj
LOAD CMakeFiles/motor_speed_control.elf.dir/Drivers/STM32F1xx_HAL_Driver/Src/stm32f1xx_hal_flash_ex.c.obj
LOAD CMakeFiles/motor_speed_control.elf.dir/Drivers/STM32F1xx_HAL_Driver/Src/stm32f1xx_hal_gpio.c.obj
LOAD CMakeFiles/motor_speed_control.elf.dir/Drivers/STM32F1xx_HAL_Driver/Src/stm32f1xx_hal_gpio_ex.c.obj
LOAD CMakeFiles/motor_speed_control.elf.dir/Drivers/STM32F1xx_HAL_Driver/Src/stm32f1xx_hal_pwr.c.obj
LOAD CMakeFiles/motor_speed_control.elf.dir/Drivers/STM32F1xx_HAL_Driver/Src/stm32f1xx_hal_rcc.c.obj
LOAD CMakeFiles/motor_speed_control.elf.dir/Drivers/STM32F1xx_HAL_Driver/Src/stm32f1xx_hal_rcc_ex.c.obj
LOAD CMakeFiles/motor_speed_control.elf.dir/Drivers/STM32F1xx_HAL_Driver/Src/stm32f1xx_hal_tim.c.obj
LOAD CMakeFiles/motor_speed_control.elf.dir/Drivers/STM32F1xx_HAL_Driver/Src/stm32f1xx_hal_tim_ex.c.obj
LOAD CMakeFiles/motor_speed_control.elf.dir/bsp/delay.c.obj
LOAD CMakeFiles/motor_speed_control.elf.dir/bsp/interrupt.c.obj
LOAD CMakeFiles/motor_speed_control.elf.dir/bsp/motor.c.obj
LOAD CMakeFiles/motor_speed_control.elf.dir/bsp/oled.c.obj
LOAD CMakeFiles/motor_speed_control.elf.dir/bsp/speed_planning.c.obj
LOAD CMakeFiles/motor_speed_control.elf.dir/bsp/sys.c.obj
START GROUP
LOAD E:/STM32CubeCLT_1.18.0/GNU-tools-for-STM32/bin/../lib/gcc/arm-none-eabi/13.3.1/thumb/v7-m/nofp\libgcc.a
LOAD E:/STM32CubeCLT_1.18.0/GNU-tools-for-STM32/bin/../lib/gcc/arm-none-eabi/13.3.1/../../../../arm-none-eabi/lib/thumb/v7-m/nofp\libc.a
END GROUP
LOAD E:/STM32CubeCLT_1.18.0/GNU-tools-for-STM32/bin/../lib/gcc/arm-none-eabi/13.3.1/thumb/v7-m/nofp/crtend.o
LOAD E:/STM32CubeCLT_1.18.0/GNU-tools-for-STM32/bin/../lib/gcc/arm-none-eabi/13.3.1/thumb/v7-m/nofp/crtn.o
                0x20010000                        _estack = (ORIGIN (RAM) + LENGTH (RAM))
                0x00000200                        _Min_Heap_Size = 0x200
                0x00000400                        _Min_Stack_Size = 0x400

.isr_vector     0x08000000      0x1e4
                0x08000000                        . = ALIGN (0x4)
 *(.isr_vector)
 .isr_vector    0x08000000      0x1e4 CMakeFiles/motor_speed_control.elf.dir/Core/Startup/startup_stm32f103vetx.s.obj
                0x08000000                g_pfnVectors
                0x080001e4                        . = ALIGN (0x4)

.text           0x080001e8     0x8fe4
                0x080001e8                        . = ALIGN (0x4)
 *(.text)
 .text          0x080001e8       0x40 E:/STM32CubeCLT_1.18.0/GNU-tools-for-STM32/bin/../lib/gcc/arm-none-eabi/13.3.1/thumb/v7-m/nofp/crtbegin.o
 .text          0x08000228      0x378 E:/STM32CubeCLT_1.18.0/GNU-tools-for-STM32/bin/../lib/gcc/arm-none-eabi/13.3.1/thumb/v7-m/nofp\libgcc.a(_arm_addsubdf3.o)
                0x08000228                __aeabi_drsub
                0x08000230                __aeabi_dsub
                0x08000230                __subdf3
                0x08000234                __aeabi_dadd
                0x08000234                __adddf3
                0x080004ac                __floatunsidf
                0x080004ac                __aeabi_ui2d
                0x080004cc                __floatsidf
                0x080004cc                __aeabi_i2d
                0x080004f0                __aeabi_f2d
                0x080004f0                __extendsfdf2
                0x08000534                __floatundidf
                0x08000534                __aeabi_ul2d
                0x08000544                __floatdidf
                0x08000544                __aeabi_l2d
 .text          0x080005a0      0x21c E:/STM32CubeCLT_1.18.0/GNU-tools-for-STM32/bin/../lib/gcc/arm-none-eabi/13.3.1/thumb/v7-m/nofp\libgcc.a(_arm_addsubsf3.o)
                0x080005a0                __aeabi_frsub
                0x080005a8                __subsf3
                0x080005a8                __aeabi_fsub
                0x080005ac                __aeabi_fadd
                0x080005ac                __addsf3
                0x0800070c                __aeabi_ui2f
                0x0800070c                __floatunsisf
                0x08000714                __aeabi_i2f
                0x08000714                __floatsisf
                0x08000730                __aeabi_ul2f
                0x08000730                __floatundisf
                0x08000740                __aeabi_l2f
                0x08000740                __floatdisf
 .text          0x080007bc      0x2a0 E:/STM32CubeCLT_1.18.0/GNU-tools-for-STM32/bin/../lib/gcc/arm-none-eabi/13.3.1/thumb/v7-m/nofp\libgcc.a(_arm_muldivsf3.o)
                0x080007bc                __mulsf3
                0x080007bc                __aeabi_fmul
                0x08000924                __aeabi_fdiv
                0x08000924                __divsf3
 .text          0x08000a5c       0xec E:/STM32CubeCLT_1.18.0/GNU-tools-for-STM32/bin/../lib/gcc/arm-none-eabi/13.3.1/thumb/v7-m/nofp\libgcc.a(_arm_cmpsf2.o)
                0x08000a5c                __gesf2
                0x08000a5c                __gtsf2
                0x08000a64                __lesf2
                0x08000a64                __ltsf2
                0x08000a6c                __nesf2
                0x08000a6c                __eqsf2
                0x08000a6c                __cmpsf2
                0x08000acc                __aeabi_cfrcmple
                0x08000ad4                __aeabi_cfcmpeq
                0x08000ad4                __aeabi_cfcmple
                0x08000ae4                __aeabi_fcmpeq
                0x08000af8                __aeabi_fcmplt
                0x08000b0c                __aeabi_fcmple
                0x08000b20                __aeabi_fcmpge
                0x08000b34                __aeabi_fcmpgt
 .text          0x08000b48       0x4c E:/STM32CubeCLT_1.18.0/GNU-tools-for-STM32/bin/../lib/gcc/arm-none-eabi/13.3.1/thumb/v7-m/nofp\libgcc.a(_arm_fixsfsi.o)
                0x08000b48                __aeabi_f2iz
                0x08000b48                __fixsfsi
 .text          0x08000b94       0x10 E:/STM32CubeCLT_1.18.0/GNU-tools-for-STM32/bin/../lib/gcc/arm-none-eabi/13.3.1/../../../../arm-none-eabi/lib/thumb/v7-m/nofp\libc.a(libc_a-strlen.o)
                0x08000b94                strlen
 .text          0x08000ba4      0x424 E:/STM32CubeCLT_1.18.0/GNU-tools-for-STM32/bin/../lib/gcc/arm-none-eabi/13.3.1/thumb/v7-m/nofp\libgcc.a(_arm_muldivdf3.o)
                0x08000ba4                __aeabi_dmul
                0x08000ba4                __muldf3
                0x08000df8                __divdf3
                0x08000df8                __aeabi_ddiv
 .text          0x08000fc8      0x110 E:/STM32CubeCLT_1.18.0/GNU-tools-for-STM32/bin/../lib/gcc/arm-none-eabi/13.3.1/thumb/v7-m/nofp\libgcc.a(_arm_cmpdf2.o)
                0x08000fc8                __gtdf2
                0x08000fc8                __gedf2
                0x08000fd0                __ltdf2
                0x08000fd0                __ledf2
                0x08000fd8                __nedf2
                0x08000fd8                __eqdf2
                0x08000fd8                __cmpdf2
                0x08001054                __aeabi_cdrcmple
                0x08001064                __aeabi_cdcmpeq
                0x08001064                __aeabi_cdcmple
                0x08001074                __aeabi_dcmpeq
                0x08001088                __aeabi_dcmplt
                0x0800109c                __aeabi_dcmple
                0x080010b0                __aeabi_dcmpge
                0x080010c4                __aeabi_dcmpgt
 .text          0x080010d8       0x2c E:/STM32CubeCLT_1.18.0/GNU-tools-for-STM32/bin/../lib/gcc/arm-none-eabi/13.3.1/thumb/v7-m/nofp\libgcc.a(_arm_unorddf2.o)
                0x080010d8                __unorddf2
                0x080010d8                __aeabi_dcmpun
 .text          0x08001104       0x50 E:/STM32CubeCLT_1.18.0/GNU-tools-for-STM32/bin/../lib/gcc/arm-none-eabi/13.3.1/thumb/v7-m/nofp\libgcc.a(_arm_fixdfsi.o)
                0x08001104                __aeabi_d2iz
                0x08001104                __fixdfsi
 .text          0x08001154       0x30 E:/STM32CubeCLT_1.18.0/GNU-tools-for-STM32/bin/../lib/gcc/arm-none-eabi/13.3.1/thumb/v7-m/nofp\libgcc.a(_aeabi_uldivmod.o)
                0x08001154                __aeabi_uldivmod
 .text          0x08001184      0x300 E:/STM32CubeCLT_1.18.0/GNU-tools-for-STM32/bin/../lib/gcc/arm-none-eabi/13.3.1/thumb/v7-m/nofp\libgcc.a(_udivmoddi4.o)
                0x08001184                __udivmoddi4
 .text          0x08001484        0x4 E:/STM32CubeCLT_1.18.0/GNU-tools-for-STM32/bin/../lib/gcc/arm-none-eabi/13.3.1/thumb/v7-m/nofp\libgcc.a(_dvmd_tls.o)
                0x08001484                __aeabi_idiv0
                0x08001484                __aeabi_ldiv0
 *(.text*)
 .text.MX_GPIO_Init
                0x08001488       0xc4 CMakeFiles/motor_speed_control.elf.dir/Core/Src/gpio.c.obj
                0x08001488                MX_GPIO_Init
 .text.SystemClock_Config
                0x0800154c       0x68 CMakeFiles/motor_speed_control.elf.dir/Core/Src/main.c.obj
                0x0800154c                SystemClock_Config
 .text.startup.main
                0x080015b4      0x154 CMakeFiles/motor_speed_control.elf.dir/Core/Src/main.c.obj
                0x080015b4                main
 .text.Error_Handler
                0x08001708        0x4 CMakeFiles/motor_speed_control.elf.dir/Core/Src/main.c.obj
                0x08001708                Error_Handler
 .text.HAL_MspInit
                0x0800170c       0x44 CMakeFiles/motor_speed_control.elf.dir/Core/Src/stm32f1xx_hal_msp.c.obj
                0x0800170c                HAL_MspInit
 .text.NMI_Handler
                0x08001750        0x4 CMakeFiles/motor_speed_control.elf.dir/Core/Src/stm32f1xx_it.c.obj
                0x08001750                NMI_Handler
 .text.HardFault_Handler
                0x08001754        0x4 CMakeFiles/motor_speed_control.elf.dir/Core/Src/stm32f1xx_it.c.obj
                0x08001754                HardFault_Handler
 .text.MemManage_Handler
                0x08001758        0x4 CMakeFiles/motor_speed_control.elf.dir/Core/Src/stm32f1xx_it.c.obj
                0x08001758                MemManage_Handler
 .text.BusFault_Handler
                0x0800175c        0x4 CMakeFiles/motor_speed_control.elf.dir/Core/Src/stm32f1xx_it.c.obj
                0x0800175c                BusFault_Handler
 .text.UsageFault_Handler
                0x08001760        0x4 CMakeFiles/motor_speed_control.elf.dir/Core/Src/stm32f1xx_it.c.obj
                0x08001760                UsageFault_Handler
 .text.SVC_Handler
                0x08001764        0x4 CMakeFiles/motor_speed_control.elf.dir/Core/Src/stm32f1xx_it.c.obj
                0x08001764                SVC_Handler
 .text.DebugMon_Handler
                0x08001768        0x4 CMakeFiles/motor_speed_control.elf.dir/Core/Src/stm32f1xx_it.c.obj
                0x08001768                DebugMon_Handler
 .text.PendSV_Handler
                0x0800176c        0x4 CMakeFiles/motor_speed_control.elf.dir/Core/Src/stm32f1xx_it.c.obj
                0x0800176c                PendSV_Handler
 .text.SysTick_Handler
                0x08001770        0x4 CMakeFiles/motor_speed_control.elf.dir/Core/Src/stm32f1xx_it.c.obj
                0x08001770                SysTick_Handler
 .text.TIM5_IRQHandler
                0x08001774        0xc CMakeFiles/motor_speed_control.elf.dir/Core/Src/stm32f1xx_it.c.obj
                0x08001774                TIM5_IRQHandler
 .text._getpid  0x08001780        0x4 CMakeFiles/motor_speed_control.elf.dir/Core/Src/syscalls.c.obj
                0x08001780                _getpid
 .text._kill    0x08001784       0x14 CMakeFiles/motor_speed_control.elf.dir/Core/Src/syscalls.c.obj
                0x08001784                _kill
 .text._exit    0x08001798        0xc CMakeFiles/motor_speed_control.elf.dir/Core/Src/syscalls.c.obj
                0x08001798                _exit
 .text._read    0x080017a4       0x1c CMakeFiles/motor_speed_control.elf.dir/Core/Src/syscalls.c.obj
                0x080017a4                _read
 .text._write   0x080017c0       0x1c CMakeFiles/motor_speed_control.elf.dir/Core/Src/syscalls.c.obj
                0x080017c0                _write
 .text._close   0x080017dc        0x8 CMakeFiles/motor_speed_control.elf.dir/Core/Src/syscalls.c.obj
                0x080017dc                _close
 .text._fstat   0x080017e4        0xc CMakeFiles/motor_speed_control.elf.dir/Core/Src/syscalls.c.obj
                0x080017e4                _fstat
 .text._isatty  0x080017f0        0x4 CMakeFiles/motor_speed_control.elf.dir/Core/Src/syscalls.c.obj
                0x080017f0                _isatty
 .text._lseek   0x080017f4        0x4 CMakeFiles/motor_speed_control.elf.dir/Core/Src/syscalls.c.obj
                0x080017f4                _lseek
 .text._sbrk    0x080017f8       0x48 CMakeFiles/motor_speed_control.elf.dir/Core/Src/sysmem.c.obj
                0x080017f8                _sbrk
 .text.SystemInit
                0x08001840        0x4 CMakeFiles/motor_speed_control.elf.dir/Core/Src/system_stm32f1xx.c.obj
                0x08001840                SystemInit
 .text.MX_TIM1_Init
                0x08001844      0x15c CMakeFiles/motor_speed_control.elf.dir/Core/Src/tim.c.obj
                0x08001844                MX_TIM1_Init
 .text.MX_TIM2_Init
                0x080019a0       0x64 CMakeFiles/motor_speed_control.elf.dir/Core/Src/tim.c.obj
                0x080019a0                MX_TIM2_Init
 .text.MX_TIM4_Init
                0x08001a04       0x68 CMakeFiles/motor_speed_control.elf.dir/Core/Src/tim.c.obj
                0x08001a04                MX_TIM4_Init
 .text.MX_TIM5_Init
                0x08001a6c       0x70 CMakeFiles/motor_speed_control.elf.dir/Core/Src/tim.c.obj
                0x08001a6c                MX_TIM5_Init
 .text.HAL_TIM_Base_MspInit
                0x08001adc       0x68 CMakeFiles/motor_speed_control.elf.dir/Core/Src/tim.c.obj
                0x08001adc                HAL_TIM_Base_MspInit
 .text.HAL_TIM_Encoder_MspInit
                0x08001b44       0xf0 CMakeFiles/motor_speed_control.elf.dir/Core/Src/tim.c.obj
                0x08001b44                HAL_TIM_Encoder_MspInit
 .text.Reset_Handler
                0x08001c34       0x48 CMakeFiles/motor_speed_control.elf.dir/Core/Startup/startup_stm32f103vetx.s.obj
                0x08001c34                Reset_Handler
 .text.Default_Handler
                0x08001c7c        0x2 CMakeFiles/motor_speed_control.elf.dir/Core/Startup/startup_stm32f103vetx.s.obj
                0x08001c7c                RTC_Alarm_IRQHandler
                0x08001c7c                EXTI2_IRQHandler
                0x08001c7c                TIM8_TRG_COM_IRQHandler
                0x08001c7c                TIM8_CC_IRQHandler
                0x08001c7c                TIM1_CC_IRQHandler
                0x08001c7c                TIM6_IRQHandler
                0x08001c7c                PVD_IRQHandler
                0x08001c7c                SDIO_IRQHandler
                0x08001c7c                EXTI3_IRQHandler
                0x08001c7c                EXTI0_IRQHandler
                0x08001c7c                I2C2_EV_IRQHandler
                0x08001c7c                ADC1_2_IRQHandler
                0x08001c7c                SPI1_IRQHandler
                0x08001c7c                TAMPER_IRQHandler
                0x08001c7c                TIM8_UP_IRQHandler
                0x08001c7c                DMA2_Channel2_IRQHandler
                0x08001c7c                DMA1_Channel4_IRQHandler
                0x08001c7c                USART3_IRQHandler
                0x08001c7c                RTC_IRQHandler
                0x08001c7c                DMA1_Channel7_IRQHandler
                0x08001c7c                CAN1_RX1_IRQHandler
                0x08001c7c                UART5_IRQHandler
                0x08001c7c                ADC3_IRQHandler
                0x08001c7c                TIM4_IRQHandler
                0x08001c7c                DMA2_Channel1_IRQHandler
                0x08001c7c                I2C1_EV_IRQHandler
                0x08001c7c                DMA1_Channel6_IRQHandler
                0x08001c7c                UART4_IRQHandler
                0x08001c7c                TIM3_IRQHandler
                0x08001c7c                RCC_IRQHandler
                0x08001c7c                TIM1_TRG_COM_IRQHandler
                0x08001c7c                DMA1_Channel1_IRQHandler
                0x08001c7c                Default_Handler
                0x08001c7c                EXTI15_10_IRQHandler
                0x08001c7c                TIM7_IRQHandler
                0x08001c7c                EXTI9_5_IRQHandler
                0x08001c7c                SPI2_IRQHandler
                0x08001c7c                DMA1_Channel5_IRQHandler
                0x08001c7c                EXTI4_IRQHandler
                0x08001c7c                USB_LP_CAN1_RX0_IRQHandler
                0x08001c7c                USB_HP_CAN1_TX_IRQHandler
                0x08001c7c                DMA1_Channel3_IRQHandler
                0x08001c7c                FSMC_IRQHandler
                0x08001c7c                TIM1_UP_IRQHandler
                0x08001c7c                WWDG_IRQHandler
                0x08001c7c                TIM2_IRQHandler
                0x08001c7c                TIM1_BRK_IRQHandler
                0x08001c7c                EXTI1_IRQHandler
                0x08001c7c                DMA2_Channel4_5_IRQHandler
                0x08001c7c                USART2_IRQHandler
                0x08001c7c                I2C2_ER_IRQHandler
                0x08001c7c                DMA1_Channel2_IRQHandler
                0x08001c7c                TIM8_BRK_IRQHandler
                0x08001c7c                CAN1_SCE_IRQHandler
                0x08001c7c                FLASH_IRQHandler
                0x08001c7c                USART1_IRQHandler
                0x08001c7c                SPI3_IRQHandler
                0x08001c7c                I2C1_ER_IRQHandler
                0x08001c7c                USBWakeUp_IRQHandler
                0x08001c7c                DMA2_Channel3_IRQHandler
 *fill*         0x08001c7e        0x2 
 .text.HAL_InitTick
                0x08001c80       0x48 CMakeFiles/motor_speed_control.elf.dir/Drivers/STM32F1xx_HAL_Driver/Src/stm32f1xx_hal.c.obj
                0x08001c80                HAL_InitTick
 .text.HAL_Init
                0x08001cc8       0x24 CMakeFiles/motor_speed_control.elf.dir/Drivers/STM32F1xx_HAL_Driver/Src/stm32f1xx_hal.c.obj
                0x08001cc8                HAL_Init
 .text.HAL_IncTick
                0x08001cec       0x18 CMakeFiles/motor_speed_control.elf.dir/Drivers/STM32F1xx_HAL_Driver/Src/stm32f1xx_hal.c.obj
                0x08001cec                HAL_IncTick
 .text.HAL_GetTick
                0x08001d04        0xc CMakeFiles/motor_speed_control.elf.dir/Drivers/STM32F1xx_HAL_Driver/Src/stm32f1xx_hal.c.obj
                0x08001d04                HAL_GetTick
 .text.HAL_Delay
                0x08001d10       0x24 CMakeFiles/motor_speed_control.elf.dir/Drivers/STM32F1xx_HAL_Driver/Src/stm32f1xx_hal.c.obj
                0x08001d10                HAL_Delay
 .text.HAL_NVIC_SetPriorityGrouping
                0x08001d34       0x24 CMakeFiles/motor_speed_control.elf.dir/Drivers/STM32F1xx_HAL_Driver/Src/stm32f1xx_hal_cortex.c.obj
                0x08001d34                HAL_NVIC_SetPriorityGrouping
 .text.HAL_NVIC_SetPriority
                0x08001d58       0x78 CMakeFiles/motor_speed_control.elf.dir/Drivers/STM32F1xx_HAL_Driver/Src/stm32f1xx_hal_cortex.c.obj
                0x08001d58                HAL_NVIC_SetPriority
 .text.HAL_NVIC_EnableIRQ
                0x08001dd0       0x1c CMakeFiles/motor_speed_control.elf.dir/Drivers/STM32F1xx_HAL_Driver/Src/stm32f1xx_hal_cortex.c.obj
                0x08001dd0                HAL_NVIC_EnableIRQ
 .text.HAL_SYSTICK_Config
                0x08001dec       0x30 CMakeFiles/motor_speed_control.elf.dir/Drivers/STM32F1xx_HAL_Driver/Src/stm32f1xx_hal_cortex.c.obj
                0x08001dec                HAL_SYSTICK_Config
 .text.HAL_GPIO_Init
                0x08001e1c      0x434 CMakeFiles/motor_speed_control.elf.dir/Drivers/STM32F1xx_HAL_Driver/Src/stm32f1xx_hal_gpio.c.obj
                0x08001e1c                HAL_GPIO_Init
 .text.HAL_GPIO_WritePin
                0x08002250        0x8 CMakeFiles/motor_speed_control.elf.dir/Drivers/STM32F1xx_HAL_Driver/Src/stm32f1xx_hal_gpio.c.obj
                0x08002250                HAL_GPIO_WritePin
 .text.HAL_RCC_OscConfig
                0x08002258      0x3dc CMakeFiles/motor_speed_control.elf.dir/Drivers/STM32F1xx_HAL_Driver/Src/stm32f1xx_hal_rcc.c.obj
                0x08002258                HAL_RCC_OscConfig
 .text.HAL_RCC_ClockConfig
                0x08002634      0x184 CMakeFiles/motor_speed_control.elf.dir/Drivers/STM32F1xx_HAL_Driver/Src/stm32f1xx_hal_rcc.c.obj
                0x08002634                HAL_RCC_ClockConfig
 .text.HAL_TIM_Base_Init
                0x080027b8       0xfc CMakeFiles/motor_speed_control.elf.dir/Drivers/STM32F1xx_HAL_Driver/Src/stm32f1xx_hal_tim.c.obj
                0x080027b8                HAL_TIM_Base_Init
 .text.HAL_TIM_Base_Start_IT
                0x080028b4       0x64 CMakeFiles/motor_speed_control.elf.dir/Drivers/STM32F1xx_HAL_Driver/Src/stm32f1xx_hal_tim.c.obj
                0x080028b4                HAL_TIM_Base_Start_IT
 .text.HAL_TIM_PWM_MspInit
                0x08002918        0x4 CMakeFiles/motor_speed_control.elf.dir/Drivers/STM32F1xx_HAL_Driver/Src/stm32f1xx_hal_tim.c.obj
                0x08002918                HAL_TIM_PWM_MspInit
 .text.HAL_TIM_PWM_Init
                0x0800291c       0xfc CMakeFiles/motor_speed_control.elf.dir/Drivers/STM32F1xx_HAL_Driver/Src/stm32f1xx_hal_tim.c.obj
                0x0800291c                HAL_TIM_PWM_Init
 .text.HAL_TIM_PWM_Start
                0x08002a18       0xbc CMakeFiles/motor_speed_control.elf.dir/Drivers/STM32F1xx_HAL_Driver/Src/stm32f1xx_hal_tim.c.obj
                0x08002a18                HAL_TIM_PWM_Start
 .text.HAL_TIM_Encoder_Init
                0x08002ad4      0x13c CMakeFiles/motor_speed_control.elf.dir/Drivers/STM32F1xx_HAL_Driver/Src/stm32f1xx_hal_tim.c.obj
                0x08002ad4                HAL_TIM_Encoder_Init
 .text.HAL_TIM_Encoder_Start
                0x08002c10       0xc4 CMakeFiles/motor_speed_control.elf.dir/Drivers/STM32F1xx_HAL_Driver/Src/stm32f1xx_hal_tim.c.obj
                0x08002c10                HAL_TIM_Encoder_Start
 .text.HAL_TIM_PWM_ConfigChannel
                0x08002cd4      0x20c CMakeFiles/motor_speed_control.elf.dir/Drivers/STM32F1xx_HAL_Driver/Src/stm32f1xx_hal_tim.c.obj
                0x08002cd4                HAL_TIM_PWM_ConfigChannel
 .text.HAL_TIM_ConfigClockSource
                0x08002ee0      0x154 CMakeFiles/motor_speed_control.elf.dir/Drivers/STM32F1xx_HAL_Driver/Src/stm32f1xx_hal_tim.c.obj
                0x08002ee0                HAL_TIM_ConfigClockSource
 .text.HAL_TIM_OC_DelayElapsedCallback
                0x08003034        0x4 CMakeFiles/motor_speed_control.elf.dir/Drivers/STM32F1xx_HAL_Driver/Src/stm32f1xx_hal_tim.c.obj
                0x08003034                HAL_TIM_OC_DelayElapsedCallback
 .text.HAL_TIM_IC_CaptureCallback
                0x08003038        0x4 CMakeFiles/motor_speed_control.elf.dir/Drivers/STM32F1xx_HAL_Driver/Src/stm32f1xx_hal_tim.c.obj
                0x08003038                HAL_TIM_IC_CaptureCallback
 .text.HAL_TIM_PWM_PulseFinishedCallback
                0x0800303c        0x4 CMakeFiles/motor_speed_control.elf.dir/Drivers/STM32F1xx_HAL_Driver/Src/stm32f1xx_hal_tim.c.obj
                0x0800303c                HAL_TIM_PWM_PulseFinishedCallback
 .text.HAL_TIM_TriggerCallback
                0x08003040        0x4 CMakeFiles/motor_speed_control.elf.dir/Drivers/STM32F1xx_HAL_Driver/Src/stm32f1xx_hal_tim.c.obj
                0x08003040                HAL_TIM_TriggerCallback
 .text.HAL_TIM_IRQHandler
                0x08003044      0x138 CMakeFiles/motor_speed_control.elf.dir/Drivers/STM32F1xx_HAL_Driver/Src/stm32f1xx_hal_tim.c.obj
                0x08003044                HAL_TIM_IRQHandler
 .text.HAL_TIMEx_MasterConfigSynchronization
                0x0800317c       0x74 CMakeFiles/motor_speed_control.elf.dir/Drivers/STM32F1xx_HAL_Driver/Src/stm32f1xx_hal_tim_ex.c.obj
                0x0800317c                HAL_TIMEx_MasterConfigSynchronization
 .text.HAL_TIMEx_ConfigBreakDeadTime
                0x080031f0       0x54 CMakeFiles/motor_speed_control.elf.dir/Drivers/STM32F1xx_HAL_Driver/Src/stm32f1xx_hal_tim_ex.c.obj
                0x080031f0                HAL_TIMEx_ConfigBreakDeadTime
 .text.HAL_TIMEx_CommutCallback
                0x08003244        0x4 CMakeFiles/motor_speed_control.elf.dir/Drivers/STM32F1xx_HAL_Driver/Src/stm32f1xx_hal_tim_ex.c.obj
                0x08003244                HAL_TIMEx_CommutCallback
 .text.HAL_TIMEx_BreakCallback
                0x08003248        0x4 CMakeFiles/motor_speed_control.elf.dir/Drivers/STM32F1xx_HAL_Driver/Src/stm32f1xx_hal_tim_ex.c.obj
                0x08003248                HAL_TIMEx_BreakCallback
 .text.delay_init
                0x0800324c       0x2c CMakeFiles/motor_speed_control.elf.dir/bsp/delay.c.obj
                0x0800324c                delay_init
 .text.HAL_TIM_PeriodElapsedCallback
                0x08003278       0x74 CMakeFiles/motor_speed_control.elf.dir/bsp/interrupt.c.obj
                0x08003278                HAL_TIM_PeriodElapsedCallback
 .text.Kalman_Filter_Init
                0x080032ec       0x38 CMakeFiles/motor_speed_control.elf.dir/bsp/motor.c.obj
                0x080032ec                Kalman_Filter_Init
 .text.Calculate_Motor_A_Speed
                0x08003324       0x8c CMakeFiles/motor_speed_control.elf.dir/bsp/motor.c.obj
                0x08003324                Calculate_Motor_A_Speed
 .text.Calculate_Motor_B_Speed
                0x080033b0       0x90 CMakeFiles/motor_speed_control.elf.dir/bsp/motor.c.obj
                0x080033b0                Calculate_Motor_B_Speed
 .text.Incremental_PI_A
                0x08003440       0x74 CMakeFiles/motor_speed_control.elf.dir/bsp/motor.c.obj
                0x08003440                Incremental_PI_A
 .text.Incremental_PI_B
                0x080034b4       0x74 CMakeFiles/motor_speed_control.elf.dir/bsp/motor.c.obj
                0x080034b4                Incremental_PI_B
 .text.Set_Pwm  0x08003528       0x90 CMakeFiles/motor_speed_control.elf.dir/bsp/motor.c.obj
                0x08003528                Set_Pwm
 .text.OLED_Clear
                0x080035b8      0x134 CMakeFiles/motor_speed_control.elf.dir/bsp/oled.c.obj
                0x080035b8                OLED_Clear
 .text.OLED_ShowString
                0x080036ec      0x34c CMakeFiles/motor_speed_control.elf.dir/bsp/oled.c.obj
                0x080036ec                OLED_ShowString
 .text.OLED_Init
                0x08003a38      0xa58 CMakeFiles/motor_speed_control.elf.dir/bsp/oled.c.obj
                0x08003a38                OLED_Init
 .text.S_Curve_Init
                0x08004490       0x24 CMakeFiles/motor_speed_control.elf.dir/bsp/speed_planning.c.obj
                0x08004490                S_Curve_Init
 .text.S_Curve_Update
                0x080044b4      0x10c CMakeFiles/motor_speed_control.elf.dir/bsp/speed_planning.c.obj
                0x080044b4                S_Curve_Update
 .text.Set_Target_Speed_Smooth
                0x080045c0       0xcc CMakeFiles/motor_speed_control.elf.dir/bsp/speed_planning.c.obj
                0x080045c0                Set_Target_Speed_Smooth
 .text.std      0x0800468c       0x6c E:/STM32CubeCLT_1.18.0/GNU-tools-for-STM32/bin/../lib/gcc/arm-none-eabi/13.3.1/../../../../arm-none-eabi/lib/thumb/v7-m/nofp\libc.a(libc_a-findfp.o)
 .text.stdio_exit_handler
                0x080046f8       0x18 E:/STM32CubeCLT_1.18.0/GNU-tools-for-STM32/bin/../lib/gcc/arm-none-eabi/13.3.1/../../../../arm-none-eabi/lib/thumb/v7-m/nofp\libc.a(libc_a-findfp.o)
 .text.cleanup_stdio
                0x08004710       0x40 E:/STM32CubeCLT_1.18.0/GNU-tools-for-STM32/bin/../lib/gcc/arm-none-eabi/13.3.1/../../../../arm-none-eabi/lib/thumb/v7-m/nofp\libc.a(libc_a-findfp.o)
 .text.global_stdio_init.part.0
                0x08004750       0x3c E:/STM32CubeCLT_1.18.0/GNU-tools-for-STM32/bin/../lib/gcc/arm-none-eabi/13.3.1/../../../../arm-none-eabi/lib/thumb/v7-m/nofp\libc.a(libc_a-findfp.o)
 .text.__sfp_lock_acquire
                0x0800478c        0xc E:/STM32CubeCLT_1.18.0/GNU-tools-for-STM32/bin/../lib/gcc/arm-none-eabi/13.3.1/../../../../arm-none-eabi/lib/thumb/v7-m/nofp\libc.a(libc_a-findfp.o)
                0x0800478c                __sfp_lock_acquire
 .text.__sfp_lock_release
                0x08004798        0xc E:/STM32CubeCLT_1.18.0/GNU-tools-for-STM32/bin/../lib/gcc/arm-none-eabi/13.3.1/../../../../arm-none-eabi/lib/thumb/v7-m/nofp\libc.a(libc_a-findfp.o)
                0x08004798                __sfp_lock_release
 .text.__sinit  0x080047a4       0x30 E:/STM32CubeCLT_1.18.0/GNU-tools-for-STM32/bin/../lib/gcc/arm-none-eabi/13.3.1/../../../../arm-none-eabi/lib/thumb/v7-m/nofp\libc.a(libc_a-findfp.o)
                0x080047a4                __sinit
 .text._fwalk_sglue
                0x080047d4       0x3c E:/STM32CubeCLT_1.18.0/GNU-tools-for-STM32/bin/../lib/gcc/arm-none-eabi/13.3.1/../../../../arm-none-eabi/lib/thumb/v7-m/nofp\libc.a(libc_a-fwalk.o)
                0x080047d4                _fwalk_sglue
 .text.sprintf  0x08004810       0x44 E:/STM32CubeCLT_1.18.0/GNU-tools-for-STM32/bin/../lib/gcc/arm-none-eabi/13.3.1/../../../../arm-none-eabi/lib/thumb/v7-m/nofp\libc.a(libc_a-sprintf.o)
                0x08004810                sprintf
 .text.__sread  0x08004854       0x22 E:/STM32CubeCLT_1.18.0/GNU-tools-for-STM32/bin/../lib/gcc/arm-none-eabi/13.3.1/../../../../arm-none-eabi/lib/thumb/v7-m/nofp\libc.a(libc_a-stdio.o)
                0x08004854                __sread
 .text.__swrite
                0x08004876       0x38 E:/STM32CubeCLT_1.18.0/GNU-tools-for-STM32/bin/../lib/gcc/arm-none-eabi/13.3.1/../../../../arm-none-eabi/lib/thumb/v7-m/nofp\libc.a(libc_a-stdio.o)
                0x08004876                __swrite
 .text.__sseek  0x080048ae       0x24 E:/STM32CubeCLT_1.18.0/GNU-tools-for-STM32/bin/../lib/gcc/arm-none-eabi/13.3.1/../../../../arm-none-eabi/lib/thumb/v7-m/nofp\libc.a(libc_a-stdio.o)
                0x080048ae                __sseek
 .text.__sclose
                0x080048d2        0x8 E:/STM32CubeCLT_1.18.0/GNU-tools-for-STM32/bin/../lib/gcc/arm-none-eabi/13.3.1/../../../../arm-none-eabi/lib/thumb/v7-m/nofp\libc.a(libc_a-stdio.o)
                0x080048d2                __sclose
 .text.memset   0x080048da       0x10 E:/STM32CubeCLT_1.18.0/GNU-tools-for-STM32/bin/../lib/gcc/arm-none-eabi/13.3.1/../../../../arm-none-eabi/lib/thumb/v7-m/nofp\libc.a(libc_a-memset.o)
                0x080048da                memset
 *fill*         0x080048ea        0x2 
 .text._close_r
                0x080048ec       0x20 E:/STM32CubeCLT_1.18.0/GNU-tools-for-STM32/bin/../lib/gcc/arm-none-eabi/13.3.1/../../../../arm-none-eabi/lib/thumb/v7-m/nofp\libc.a(libc_a-closer.o)
                0x080048ec                _close_r
 .text._lseek_r
                0x0800490c       0x24 E:/STM32CubeCLT_1.18.0/GNU-tools-for-STM32/bin/../lib/gcc/arm-none-eabi/13.3.1/../../../../arm-none-eabi/lib/thumb/v7-m/nofp\libc.a(libc_a-lseekr.o)
                0x0800490c                _lseek_r
 .text._read_r  0x08004930       0x24 E:/STM32CubeCLT_1.18.0/GNU-tools-for-STM32/bin/../lib/gcc/arm-none-eabi/13.3.1/../../../../arm-none-eabi/lib/thumb/v7-m/nofp\libc.a(libc_a-readr.o)
                0x08004930                _read_r
 .text._write_r
                0x08004954       0x24 E:/STM32CubeCLT_1.18.0/GNU-tools-for-STM32/bin/../lib/gcc/arm-none-eabi/13.3.1/../../../../arm-none-eabi/lib/thumb/v7-m/nofp\libc.a(libc_a-writer.o)
                0x08004954                _write_r
 .text.__errno  0x08004978        0xc E:/STM32CubeCLT_1.18.0/GNU-tools-for-STM32/bin/../lib/gcc/arm-none-eabi/13.3.1/../../../../arm-none-eabi/lib/thumb/v7-m/nofp\libc.a(libc_a-errno.o)
                0x08004978                __errno
 .text.__libc_init_array
                0x08004984       0x48 E:/STM32CubeCLT_1.18.0/GNU-tools-for-STM32/bin/../lib/gcc/arm-none-eabi/13.3.1/../../../../arm-none-eabi/lib/thumb/v7-m/nofp\libc.a(libc_a-init.o)
                0x08004984                __libc_init_array
 .text.__retarget_lock_init_recursive
                0x080049cc        0x2 E:/STM32CubeCLT_1.18.0/GNU-tools-for-STM32/bin/../lib/gcc/arm-none-eabi/13.3.1/../../../../arm-none-eabi/lib/thumb/v7-m/nofp\libc.a(libc_a-lock.o)
                0x080049cc                __retarget_lock_init_recursive
 .text.__retarget_lock_close_recursive
                0x080049ce        0x2 E:/STM32CubeCLT_1.18.0/GNU-tools-for-STM32/bin/../lib/gcc/arm-none-eabi/13.3.1/../../../../arm-none-eabi/lib/thumb/v7-m/nofp\libc.a(libc_a-lock.o)
                0x080049ce                __retarget_lock_close_recursive
 .text.__retarget_lock_acquire_recursive
                0x080049d0        0x2 E:/STM32CubeCLT_1.18.0/GNU-tools-for-STM32/bin/../lib/gcc/arm-none-eabi/13.3.1/../../../../arm-none-eabi/lib/thumb/v7-m/nofp\libc.a(libc_a-lock.o)
                0x080049d0                __retarget_lock_acquire_recursive
 .text.__retarget_lock_release_recursive
                0x080049d2        0x2 E:/STM32CubeCLT_1.18.0/GNU-tools-for-STM32/bin/../lib/gcc/arm-none-eabi/13.3.1/../../../../arm-none-eabi/lib/thumb/v7-m/nofp\libc.a(libc_a-lock.o)
                0x080049d2                __retarget_lock_release_recursive
 .text.startup.register_fini
                0x080049d4       0x14 E:/STM32CubeCLT_1.18.0/GNU-tools-for-STM32/bin/../lib/gcc/arm-none-eabi/13.3.1/../../../../arm-none-eabi/lib/thumb/v7-m/nofp\libc.a(libc_a-__call_atexit.o)
 .text.atexit   0x080049e8        0xc E:/STM32CubeCLT_1.18.0/GNU-tools-for-STM32/bin/../lib/gcc/arm-none-eabi/13.3.1/../../../../arm-none-eabi/lib/thumb/v7-m/nofp\libc.a(libc_a-atexit.o)
                0x080049e8                atexit
 .text._malloc_trim_r
                0x080049f4       0xac E:/STM32CubeCLT_1.18.0/GNU-tools-for-STM32/bin/../lib/gcc/arm-none-eabi/13.3.1/../../../../arm-none-eabi/lib/thumb/v7-m/nofp\libc.a(libc_a-freer.o)
                0x080049f4                _malloc_trim_r
 .text._free_r  0x08004aa0      0x180 E:/STM32CubeCLT_1.18.0/GNU-tools-for-STM32/bin/../lib/gcc/arm-none-eabi/13.3.1/../../../../arm-none-eabi/lib/thumb/v7-m/nofp\libc.a(libc_a-freer.o)
                0x08004aa0                _free_r
 .text._malloc_r
                0x08004c20      0x474 E:/STM32CubeCLT_1.18.0/GNU-tools-for-STM32/bin/../lib/gcc/arm-none-eabi/13.3.1/../../../../arm-none-eabi/lib/thumb/v7-m/nofp\libc.a(libc_a-mallocr.o)
                0x08004c20                _malloc_r
 .text.__malloc_lock
                0x08005094        0xc E:/STM32CubeCLT_1.18.0/GNU-tools-for-STM32/bin/../lib/gcc/arm-none-eabi/13.3.1/../../../../arm-none-eabi/lib/thumb/v7-m/nofp\libc.a(libc_a-mlock.o)
                0x08005094                __malloc_lock
 .text.__malloc_unlock
                0x080050a0        0xc E:/STM32CubeCLT_1.18.0/GNU-tools-for-STM32/bin/../lib/gcc/arm-none-eabi/13.3.1/../../../../arm-none-eabi/lib/thumb/v7-m/nofp\libc.a(libc_a-mlock.o)
                0x080050a0                __malloc_unlock
 .text._svfprintf_r
                0x080050ac     0x13bc E:/STM32CubeCLT_1.18.0/GNU-tools-for-STM32/bin/../lib/gcc/arm-none-eabi/13.3.1/../../../../arm-none-eabi/lib/thumb/v7-m/nofp\libc.a(libc_a-svfprintf.o)
                0x080050ac                _svfprintf_r
 .text.__ssprint_r
                0x08006468       0x4e E:/STM32CubeCLT_1.18.0/GNU-tools-for-STM32/bin/../lib/gcc/arm-none-eabi/13.3.1/../../../../arm-none-eabi/lib/thumb/v7-m/nofp\libc.a(libc_a-ssprint_r.o)
                0x08006468                __ssprint_r
 .text._fclose_r
                0x080064b6       0xac E:/STM32CubeCLT_1.18.0/GNU-tools-for-STM32/bin/../lib/gcc/arm-none-eabi/13.3.1/../../../../arm-none-eabi/lib/thumb/v7-m/nofp\libc.a(libc_a-fclose.o)
                0x080064b6                _fclose_r
 *fill*         0x08006562        0x2 
 .text.__sflush_r
                0x08006564      0x108 E:/STM32CubeCLT_1.18.0/GNU-tools-for-STM32/bin/../lib/gcc/arm-none-eabi/13.3.1/../../../../arm-none-eabi/lib/thumb/v7-m/nofp\libc.a(libc_a-fflush.o)
                0x08006564                __sflush_r
 .text._fflush_r
                0x0800666c       0x4a E:/STM32CubeCLT_1.18.0/GNU-tools-for-STM32/bin/../lib/gcc/arm-none-eabi/13.3.1/../../../../arm-none-eabi/lib/thumb/v7-m/nofp\libc.a(libc_a-fflush.o)
                0x0800666c                _fflush_r
 .text.strncpy  0x080066b6       0x26 E:/STM32CubeCLT_1.18.0/GNU-tools-for-STM32/bin/../lib/gcc/arm-none-eabi/13.3.1/../../../../arm-none-eabi/lib/thumb/v7-m/nofp\libc.a(libc_a-strncpy.o)
                0x080066b6                strncpy
 .text._localeconv_r
                0x080066dc        0x8 E:/STM32CubeCLT_1.18.0/GNU-tools-for-STM32/bin/../lib/gcc/arm-none-eabi/13.3.1/../../../../arm-none-eabi/lib/thumb/v7-m/nofp\libc.a(libc_a-localeconv.o)
                0x080066dc                _localeconv_r
 .text._sbrk_r  0x080066e4       0x20 E:/STM32CubeCLT_1.18.0/GNU-tools-for-STM32/bin/../lib/gcc/arm-none-eabi/13.3.1/../../../../arm-none-eabi/lib/thumb/v7-m/nofp\libc.a(libc_a-sbrkr.o)
                0x080066e4                _sbrk_r
 .text.__libc_fini_array
                0x08006704       0x28 E:/STM32CubeCLT_1.18.0/GNU-tools-for-STM32/bin/../lib/gcc/arm-none-eabi/13.3.1/../../../../arm-none-eabi/lib/thumb/v7-m/nofp\libc.a(libc_a-fini.o)
                0x08006704                __libc_fini_array
 .text.sysconf  0x0800672c       0x18 E:/STM32CubeCLT_1.18.0/GNU-tools-for-STM32/bin/../lib/gcc/arm-none-eabi/13.3.1/../../../../arm-none-eabi/lib/thumb/v7-m/nofp\libc.a(libc_a-sysconf.o)
                0x0800672c                sysconf
 .text.memchr   0x08006744       0x1c E:/STM32CubeCLT_1.18.0/GNU-tools-for-STM32/bin/../lib/gcc/arm-none-eabi/13.3.1/../../../../arm-none-eabi/lib/thumb/v7-m/nofp\libc.a(libc_a-memchr-stub.o)
                0x08006744                memchr
 .text.frexp    0x08006760       0x64 E:/STM32CubeCLT_1.18.0/GNU-tools-for-STM32/bin/../lib/gcc/arm-none-eabi/13.3.1/../../../../arm-none-eabi/lib/thumb/v7-m/nofp\libc.a(libm_a-s_frexp.o)
                0x08006760                frexp
 .text.__register_exitproc
                0x080067c4       0x80 E:/STM32CubeCLT_1.18.0/GNU-tools-for-STM32/bin/../lib/gcc/arm-none-eabi/13.3.1/../../../../arm-none-eabi/lib/thumb/v7-m/nofp\libc.a(libc_a-__atexit.o)
                0x080067c4                __register_exitproc
 .text.quorem   0x08006844      0x110 E:/STM32CubeCLT_1.18.0/GNU-tools-for-STM32/bin/../lib/gcc/arm-none-eabi/13.3.1/../../../../arm-none-eabi/lib/thumb/v7-m/nofp\libc.a(libc_a-dtoa.o)
 *fill*         0x08006954        0x4 
 .text._dtoa_r  0x08006958      0xb74 E:/STM32CubeCLT_1.18.0/GNU-tools-for-STM32/bin/../lib/gcc/arm-none-eabi/13.3.1/../../../../arm-none-eabi/lib/thumb/v7-m/nofp\libc.a(libc_a-dtoa.o)
                0x08006958                _dtoa_r
 .text._Balloc  0x080074cc       0x4a E:/STM32CubeCLT_1.18.0/GNU-tools-for-STM32/bin/../lib/gcc/arm-none-eabi/13.3.1/../../../../arm-none-eabi/lib/thumb/v7-m/nofp\libc.a(libc_a-mprec.o)
                0x080074cc                _Balloc
 .text._Bfree   0x08007516       0x12 E:/STM32CubeCLT_1.18.0/GNU-tools-for-STM32/bin/../lib/gcc/arm-none-eabi/13.3.1/../../../../arm-none-eabi/lib/thumb/v7-m/nofp\libc.a(libc_a-mprec.o)
                0x08007516                _Bfree
 .text.__multadd
                0x08007528       0x8c E:/STM32CubeCLT_1.18.0/GNU-tools-for-STM32/bin/../lib/gcc/arm-none-eabi/13.3.1/../../../../arm-none-eabi/lib/thumb/v7-m/nofp\libc.a(libc_a-mprec.o)
                0x08007528                __multadd
 .text.__hi0bits
                0x080075b4       0x3e E:/STM32CubeCLT_1.18.0/GNU-tools-for-STM32/bin/../lib/gcc/arm-none-eabi/13.3.1/../../../../arm-none-eabi/lib/thumb/v7-m/nofp\libc.a(libc_a-mprec.o)
                0x080075b4                __hi0bits
 .text.__lo0bits
                0x080075f2       0x5a E:/STM32CubeCLT_1.18.0/GNU-tools-for-STM32/bin/../lib/gcc/arm-none-eabi/13.3.1/../../../../arm-none-eabi/lib/thumb/v7-m/nofp\libc.a(libc_a-mprec.o)
                0x080075f2                __lo0bits
 .text.__i2b    0x0800764c       0x2c E:/STM32CubeCLT_1.18.0/GNU-tools-for-STM32/bin/../lib/gcc/arm-none-eabi/13.3.1/../../../../arm-none-eabi/lib/thumb/v7-m/nofp\libc.a(libc_a-mprec.o)
                0x0800764c                __i2b
 .text.__multiply
                0x08007678      0x144 E:/STM32CubeCLT_1.18.0/GNU-tools-for-STM32/bin/../lib/gcc/arm-none-eabi/13.3.1/../../../../arm-none-eabi/lib/thumb/v7-m/nofp\libc.a(libc_a-mprec.o)
                0x08007678                __multiply
 .text.__pow5mult
                0x080077bc       0x80 E:/STM32CubeCLT_1.18.0/GNU-tools-for-STM32/bin/../lib/gcc/arm-none-eabi/13.3.1/../../../../arm-none-eabi/lib/thumb/v7-m/nofp\libc.a(libc_a-mprec.o)
                0x080077bc                __pow5mult
 .text.__lshift
                0x0800783c       0xd8 E:/STM32CubeCLT_1.18.0/GNU-tools-for-STM32/bin/../lib/gcc/arm-none-eabi/13.3.1/../../../../arm-none-eabi/lib/thumb/v7-m/nofp\libc.a(libc_a-mprec.o)
                0x0800783c                __lshift
 .text.__mcmp   0x08007914       0x36 E:/STM32CubeCLT_1.18.0/GNU-tools-for-STM32/bin/../lib/gcc/arm-none-eabi/13.3.1/../../../../arm-none-eabi/lib/thumb/v7-m/nofp\libc.a(libc_a-mprec.o)
                0x08007914                __mcmp
 *fill*         0x0800794a        0x2 
 .text.__mdiff  0x0800794c      0x128 E:/STM32CubeCLT_1.18.0/GNU-tools-for-STM32/bin/../lib/gcc/arm-none-eabi/13.3.1/../../../../arm-none-eabi/lib/thumb/v7-m/nofp\libc.a(libc_a-mprec.o)
                0x0800794c                __mdiff
 .text.__d2b    0x08007a74       0xb0 E:/STM32CubeCLT_1.18.0/GNU-tools-for-STM32/bin/../lib/gcc/arm-none-eabi/13.3.1/../../../../arm-none-eabi/lib/thumb/v7-m/nofp\libc.a(libc_a-mprec.o)
                0x08007a74                __d2b
 .text.__ssputs_r
                0x08007b24       0xb6 E:/STM32CubeCLT_1.18.0/GNU-tools-for-STM32/bin/../lib/gcc/arm-none-eabi/13.3.1/../../../../arm-none-eabi/lib/thumb/v7-m/nofp\libc.a(libc_a-ssputs_r.o)
                0x08007b24                __ssputs_r
 .text.memmove  0x08007bda       0x34 E:/STM32CubeCLT_1.18.0/GNU-tools-for-STM32/bin/../lib/gcc/arm-none-eabi/13.3.1/../../../../arm-none-eabi/lib/thumb/v7-m/nofp\libc.a(libc_a-memmove.o)
                0x08007bda                memmove
 .text.memcpy   0x08007c0e       0x1c E:/STM32CubeCLT_1.18.0/GNU-tools-for-STM32/bin/../lib/gcc/arm-none-eabi/13.3.1/../../../../arm-none-eabi/lib/thumb/v7-m/nofp\libc.a(libc_a-memcpy-stub.o)
                0x08007c0e                memcpy
 *fill*         0x08007c2a        0x2 
 .text.__assert_func
                0x08007c2c       0x3c E:/STM32CubeCLT_1.18.0/GNU-tools-for-STM32/bin/../lib/gcc/arm-none-eabi/13.3.1/../../../../arm-none-eabi/lib/thumb/v7-m/nofp\libc.a(libc_a-assert.o)
                0x08007c2c                __assert_func
 .text._calloc_r
                0x08007c68       0x6a E:/STM32CubeCLT_1.18.0/GNU-tools-for-STM32/bin/../lib/gcc/arm-none-eabi/13.3.1/../../../../arm-none-eabi/lib/thumb/v7-m/nofp\libc.a(libc_a-callocr.o)
                0x08007c68                _calloc_r
 .text.__ascii_mbtowc
                0x08007cd2       0x24 E:/STM32CubeCLT_1.18.0/GNU-tools-for-STM32/bin/../lib/gcc/arm-none-eabi/13.3.1/../../../../arm-none-eabi/lib/thumb/v7-m/nofp\libc.a(libc_a-mbtowc_r.o)
                0x08007cd2                __ascii_mbtowc
 *fill*         0x08007cf6        0x2 
 .text._realloc_r
                0x08007cf8      0x358 E:/STM32CubeCLT_1.18.0/GNU-tools-for-STM32/bin/../lib/gcc/arm-none-eabi/13.3.1/../../../../arm-none-eabi/lib/thumb/v7-m/nofp\libc.a(libc_a-reallocr.o)
                0x08007cf8                _realloc_r
 .text.__ascii_wctomb
                0x08008050       0x1a E:/STM32CubeCLT_1.18.0/GNU-tools-for-STM32/bin/../lib/gcc/arm-none-eabi/13.3.1/../../../../arm-none-eabi/lib/thumb/v7-m/nofp\libc.a(libc_a-wctomb_r.o)
                0x08008050                __ascii_wctomb
 *fill*         0x0800806a        0x2 
 .text.fiprintf
                0x0800806c       0x24 E:/STM32CubeCLT_1.18.0/GNU-tools-for-STM32/bin/../lib/gcc/arm-none-eabi/13.3.1/../../../../arm-none-eabi/lib/thumb/v7-m/nofp\libc.a(libc_a-fiprintf.o)
                0x0800806c                fiprintf
 .text._vfiprintf_r
                0x08008090      0x918 E:/STM32CubeCLT_1.18.0/GNU-tools-for-STM32/bin/../lib/gcc/arm-none-eabi/13.3.1/../../../../arm-none-eabi/lib/thumb/v7-m/nofp\libc.a(libc_a-vfiprintf.o)
                0x08008090                _vfiprintf_r
 .text.__sbprintf
                0x080089a8       0x80 E:/STM32CubeCLT_1.18.0/GNU-tools-for-STM32/bin/../lib/gcc/arm-none-eabi/13.3.1/../../../../arm-none-eabi/lib/thumb/v7-m/nofp\libc.a(libc_a-vfiprintf.o)
 .text.__sprint_r
                0x08008a28       0x1a E:/STM32CubeCLT_1.18.0/GNU-tools-for-STM32/bin/../lib/gcc/arm-none-eabi/13.3.1/../../../../arm-none-eabi/lib/thumb/v7-m/nofp\libc.a(libc_a-sprint_r.o)
                0x08008a28                __sprint_r
 *fill*         0x08008a42        0x2 
 .text.__sfvwrite_r
                0x08008a44      0x298 E:/STM32CubeCLT_1.18.0/GNU-tools-for-STM32/bin/../lib/gcc/arm-none-eabi/13.3.1/../../../../arm-none-eabi/lib/thumb/v7-m/nofp\libc.a(libc_a-fvwrite.o)
                0x08008a44                __sfvwrite_r
 .text.__swsetup_r
                0x08008cdc       0xac E:/STM32CubeCLT_1.18.0/GNU-tools-for-STM32/bin/../lib/gcc/arm-none-eabi/13.3.1/../../../../arm-none-eabi/lib/thumb/v7-m/nofp\libc.a(libc_a-wsetup.o)
                0x08008cdc                __swsetup_r
 .text.abort    0x08008d88        0xe E:/STM32CubeCLT_1.18.0/GNU-tools-for-STM32/bin/../lib/gcc/arm-none-eabi/13.3.1/../../../../arm-none-eabi/lib/thumb/v7-m/nofp\libc.a(libc_a-abort.o)
                0x08008d88                abort
 .text.__swhatbuf_r
                0x08008d96       0x50 E:/STM32CubeCLT_1.18.0/GNU-tools-for-STM32/bin/../lib/gcc/arm-none-eabi/13.3.1/../../../../arm-none-eabi/lib/thumb/v7-m/nofp\libc.a(libc_a-makebuf.o)
                0x08008d96                __swhatbuf_r
 .text.__smakebuf_r
                0x08008de6       0x78 E:/STM32CubeCLT_1.18.0/GNU-tools-for-STM32/bin/../lib/gcc/arm-none-eabi/13.3.1/../../../../arm-none-eabi/lib/thumb/v7-m/nofp\libc.a(libc_a-makebuf.o)
                0x08008de6                __smakebuf_r
 .text._raise_r
                0x08008e5e       0x52 E:/STM32CubeCLT_1.18.0/GNU-tools-for-STM32/bin/../lib/gcc/arm-none-eabi/13.3.1/../../../../arm-none-eabi/lib/thumb/v7-m/nofp\libc.a(libc_a-signal.o)
                0x08008e5e                _raise_r
 .text.raise    0x08008eb0       0x10 E:/STM32CubeCLT_1.18.0/GNU-tools-for-STM32/bin/../lib/gcc/arm-none-eabi/13.3.1/../../../../arm-none-eabi/lib/thumb/v7-m/nofp\libc.a(libc_a-signal.o)
                0x08008eb0                raise
 .text._fstat_r
                0x08008ec0       0x24 E:/STM32CubeCLT_1.18.0/GNU-tools-for-STM32/bin/../lib/gcc/arm-none-eabi/13.3.1/../../../../arm-none-eabi/lib/thumb/v7-m/nofp\libc.a(libc_a-fstatr.o)
                0x08008ec0                _fstat_r
 .text._isatty_r
                0x08008ee4       0x20 E:/STM32CubeCLT_1.18.0/GNU-tools-for-STM32/bin/../lib/gcc/arm-none-eabi/13.3.1/../../../../arm-none-eabi/lib/thumb/v7-m/nofp\libc.a(libc_a-isattyr.o)
                0x08008ee4                _isatty_r
 .text._kill_r  0x08008f04       0x24 E:/STM32CubeCLT_1.18.0/GNU-tools-for-STM32/bin/../lib/gcc/arm-none-eabi/13.3.1/../../../../arm-none-eabi/lib/thumb/v7-m/nofp\libc.a(libc_a-signalr.o)
                0x08008f04                _kill_r
 .text._getpid_r
                0x08008f28        0x4 E:/STM32CubeCLT_1.18.0/GNU-tools-for-STM32/bin/../lib/gcc/arm-none-eabi/13.3.1/../../../../arm-none-eabi/lib/thumb/v7-m/nofp\libc.a(libc_a-signalr.o)
                0x08008f28                _getpid_r
 .text.expf     0x08008f2c       0x4c E:/STM32CubeCLT_1.18.0/GNU-tools-for-STM32/bin/../lib/gcc/arm-none-eabi/13.3.1/../../../../arm-none-eabi/lib/thumb/v7-m/nofp\libm.a(libm_a-wf_exp.o)
                0x08008f2c                expf
 .text.finitef  0x08008f78       0x10 E:/STM32CubeCLT_1.18.0/GNU-tools-for-STM32/bin/../lib/gcc/arm-none-eabi/13.3.1/../../../../arm-none-eabi/lib/thumb/v7-m/nofp\libm.a(libm_a-sf_finite.o)
                0x08008f78                finitef
 .text.__ieee754_expf
                0x08008f88      0x1f0 E:/STM32CubeCLT_1.18.0/GNU-tools-for-STM32/bin/../lib/gcc/arm-none-eabi/13.3.1/../../../../arm-none-eabi/lib/thumb/v7-m/nofp\libm.a(libm_a-ef_exp.o)
                0x08008f88                __ieee754_expf
 .text.with_errnof
                0x08009178       0x10 E:/STM32CubeCLT_1.18.0/GNU-tools-for-STM32/bin/../lib/gcc/arm-none-eabi/13.3.1/../../../../arm-none-eabi/lib/thumb/v7-m/nofp\libm.a(libm_a-math_errf.o)
 .text.xflowf   0x08009188       0x1a E:/STM32CubeCLT_1.18.0/GNU-tools-for-STM32/bin/../lib/gcc/arm-none-eabi/13.3.1/../../../../arm-none-eabi/lib/thumb/v7-m/nofp\libm.a(libm_a-math_errf.o)
 .text.__math_uflowf
                0x080091a2        0x8 E:/STM32CubeCLT_1.18.0/GNU-tools-for-STM32/bin/../lib/gcc/arm-none-eabi/13.3.1/../../../../arm-none-eabi/lib/thumb/v7-m/nofp\libm.a(libm_a-math_errf.o)
                0x080091a2                __math_uflowf
 .text.__math_oflowf
                0x080091aa        0x8 E:/STM32CubeCLT_1.18.0/GNU-tools-for-STM32/bin/../lib/gcc/arm-none-eabi/13.3.1/../../../../arm-none-eabi/lib/thumb/v7-m/nofp\libm.a(libm_a-math_errf.o)
                0x080091aa                __math_oflowf
 *(.glue_7)
 .glue_7        0x080091b2        0x0 linker stubs
 *(.glue_7t)
 .glue_7t       0x080091b2        0x0 linker stubs
 *(.eh_frame)
 *fill*         0x080091b2        0x2 
 .eh_frame      0x080091b4        0x0 E:/STM32CubeCLT_1.18.0/GNU-tools-for-STM32/bin/../lib/gcc/arm-none-eabi/13.3.1/thumb/v7-m/nofp/crtbegin.o
 *(.init)
 .init          0x080091b4        0x4 E:/STM32CubeCLT_1.18.0/GNU-tools-for-STM32/bin/../lib/gcc/arm-none-eabi/13.3.1/thumb/v7-m/nofp/crti.o
                0x080091b4                _init
 .init          0x080091b8        0x8 E:/STM32CubeCLT_1.18.0/GNU-tools-for-STM32/bin/../lib/gcc/arm-none-eabi/13.3.1/thumb/v7-m/nofp/crtn.o
 *(.fini)
 .fini          0x080091c0        0x4 E:/STM32CubeCLT_1.18.0/GNU-tools-for-STM32/bin/../lib/gcc/arm-none-eabi/13.3.1/thumb/v7-m/nofp/crti.o
                0x080091c0                _fini
 .fini          0x080091c4        0x8 E:/STM32CubeCLT_1.18.0/GNU-tools-for-STM32/bin/../lib/gcc/arm-none-eabi/13.3.1/thumb/v7-m/nofp/crtn.o
                0x080091cc                        . = ALIGN (0x4)
                0x080091cc                        _etext = .

.vfp11_veneer   0x080091cc        0x0
 .vfp11_veneer  0x080091cc        0x0 linker stubs

.v4_bx          0x080091cc        0x0
 .v4_bx         0x080091cc        0x0 linker stubs

.iplt           0x080091cc        0x0
 .iplt          0x080091cc        0x0 E:/STM32CubeCLT_1.18.0/GNU-tools-for-STM32/bin/../lib/gcc/arm-none-eabi/13.3.1/thumb/v7-m/nofp/crtbegin.o

.rodata         0x080091d0      0x9d4
                0x080091d0                        . = ALIGN (0x4)
 *(.rodata)
 *(.rodata*)
 .rodata.main.str1.4
                0x080091d0       0x17 CMakeFiles/motor_speed_control.elf.dir/Core/Src/main.c.obj
 *fill*         0x080091e7        0x1 
 .rodata.AHBPrescTable
                0x080091e8       0x10 CMakeFiles/motor_speed_control.elf.dir/Core/Src/system_stm32f1xx.c.obj
                0x080091e8                AHBPrescTable
 .rodata.aPredivFactorTable.0
                0x080091f8        0x2 CMakeFiles/motor_speed_control.elf.dir/Drivers/STM32F1xx_HAL_Driver/Src/stm32f1xx_hal_rcc.c.obj
 *fill*         0x080091fa        0x2 
 .rodata.aPLLMULFactorTable.1
                0x080091fc       0x10 CMakeFiles/motor_speed_control.elf.dir/Drivers/STM32F1xx_HAL_Driver/Src/stm32f1xx_hal_rcc.c.obj
 .rodata.F8X16  0x0800920c      0x5f0 CMakeFiles/motor_speed_control.elf.dir/bsp/oled.c.obj
                0x0800920c                F8X16
 .rodata._svfprintf_r.str1.1
                0x080097fc      0x149 E:/STM32CubeCLT_1.18.0/GNU-tools-for-STM32/bin/../lib/gcc/arm-none-eabi/13.3.1/../../../../arm-none-eabi/lib/thumb/v7-m/nofp\libc.a(libc_a-svfprintf.o)
                                 0x34 (size before relaxing)
 .rodata.zeroes.0
                0x08009945       0x10 E:/STM32CubeCLT_1.18.0/GNU-tools-for-STM32/bin/../lib/gcc/arm-none-eabi/13.3.1/../../../../arm-none-eabi/lib/thumb/v7-m/nofp\libc.a(libc_a-svfprintf.o)
 .rodata.blanks.1
                0x08009955       0x10 E:/STM32CubeCLT_1.18.0/GNU-tools-for-STM32/bin/../lib/gcc/arm-none-eabi/13.3.1/../../../../arm-none-eabi/lib/thumb/v7-m/nofp\libc.a(libc_a-svfprintf.o)
 .rodata._dtoa_r.str1.1
                0x08009965       0x78 E:/STM32CubeCLT_1.18.0/GNU-tools-for-STM32/bin/../lib/gcc/arm-none-eabi/13.3.1/../../../../arm-none-eabi/lib/thumb/v7-m/nofp\libc.a(libc_a-dtoa.o)
 .rodata.__multadd.str1.1
                0x08009965       0x6a E:/STM32CubeCLT_1.18.0/GNU-tools-for-STM32/bin/../lib/gcc/arm-none-eabi/13.3.1/../../../../arm-none-eabi/lib/thumb/v7-m/nofp\libc.a(libc_a-mprec.o)
 *fill*         0x08009965        0x3 
 .rodata.p05.0  0x08009968        0xc E:/STM32CubeCLT_1.18.0/GNU-tools-for-STM32/bin/../lib/gcc/arm-none-eabi/13.3.1/../../../../arm-none-eabi/lib/thumb/v7-m/nofp\libc.a(libc_a-mprec.o)
 *fill*         0x08009974        0x4 
 .rodata.__mprec_bigtens
                0x08009978       0x28 E:/STM32CubeCLT_1.18.0/GNU-tools-for-STM32/bin/../lib/gcc/arm-none-eabi/13.3.1/../../../../arm-none-eabi/lib/thumb/v7-m/nofp\libc.a(libc_a-mprec.o)
                0x08009978                __mprec_bigtens
 .rodata.__mprec_tens
                0x080099a0       0xc8 E:/STM32CubeCLT_1.18.0/GNU-tools-for-STM32/bin/../lib/gcc/arm-none-eabi/13.3.1/../../../../arm-none-eabi/lib/thumb/v7-m/nofp\libc.a(libc_a-mprec.o)
                0x080099a0                __mprec_tens
 .rodata._setlocale_r.str1.1
                0x08009a68        0x9 E:/STM32CubeCLT_1.18.0/GNU-tools-for-STM32/bin/../lib/gcc/arm-none-eabi/13.3.1/../../../../arm-none-eabi/lib/thumb/v7-m/nofp\libc.a(libc_a-locale.o)
 .rodata.str1.1
                0x08009a68        0x2 E:/STM32CubeCLT_1.18.0/GNU-tools-for-STM32/bin/../lib/gcc/arm-none-eabi/13.3.1/../../../../arm-none-eabi/lib/thumb/v7-m/nofp\libc.a(libc_a-locale.o)
 .rodata.__assert_func.str1.1
                0x08009a68       0x3d E:/STM32CubeCLT_1.18.0/GNU-tools-for-STM32/bin/../lib/gcc/arm-none-eabi/13.3.1/../../../../arm-none-eabi/lib/thumb/v7-m/nofp\libc.a(libc_a-assert.o)
 .rodata._ctype_
                0x08009a68      0x101 E:/STM32CubeCLT_1.18.0/GNU-tools-for-STM32/bin/../lib/gcc/arm-none-eabi/13.3.1/../../../../arm-none-eabi/lib/thumb/v7-m/nofp\libc.a(libc_a-ctype_.o)
                0x08009a68                _ctype_
 .rodata._vfiprintf_r.str1.1
                0x08009b69       0x22 E:/STM32CubeCLT_1.18.0/GNU-tools-for-STM32/bin/../lib/gcc/arm-none-eabi/13.3.1/../../../../arm-none-eabi/lib/thumb/v7-m/nofp\libc.a(libc_a-vfiprintf.o)
 .rodata.zeroes.0
                0x08009b69       0x10 E:/STM32CubeCLT_1.18.0/GNU-tools-for-STM32/bin/../lib/gcc/arm-none-eabi/13.3.1/../../../../arm-none-eabi/lib/thumb/v7-m/nofp\libc.a(libc_a-vfiprintf.o)
 .rodata.blanks.1
                0x08009b79       0x10 E:/STM32CubeCLT_1.18.0/GNU-tools-for-STM32/bin/../lib/gcc/arm-none-eabi/13.3.1/../../../../arm-none-eabi/lib/thumb/v7-m/nofp\libc.a(libc_a-vfiprintf.o)
 *fill*         0x08009b89        0x3 
 .rodata.ln2LO  0x08009b8c        0x8 E:/STM32CubeCLT_1.18.0/GNU-tools-for-STM32/bin/../lib/gcc/arm-none-eabi/13.3.1/../../../../arm-none-eabi/lib/thumb/v7-m/nofp\libm.a(libm_a-ef_exp.o)
 .rodata.ln2HI  0x08009b94        0x8 E:/STM32CubeCLT_1.18.0/GNU-tools-for-STM32/bin/../lib/gcc/arm-none-eabi/13.3.1/../../../../arm-none-eabi/lib/thumb/v7-m/nofp\libm.a(libm_a-ef_exp.o)
 .rodata.halF   0x08009b9c        0x8 E:/STM32CubeCLT_1.18.0/GNU-tools-for-STM32/bin/../lib/gcc/arm-none-eabi/13.3.1/../../../../arm-none-eabi/lib/thumb/v7-m/nofp\libm.a(libm_a-ef_exp.o)
                0x08009ba4                        . = ALIGN (0x4)

.ARM.extab      0x08009ba4        0x0
                0x08009ba4                        . = ALIGN (0x4)
 *(.ARM.extab* .gnu.linkonce.armextab.*)
                0x08009ba4                        . = ALIGN (0x4)

.ARM            0x08009ba4        0x8
                0x08009ba4                        . = ALIGN (0x4)
                0x08009ba4                        __exidx_start = .
 *(.ARM.exidx*)
 .ARM.exidx     0x08009ba4        0x8 E:/STM32CubeCLT_1.18.0/GNU-tools-for-STM32/bin/../lib/gcc/arm-none-eabi/13.3.1/../../../../arm-none-eabi/lib/thumb/v7-m/nofp\libc.a(libc_a-strlen.o)
 .ARM.exidx     0x08009bac        0x0 E:/STM32CubeCLT_1.18.0/GNU-tools-for-STM32/bin/../lib/gcc/arm-none-eabi/13.3.1/thumb/v7-m/nofp\libgcc.a(_udivmoddi4.o)
                                  0x8 (size before relaxing)
                0x08009bac                        __exidx_end = .
                0x08009bac                        . = ALIGN (0x4)

.preinit_array  0x08009bac        0x0
                0x08009bac                        . = ALIGN (0x4)
                0x08009bac                        PROVIDE (__preinit_array_start = .)
 *(.preinit_array*)
                0x08009bac                        PROVIDE (__preinit_array_end = .)
                0x08009bac                        . = ALIGN (0x4)

.init_array     0x08009bac        0x8
                0x08009bac                        . = ALIGN (0x4)
                0x08009bac                        PROVIDE (__init_array_start = .)
 *(SORT_BY_NAME(.init_array.*))
 .init_array.00000
                0x08009bac        0x4 E:/STM32CubeCLT_1.18.0/GNU-tools-for-STM32/bin/../lib/gcc/arm-none-eabi/13.3.1/../../../../arm-none-eabi/lib/thumb/v7-m/nofp\libc.a(libc_a-__call_atexit.o)
 *(.init_array*)
 .init_array    0x08009bb0        0x4 E:/STM32CubeCLT_1.18.0/GNU-tools-for-STM32/bin/../lib/gcc/arm-none-eabi/13.3.1/thumb/v7-m/nofp/crtbegin.o
                0x08009bb4                        PROVIDE (__init_array_end = .)
                0x08009bb4                        . = ALIGN (0x4)

.fini_array     0x08009bb4        0x4
                0x08009bb4                        . = ALIGN (0x4)
                0x08009bb4                        PROVIDE (__fini_array_start = .)
 *(SORT_BY_NAME(.fini_array.*))
 *(.fini_array*)
 .fini_array    0x08009bb4        0x4 E:/STM32CubeCLT_1.18.0/GNU-tools-for-STM32/bin/../lib/gcc/arm-none-eabi/13.3.1/thumb/v7-m/nofp/crtbegin.o
                0x08009bb8                        PROVIDE (__fini_array_end = .)
                0x08009bb8                        . = ALIGN (0x4)
                0x08009bb8                        _sidata = LOADADDR (.data)

.rel.dyn        0x08009bb8        0x0
 .rel.iplt      0x08009bb8        0x0 E:/STM32CubeCLT_1.18.0/GNU-tools-for-STM32/bin/../lib/gcc/arm-none-eabi/13.3.1/thumb/v7-m/nofp/crtbegin.o

.data           0x20000000      0x6e0 load address 0x08009bb8
                0x20000000                        . = ALIGN (0x4)
                0x20000000                        _sdata = .
 *(.data)
 *(.data*)
 .data.SystemCoreClock
                0x20000000        0x4 CMakeFiles/motor_speed_control.elf.dir/Core/Src/system_stm32f1xx.c.obj
                0x20000000                SystemCoreClock
 .data.uwTickFreq
                0x20000004        0x1 CMakeFiles/motor_speed_control.elf.dir/Drivers/STM32F1xx_HAL_Driver/Src/stm32f1xx_hal.c.obj
                0x20000004                uwTickFreq
 *fill*         0x20000005        0x3 
 .data.uwTickPrio
                0x20000008        0x4 CMakeFiles/motor_speed_control.elf.dir/Drivers/STM32F1xx_HAL_Driver/Src/stm32f1xx_hal.c.obj
                0x20000008                uwTickPrio
 .data.__sglue  0x2000000c        0xc E:/STM32CubeCLT_1.18.0/GNU-tools-for-STM32/bin/../lib/gcc/arm-none-eabi/13.3.1/../../../../arm-none-eabi/lib/thumb/v7-m/nofp\libc.a(libc_a-findfp.o)
                0x2000000c                __sglue
 .data._impure_ptr
                0x20000018        0x4 E:/STM32CubeCLT_1.18.0/GNU-tools-for-STM32/bin/../lib/gcc/arm-none-eabi/13.3.1/../../../../arm-none-eabi/lib/thumb/v7-m/nofp\libc.a(libc_a-impure.o)
                0x20000018                _impure_ptr
 *fill*         0x2000001c        0x4 
 .data._impure_data
                0x20000020      0x140 E:/STM32CubeCLT_1.18.0/GNU-tools-for-STM32/bin/../lib/gcc/arm-none-eabi/13.3.1/../../../../arm-none-eabi/lib/thumb/v7-m/nofp\libc.a(libc_a-impure.o)
                0x20000020                _impure_data
 .data.__atexit_recursive_mutex
                0x20000160        0x4 E:/STM32CubeCLT_1.18.0/GNU-tools-for-STM32/bin/../lib/gcc/arm-none-eabi/13.3.1/../../../../arm-none-eabi/lib/thumb/v7-m/nofp\libc.a(libc_a-__call_atexit.o)
                0x20000160                __atexit_recursive_mutex
 .data.__malloc_sbrk_base
                0x20000164        0x4 E:/STM32CubeCLT_1.18.0/GNU-tools-for-STM32/bin/../lib/gcc/arm-none-eabi/13.3.1/../../../../arm-none-eabi/lib/thumb/v7-m/nofp\libc.a(libc_a-mallocr.o)
                0x20000164                __malloc_sbrk_base
 .data.__malloc_trim_threshold
                0x20000168        0x4 E:/STM32CubeCLT_1.18.0/GNU-tools-for-STM32/bin/../lib/gcc/arm-none-eabi/13.3.1/../../../../arm-none-eabi/lib/thumb/v7-m/nofp\libc.a(libc_a-mallocr.o)
                0x20000168                __malloc_trim_threshold
 .data.__malloc_av_
                0x2000016c      0x408 E:/STM32CubeCLT_1.18.0/GNU-tools-for-STM32/bin/../lib/gcc/arm-none-eabi/13.3.1/../../../../arm-none-eabi/lib/thumb/v7-m/nofp\libc.a(libc_a-mallocr.o)
                0x2000016c                __malloc_av_
 .data.__global_locale
                0x20000574      0x16c E:/STM32CubeCLT_1.18.0/GNU-tools-for-STM32/bin/../lib/gcc/arm-none-eabi/13.3.1/../../../../arm-none-eabi/lib/thumb/v7-m/nofp\libc.a(libc_a-locale.o)
                0x20000574                __global_locale
 *(.RamFunc)
 *(.RamFunc*)
                0x200006e0                        . = ALIGN (0x4)
                0x200006e0                        _edata = .

.igot.plt       0x200006e0        0x0 load address 0x0800a298
 .igot.plt      0x200006e0        0x0 E:/STM32CubeCLT_1.18.0/GNU-tools-for-STM32/bin/../lib/gcc/arm-none-eabi/13.3.1/thumb/v7-m/nofp/crtbegin.o
                0x200006e0                        . = ALIGN (0x4)

.bss            0x200006e0      0x4dc load address 0x0800a298
                0x200006e0                        _sbss = .
                0x200006e0                        __bss_start__ = _sbss
 *(.bss)
 .bss           0x200006e0       0x1c E:/STM32CubeCLT_1.18.0/GNU-tools-for-STM32/bin/../lib/gcc/arm-none-eabi/13.3.1/thumb/v7-m/nofp/crtbegin.o
 *(.bss*)
 .bss.target_state.0
                0x200006fc        0x1 CMakeFiles/motor_speed_control.elf.dir/Core/Src/main.c.obj
 *fill*         0x200006fd        0x3 
 .bss.__sbrk_heap_end
                0x20000700        0x4 CMakeFiles/motor_speed_control.elf.dir/Core/Src/sysmem.c.obj
 .bss.htim5     0x20000704       0x48 CMakeFiles/motor_speed_control.elf.dir/Core/Src/tim.c.obj
                0x20000704                htim5
 .bss.htim4     0x2000074c       0x48 CMakeFiles/motor_speed_control.elf.dir/Core/Src/tim.c.obj
                0x2000074c                htim4
 .bss.htim2     0x20000794       0x48 CMakeFiles/motor_speed_control.elf.dir/Core/Src/tim.c.obj
                0x20000794                htim2
 *fill*         0x200007dc        0x4 
 .bss.htim1     0x200007e0       0x48 CMakeFiles/motor_speed_control.elf.dir/Core/Src/tim.c.obj
                0x200007e0                htim1
 .bss.uwTick    0x20000828        0x4 CMakeFiles/motor_speed_control.elf.dir/Drivers/STM32F1xx_HAL_Driver/Src/stm32f1xx_hal.c.obj
                0x20000828                uwTick
 .bss.fac_ms    0x2000082c        0x2 CMakeFiles/motor_speed_control.elf.dir/bsp/delay.c.obj
 .bss.fac_us    0x2000082e        0x1 CMakeFiles/motor_speed_control.elf.dir/bsp/delay.c.obj
 *fill*         0x2000082f        0x1 
 .bss.target_b  0x20000830        0x4 CMakeFiles/motor_speed_control.elf.dir/bsp/interrupt.c.obj
                0x20000830                target_b
 .bss.target_a  0x20000834        0x4 CMakeFiles/motor_speed_control.elf.dir/bsp/interrupt.c.obj
                0x20000834                target_a
 .bss.speed_b   0x20000838        0x4 CMakeFiles/motor_speed_control.elf.dir/bsp/interrupt.c.obj
                0x20000838                speed_b
 .bss.speed_a   0x2000083c        0x4 CMakeFiles/motor_speed_control.elf.dir/bsp/interrupt.c.obj
                0x2000083c                speed_a
 .bss.Pwm.0     0x20000840        0x4 CMakeFiles/motor_speed_control.elf.dir/bsp/motor.c.obj
 .bss.Last_bias.3
                0x20000844        0x4 CMakeFiles/motor_speed_control.elf.dir/bsp/motor.c.obj
 .bss.Pwm.5     0x20000848        0x4 CMakeFiles/motor_speed_control.elf.dir/bsp/motor.c.obj
 .bss.Last_bias.8
                0x2000084c        0x4 CMakeFiles/motor_speed_control.elf.dir/bsp/motor.c.obj
 .bss.KalmanB   0x20000850       0x14 CMakeFiles/motor_speed_control.elf.dir/bsp/motor.c.obj
                0x20000850                KalmanB
 .bss.KalmanA   0x20000864       0x14 CMakeFiles/motor_speed_control.elf.dir/bsp/motor.c.obj
                0x20000864                KalmanA
 .bss.Right_Wheel_Planner
                0x20000878       0x1c CMakeFiles/motor_speed_control.elf.dir/bsp/speed_planning.c.obj
                0x20000878                Right_Wheel_Planner
 .bss.Left_Wheel_Planner
                0x20000894       0x1c CMakeFiles/motor_speed_control.elf.dir/bsp/speed_planning.c.obj
                0x20000894                Left_Wheel_Planner
 .bss.__sf      0x200008b0      0x138 E:/STM32CubeCLT_1.18.0/GNU-tools-for-STM32/bin/../lib/gcc/arm-none-eabi/13.3.1/../../../../arm-none-eabi/lib/thumb/v7-m/nofp\libc.a(libc_a-findfp.o)
                0x200008b0                __sf
 .bss.__stdio_exit_handler
                0x200009e8        0x4 E:/STM32CubeCLT_1.18.0/GNU-tools-for-STM32/bin/../lib/gcc/arm-none-eabi/13.3.1/../../../../arm-none-eabi/lib/thumb/v7-m/nofp\libc.a(libc_a-findfp.o)
                0x200009e8                __stdio_exit_handler
 .bss.errno     0x200009ec        0x4 E:/STM32CubeCLT_1.18.0/GNU-tools-for-STM32/bin/../lib/gcc/arm-none-eabi/13.3.1/../../../../arm-none-eabi/lib/thumb/v7-m/nofp\libc.a(libc_a-reent.o)
                0x200009ec                errno
 .bss.__lock___malloc_recursive_mutex
                0x200009f0        0x1 E:/STM32CubeCLT_1.18.0/GNU-tools-for-STM32/bin/../lib/gcc/arm-none-eabi/13.3.1/../../../../arm-none-eabi/lib/thumb/v7-m/nofp\libc.a(libc_a-lock.o)
                0x200009f0                __lock___malloc_recursive_mutex
 .bss.__lock___atexit_recursive_mutex
                0x200009f1        0x1 E:/STM32CubeCLT_1.18.0/GNU-tools-for-STM32/bin/../lib/gcc/arm-none-eabi/13.3.1/../../../../arm-none-eabi/lib/thumb/v7-m/nofp\libc.a(libc_a-lock.o)
                0x200009f1                __lock___atexit_recursive_mutex
 .bss.__lock___sfp_recursive_mutex
                0x200009f2        0x1 E:/STM32CubeCLT_1.18.0/GNU-tools-for-STM32/bin/../lib/gcc/arm-none-eabi/13.3.1/../../../../arm-none-eabi/lib/thumb/v7-m/nofp\libc.a(libc_a-lock.o)
                0x200009f2                __lock___sfp_recursive_mutex
 *fill*         0x200009f3        0x1 
 .bss.__atexit  0x200009f4        0x4 E:/STM32CubeCLT_1.18.0/GNU-tools-for-STM32/bin/../lib/gcc/arm-none-eabi/13.3.1/../../../../arm-none-eabi/lib/thumb/v7-m/nofp\libc.a(libc_a-__call_atexit.o)
                0x200009f4                __atexit
 .bss.__malloc_current_mallinfo
                0x200009f8       0x28 E:/STM32CubeCLT_1.18.0/GNU-tools-for-STM32/bin/../lib/gcc/arm-none-eabi/13.3.1/../../../../arm-none-eabi/lib/thumb/v7-m/nofp\libc.a(libc_a-mallocr.o)
                0x200009f8                __malloc_current_mallinfo
 .bss.__malloc_max_total_mem
                0x20000a20        0x4 E:/STM32CubeCLT_1.18.0/GNU-tools-for-STM32/bin/../lib/gcc/arm-none-eabi/13.3.1/../../../../arm-none-eabi/lib/thumb/v7-m/nofp\libc.a(libc_a-mallocr.o)
                0x20000a20                __malloc_max_total_mem
 .bss.__malloc_max_sbrked_mem
                0x20000a24        0x4 E:/STM32CubeCLT_1.18.0/GNU-tools-for-STM32/bin/../lib/gcc/arm-none-eabi/13.3.1/../../../../arm-none-eabi/lib/thumb/v7-m/nofp\libc.a(libc_a-mallocr.o)
                0x20000a24                __malloc_max_sbrked_mem
 .bss.__malloc_top_pad
                0x20000a28        0x4 E:/STM32CubeCLT_1.18.0/GNU-tools-for-STM32/bin/../lib/gcc/arm-none-eabi/13.3.1/../../../../arm-none-eabi/lib/thumb/v7-m/nofp\libc.a(libc_a-mallocr.o)
                0x20000a28                __malloc_top_pad
 .bss.__atexit0
                0x20000a2c      0x190 E:/STM32CubeCLT_1.18.0/GNU-tools-for-STM32/bin/../lib/gcc/arm-none-eabi/13.3.1/../../../../arm-none-eabi/lib/thumb/v7-m/nofp\libc.a(libc_a-__atexit.o)
                0x20000a2c                __atexit0
 *(COMMON)
                0x20000bbc                        . = ALIGN (0x4)
                0x20000bbc                        _ebss = .
                0x20000bbc                        __bss_end__ = _ebss

._user_heap_stack
                0x20000bbc      0x604 load address 0x0800a298
                0x20000bc0                        . = ALIGN (0x8)
 *fill*         0x20000bbc        0x4 
                [!provide]                        PROVIDE (end = .)
                0x20000bc0                        PROVIDE (_end = .)
                0x20000dc0                        . = (. + _Min_Heap_Size)
 *fill*         0x20000bc0      0x200 
                0x200011c0                        . = (. + _Min_Stack_Size)
 *fill*         0x20000dc0      0x400 
                0x200011c0                        . = ALIGN (0x8)

/DISCARD/
 libc.a(*)
 libm.a(*)
 libgcc.a(*)

.ARM.attributes
                0x00000000       0x29
 *(.ARM.attributes)
 .ARM.attributes
                0x00000000       0x1d E:/STM32CubeCLT_1.18.0/GNU-tools-for-STM32/bin/../lib/gcc/arm-none-eabi/13.3.1/thumb/v7-m/nofp/crti.o
 .ARM.attributes
                0x0000001d       0x2d E:/STM32CubeCLT_1.18.0/GNU-tools-for-STM32/bin/../lib/gcc/arm-none-eabi/13.3.1/thumb/v7-m/nofp/crtbegin.o
 .ARM.attributes
                0x0000004a       0x29 CMakeFiles/motor_speed_control.elf.dir/Core/Src/gpio.c.obj
 .ARM.attributes
                0x00000073       0x29 CMakeFiles/motor_speed_control.elf.dir/Core/Src/main.c.obj
 .ARM.attributes
                0x0000009c       0x29 CMakeFiles/motor_speed_control.elf.dir/Core/Src/stm32f1xx_hal_msp.c.obj
 .ARM.attributes
                0x000000c5       0x29 CMakeFiles/motor_speed_control.elf.dir/Core/Src/stm32f1xx_it.c.obj
 .ARM.attributes
                0x000000ee       0x29 CMakeFiles/motor_speed_control.elf.dir/Core/Src/syscalls.c.obj
 .ARM.attributes
                0x00000117       0x29 CMakeFiles/motor_speed_control.elf.dir/Core/Src/sysmem.c.obj
 .ARM.attributes
                0x00000140       0x29 CMakeFiles/motor_speed_control.elf.dir/Core/Src/system_stm32f1xx.c.obj
 .ARM.attributes
                0x00000169       0x29 CMakeFiles/motor_speed_control.elf.dir/Core/Src/tim.c.obj
 .ARM.attributes
                0x00000192       0x21 CMakeFiles/motor_speed_control.elf.dir/Core/Startup/startup_stm32f103vetx.s.obj
 .ARM.attributes
                0x000001b3       0x29 CMakeFiles/motor_speed_control.elf.dir/Drivers/STM32F1xx_HAL_Driver/Src/stm32f1xx_hal.c.obj
 .ARM.attributes
                0x000001dc       0x29 CMakeFiles/motor_speed_control.elf.dir/Drivers/STM32F1xx_HAL_Driver/Src/stm32f1xx_hal_cortex.c.obj
 .ARM.attributes
                0x00000205       0x29 CMakeFiles/motor_speed_control.elf.dir/Drivers/STM32F1xx_HAL_Driver/Src/stm32f1xx_hal_gpio.c.obj
 .ARM.attributes
                0x0000022e       0x29 CMakeFiles/motor_speed_control.elf.dir/Drivers/STM32F1xx_HAL_Driver/Src/stm32f1xx_hal_rcc.c.obj
 .ARM.attributes
                0x00000257       0x29 CMakeFiles/motor_speed_control.elf.dir/Drivers/STM32F1xx_HAL_Driver/Src/stm32f1xx_hal_tim.c.obj
 .ARM.attributes
                0x00000280       0x29 CMakeFiles/motor_speed_control.elf.dir/Drivers/STM32F1xx_HAL_Driver/Src/stm32f1xx_hal_tim_ex.c.obj
 .ARM.attributes
                0x000002a9       0x29 CMakeFiles/motor_speed_control.elf.dir/bsp/delay.c.obj
 .ARM.attributes
                0x000002d2       0x29 CMakeFiles/motor_speed_control.elf.dir/bsp/interrupt.c.obj
 .ARM.attributes
                0x000002fb       0x29 CMakeFiles/motor_speed_control.elf.dir/bsp/motor.c.obj
 .ARM.attributes
                0x00000324       0x29 CMakeFiles/motor_speed_control.elf.dir/bsp/oled.c.obj
 .ARM.attributes
                0x0000034d       0x29 CMakeFiles/motor_speed_control.elf.dir/bsp/speed_planning.c.obj
 .ARM.attributes
                0x00000376       0x1d E:/STM32CubeCLT_1.18.0/GNU-tools-for-STM32/bin/../lib/gcc/arm-none-eabi/13.3.1/thumb/v7-m/nofp\libgcc.a(_arm_addsubdf3.o)
 .ARM.attributes
                0x00000393       0x1d E:/STM32CubeCLT_1.18.0/GNU-tools-for-STM32/bin/../lib/gcc/arm-none-eabi/13.3.1/thumb/v7-m/nofp\libgcc.a(_arm_addsubsf3.o)
 .ARM.attributes
                0x000003b0       0x1d E:/STM32CubeCLT_1.18.0/GNU-tools-for-STM32/bin/../lib/gcc/arm-none-eabi/13.3.1/thumb/v7-m/nofp\libgcc.a(_arm_muldivsf3.o)
 .ARM.attributes
                0x000003cd       0x1d E:/STM32CubeCLT_1.18.0/GNU-tools-for-STM32/bin/../lib/gcc/arm-none-eabi/13.3.1/thumb/v7-m/nofp\libgcc.a(_arm_cmpsf2.o)
 .ARM.attributes
                0x000003ea       0x1d E:/STM32CubeCLT_1.18.0/GNU-tools-for-STM32/bin/../lib/gcc/arm-none-eabi/13.3.1/thumb/v7-m/nofp\libgcc.a(_arm_fixsfsi.o)
 .ARM.attributes
                0x00000407       0x2d E:/STM32CubeCLT_1.18.0/GNU-tools-for-STM32/bin/../lib/gcc/arm-none-eabi/13.3.1/../../../../arm-none-eabi/lib/thumb/v7-m/nofp\libc.a(libc_a-findfp.o)
 .ARM.attributes
                0x00000434       0x2d E:/STM32CubeCLT_1.18.0/GNU-tools-for-STM32/bin/../lib/gcc/arm-none-eabi/13.3.1/../../../../arm-none-eabi/lib/thumb/v7-m/nofp\libc.a(libc_a-fwalk.o)
 .ARM.attributes
                0x00000461       0x2d E:/STM32CubeCLT_1.18.0/GNU-tools-for-STM32/bin/../lib/gcc/arm-none-eabi/13.3.1/../../../../arm-none-eabi/lib/thumb/v7-m/nofp\libc.a(libc_a-sprintf.o)
 .ARM.attributes
                0x0000048e       0x2d E:/STM32CubeCLT_1.18.0/GNU-tools-for-STM32/bin/../lib/gcc/arm-none-eabi/13.3.1/../../../../arm-none-eabi/lib/thumb/v7-m/nofp\libc.a(libc_a-stdio.o)
 .ARM.attributes
                0x000004bb       0x2d E:/STM32CubeCLT_1.18.0/GNU-tools-for-STM32/bin/../lib/gcc/arm-none-eabi/13.3.1/../../../../arm-none-eabi/lib/thumb/v7-m/nofp\libc.a(libc_a-memset.o)
 .ARM.attributes
                0x000004e8       0x2d E:/STM32CubeCLT_1.18.0/GNU-tools-for-STM32/bin/../lib/gcc/arm-none-eabi/13.3.1/../../../../arm-none-eabi/lib/thumb/v7-m/nofp\libc.a(libc_a-closer.o)
 .ARM.attributes
                0x00000515       0x2d E:/STM32CubeCLT_1.18.0/GNU-tools-for-STM32/bin/../lib/gcc/arm-none-eabi/13.3.1/../../../../arm-none-eabi/lib/thumb/v7-m/nofp\libc.a(libc_a-reent.o)
 .ARM.attributes
                0x00000542       0x2d E:/STM32CubeCLT_1.18.0/GNU-tools-for-STM32/bin/../lib/gcc/arm-none-eabi/13.3.1/../../../../arm-none-eabi/lib/thumb/v7-m/nofp\libc.a(libc_a-impure.o)
 .ARM.attributes
                0x0000056f       0x2d E:/STM32CubeCLT_1.18.0/GNU-tools-for-STM32/bin/../lib/gcc/arm-none-eabi/13.3.1/../../../../arm-none-eabi/lib/thumb/v7-m/nofp\libc.a(libc_a-lseekr.o)
 .ARM.attributes
                0x0000059c       0x2d E:/STM32CubeCLT_1.18.0/GNU-tools-for-STM32/bin/../lib/gcc/arm-none-eabi/13.3.1/../../../../arm-none-eabi/lib/thumb/v7-m/nofp\libc.a(libc_a-readr.o)
 .ARM.attributes
                0x000005c9       0x2d E:/STM32CubeCLT_1.18.0/GNU-tools-for-STM32/bin/../lib/gcc/arm-none-eabi/13.3.1/../../../../arm-none-eabi/lib/thumb/v7-m/nofp\libc.a(libc_a-writer.o)
 .ARM.attributes
                0x000005f6       0x2d E:/STM32CubeCLT_1.18.0/GNU-tools-for-STM32/bin/../lib/gcc/arm-none-eabi/13.3.1/../../../../arm-none-eabi/lib/thumb/v7-m/nofp\libc.a(libc_a-errno.o)
 .ARM.attributes
                0x00000623       0x2d E:/STM32CubeCLT_1.18.0/GNU-tools-for-STM32/bin/../lib/gcc/arm-none-eabi/13.3.1/../../../../arm-none-eabi/lib/thumb/v7-m/nofp\libc.a(libc_a-init.o)
 .ARM.attributes
                0x00000650       0x2d E:/STM32CubeCLT_1.18.0/GNU-tools-for-STM32/bin/../lib/gcc/arm-none-eabi/13.3.1/../../../../arm-none-eabi/lib/thumb/v7-m/nofp\libc.a(libc_a-lock.o)
 .ARM.attributes
                0x0000067d       0x2d E:/STM32CubeCLT_1.18.0/GNU-tools-for-STM32/bin/../lib/gcc/arm-none-eabi/13.3.1/../../../../arm-none-eabi/lib/thumb/v7-m/nofp\libc.a(libc_a-__call_atexit.o)
 .ARM.attributes
                0x000006aa       0x2d E:/STM32CubeCLT_1.18.0/GNU-tools-for-STM32/bin/../lib/gcc/arm-none-eabi/13.3.1/../../../../arm-none-eabi/lib/thumb/v7-m/nofp\libc.a(libc_a-atexit.o)
 .ARM.attributes
                0x000006d7       0x2d E:/STM32CubeCLT_1.18.0/GNU-tools-for-STM32/bin/../lib/gcc/arm-none-eabi/13.3.1/../../../../arm-none-eabi/lib/thumb/v7-m/nofp\libc.a(libc_a-freer.o)
 .ARM.attributes
                0x00000704       0x2d E:/STM32CubeCLT_1.18.0/GNU-tools-for-STM32/bin/../lib/gcc/arm-none-eabi/13.3.1/../../../../arm-none-eabi/lib/thumb/v7-m/nofp\libc.a(libc_a-mallocr.o)
 .ARM.attributes
                0x00000731       0x2d E:/STM32CubeCLT_1.18.0/GNU-tools-for-STM32/bin/../lib/gcc/arm-none-eabi/13.3.1/../../../../arm-none-eabi/lib/thumb/v7-m/nofp\libc.a(libc_a-mlock.o)
 .ARM.attributes
                0x0000075e       0x2d E:/STM32CubeCLT_1.18.0/GNU-tools-for-STM32/bin/../lib/gcc/arm-none-eabi/13.3.1/../../../../arm-none-eabi/lib/thumb/v7-m/nofp\libc.a(libc_a-svfprintf.o)
 .ARM.attributes
                0x0000078b       0x2d E:/STM32CubeCLT_1.18.0/GNU-tools-for-STM32/bin/../lib/gcc/arm-none-eabi/13.3.1/../../../../arm-none-eabi/lib/thumb/v7-m/nofp\libc.a(libc_a-ssprint_r.o)
 .ARM.attributes
                0x000007b8       0x2d E:/STM32CubeCLT_1.18.0/GNU-tools-for-STM32/bin/../lib/gcc/arm-none-eabi/13.3.1/../../../../arm-none-eabi/lib/thumb/v7-m/nofp\libc.a(libc_a-fclose.o)
 .ARM.attributes
                0x000007e5       0x2d E:/STM32CubeCLT_1.18.0/GNU-tools-for-STM32/bin/../lib/gcc/arm-none-eabi/13.3.1/../../../../arm-none-eabi/lib/thumb/v7-m/nofp\libc.a(libc_a-fflush.o)
 .ARM.attributes
                0x00000812       0x2d E:/STM32CubeCLT_1.18.0/GNU-tools-for-STM32/bin/../lib/gcc/arm-none-eabi/13.3.1/../../../../arm-none-eabi/lib/thumb/v7-m/nofp\libc.a(libc_a-strncpy.o)
 .ARM.attributes
                0x0000083f       0x2d E:/STM32CubeCLT_1.18.0/GNU-tools-for-STM32/bin/../lib/gcc/arm-none-eabi/13.3.1/../../../../arm-none-eabi/lib/thumb/v7-m/nofp\libc.a(libc_a-localeconv.o)
 .ARM.attributes
                0x0000086c       0x2d E:/STM32CubeCLT_1.18.0/GNU-tools-for-STM32/bin/../lib/gcc/arm-none-eabi/13.3.1/../../../../arm-none-eabi/lib/thumb/v7-m/nofp\libc.a(libc_a-sbrkr.o)
 .ARM.attributes
                0x00000899       0x2d E:/STM32CubeCLT_1.18.0/GNU-tools-for-STM32/bin/../lib/gcc/arm-none-eabi/13.3.1/../../../../arm-none-eabi/lib/thumb/v7-m/nofp\libc.a(libc_a-fini.o)
 .ARM.attributes
                0x000008c6       0x2d E:/STM32CubeCLT_1.18.0/GNU-tools-for-STM32/bin/../lib/gcc/arm-none-eabi/13.3.1/../../../../arm-none-eabi/lib/thumb/v7-m/nofp\libc.a(libc_a-sysconf.o)
 .ARM.attributes
                0x000008f3       0x2d E:/STM32CubeCLT_1.18.0/GNU-tools-for-STM32/bin/../lib/gcc/arm-none-eabi/13.3.1/../../../../arm-none-eabi/lib/thumb/v7-m/nofp\libc.a(libc_a-memchr-stub.o)
 .ARM.attributes
                0x00000920       0x17 E:/STM32CubeCLT_1.18.0/GNU-tools-for-STM32/bin/../lib/gcc/arm-none-eabi/13.3.1/../../../../arm-none-eabi/lib/thumb/v7-m/nofp\libc.a(libc_a-strlen.o)
 .ARM.attributes
                0x00000937       0x2d E:/STM32CubeCLT_1.18.0/GNU-tools-for-STM32/bin/../lib/gcc/arm-none-eabi/13.3.1/../../../../arm-none-eabi/lib/thumb/v7-m/nofp\libc.a(libm_a-s_frexp.o)
 .ARM.attributes
                0x00000964       0x2d E:/STM32CubeCLT_1.18.0/GNU-tools-for-STM32/bin/../lib/gcc/arm-none-eabi/13.3.1/../../../../arm-none-eabi/lib/thumb/v7-m/nofp\libc.a(libc_a-__atexit.o)
 .ARM.attributes
                0x00000991       0x2d E:/STM32CubeCLT_1.18.0/GNU-tools-for-STM32/bin/../lib/gcc/arm-none-eabi/13.3.1/../../../../arm-none-eabi/lib/thumb/v7-m/nofp\libc.a(libc_a-dtoa.o)
 .ARM.attributes
                0x000009be       0x2d E:/STM32CubeCLT_1.18.0/GNU-tools-for-STM32/bin/../lib/gcc/arm-none-eabi/13.3.1/../../../../arm-none-eabi/lib/thumb/v7-m/nofp\libc.a(libc_a-mprec.o)
 .ARM.attributes
                0x000009eb       0x2d E:/STM32CubeCLT_1.18.0/GNU-tools-for-STM32/bin/../lib/gcc/arm-none-eabi/13.3.1/../../../../arm-none-eabi/lib/thumb/v7-m/nofp\libc.a(libc_a-ssputs_r.o)
 .ARM.attributes
                0x00000a18       0x2d E:/STM32CubeCLT_1.18.0/GNU-tools-for-STM32/bin/../lib/gcc/arm-none-eabi/13.3.1/../../../../arm-none-eabi/lib/thumb/v7-m/nofp\libc.a(libc_a-memmove.o)
 .ARM.attributes
                0x00000a45       0x2d E:/STM32CubeCLT_1.18.0/GNU-tools-for-STM32/bin/../lib/gcc/arm-none-eabi/13.3.1/../../../../arm-none-eabi/lib/thumb/v7-m/nofp\libc.a(libc_a-locale.o)
 .ARM.attributes
                0x00000a72       0x2d E:/STM32CubeCLT_1.18.0/GNU-tools-for-STM32/bin/../lib/gcc/arm-none-eabi/13.3.1/../../../../arm-none-eabi/lib/thumb/v7-m/nofp\libc.a(libc_a-memcpy-stub.o)
 .ARM.attributes
                0x00000a9f       0x2d E:/STM32CubeCLT_1.18.0/GNU-tools-for-STM32/bin/../lib/gcc/arm-none-eabi/13.3.1/../../../../arm-none-eabi/lib/thumb/v7-m/nofp\libc.a(libc_a-assert.o)
 .ARM.attributes
                0x00000acc       0x2d E:/STM32CubeCLT_1.18.0/GNU-tools-for-STM32/bin/../lib/gcc/arm-none-eabi/13.3.1/../../../../arm-none-eabi/lib/thumb/v7-m/nofp\libc.a(libc_a-callocr.o)
 .ARM.attributes
                0x00000af9       0x2d E:/STM32CubeCLT_1.18.0/GNU-tools-for-STM32/bin/../lib/gcc/arm-none-eabi/13.3.1/../../../../arm-none-eabi/lib/thumb/v7-m/nofp\libc.a(libc_a-mbtowc_r.o)
 .ARM.attributes
                0x00000b26       0x2d E:/STM32CubeCLT_1.18.0/GNU-tools-for-STM32/bin/../lib/gcc/arm-none-eabi/13.3.1/../../../../arm-none-eabi/lib/thumb/v7-m/nofp\libc.a(libc_a-reallocr.o)
 .ARM.attributes
                0x00000b53       0x2d E:/STM32CubeCLT_1.18.0/GNU-tools-for-STM32/bin/../lib/gcc/arm-none-eabi/13.3.1/../../../../arm-none-eabi/lib/thumb/v7-m/nofp\libc.a(libc_a-wctomb_r.o)
 .ARM.attributes
                0x00000b80       0x2d E:/STM32CubeCLT_1.18.0/GNU-tools-for-STM32/bin/../lib/gcc/arm-none-eabi/13.3.1/../../../../arm-none-eabi/lib/thumb/v7-m/nofp\libc.a(libc_a-ctype_.o)
 .ARM.attributes
                0x00000bad       0x2d E:/STM32CubeCLT_1.18.0/GNU-tools-for-STM32/bin/../lib/gcc/arm-none-eabi/13.3.1/../../../../arm-none-eabi/lib/thumb/v7-m/nofp\libc.a(libc_a-fiprintf.o)
 .ARM.attributes
                0x00000bda       0x2d E:/STM32CubeCLT_1.18.0/GNU-tools-for-STM32/bin/../lib/gcc/arm-none-eabi/13.3.1/../../../../arm-none-eabi/lib/thumb/v7-m/nofp\libc.a(libc_a-vfiprintf.o)
 .ARM.attributes
                0x00000c07       0x2d E:/STM32CubeCLT_1.18.0/GNU-tools-for-STM32/bin/../lib/gcc/arm-none-eabi/13.3.1/../../../../arm-none-eabi/lib/thumb/v7-m/nofp\libc.a(libc_a-sprint_r.o)
 .ARM.attributes
                0x00000c34       0x2d E:/STM32CubeCLT_1.18.0/GNU-tools-for-STM32/bin/../lib/gcc/arm-none-eabi/13.3.1/../../../../arm-none-eabi/lib/thumb/v7-m/nofp\libc.a(libc_a-fvwrite.o)
 .ARM.attributes
                0x00000c61       0x2d E:/STM32CubeCLT_1.18.0/GNU-tools-for-STM32/bin/../lib/gcc/arm-none-eabi/13.3.1/../../../../arm-none-eabi/lib/thumb/v7-m/nofp\libc.a(libc_a-wsetup.o)
 .ARM.attributes
                0x00000c8e       0x2d E:/STM32CubeCLT_1.18.0/GNU-tools-for-STM32/bin/../lib/gcc/arm-none-eabi/13.3.1/../../../../arm-none-eabi/lib/thumb/v7-m/nofp\libc.a(libc_a-abort.o)
 .ARM.attributes
                0x00000cbb       0x2d E:/STM32CubeCLT_1.18.0/GNU-tools-for-STM32/bin/../lib/gcc/arm-none-eabi/13.3.1/../../../../arm-none-eabi/lib/thumb/v7-m/nofp\libc.a(libc_a-makebuf.o)
 .ARM.attributes
                0x00000ce8       0x2d E:/STM32CubeCLT_1.18.0/GNU-tools-for-STM32/bin/../lib/gcc/arm-none-eabi/13.3.1/../../../../arm-none-eabi/lib/thumb/v7-m/nofp\libc.a(libc_a-signal.o)
 .ARM.attributes
                0x00000d15       0x2d E:/STM32CubeCLT_1.18.0/GNU-tools-for-STM32/bin/../lib/gcc/arm-none-eabi/13.3.1/../../../../arm-none-eabi/lib/thumb/v7-m/nofp\libc.a(libc_a-fstatr.o)
 .ARM.attributes
                0x00000d42       0x2d E:/STM32CubeCLT_1.18.0/GNU-tools-for-STM32/bin/../lib/gcc/arm-none-eabi/13.3.1/../../../../arm-none-eabi/lib/thumb/v7-m/nofp\libc.a(libc_a-isattyr.o)
 .ARM.attributes
                0x00000d6f       0x2d E:/STM32CubeCLT_1.18.0/GNU-tools-for-STM32/bin/../lib/gcc/arm-none-eabi/13.3.1/../../../../arm-none-eabi/lib/thumb/v7-m/nofp\libc.a(libc_a-signalr.o)
 .ARM.attributes
                0x00000d9c       0x1d E:/STM32CubeCLT_1.18.0/GNU-tools-for-STM32/bin/../lib/gcc/arm-none-eabi/13.3.1/thumb/v7-m/nofp\libgcc.a(_arm_muldivdf3.o)
 .ARM.attributes
                0x00000db9       0x1d E:/STM32CubeCLT_1.18.0/GNU-tools-for-STM32/bin/../lib/gcc/arm-none-eabi/13.3.1/thumb/v7-m/nofp\libgcc.a(_arm_cmpdf2.o)
 .ARM.attributes
                0x00000dd6       0x1d E:/STM32CubeCLT_1.18.0/GNU-tools-for-STM32/bin/../lib/gcc/arm-none-eabi/13.3.1/thumb/v7-m/nofp\libgcc.a(_arm_unorddf2.o)
 .ARM.attributes
                0x00000df3       0x1d E:/STM32CubeCLT_1.18.0/GNU-tools-for-STM32/bin/../lib/gcc/arm-none-eabi/13.3.1/thumb/v7-m/nofp\libgcc.a(_arm_fixdfsi.o)
 .ARM.attributes
                0x00000e10       0x1d E:/STM32CubeCLT_1.18.0/GNU-tools-for-STM32/bin/../lib/gcc/arm-none-eabi/13.3.1/thumb/v7-m/nofp\libgcc.a(_aeabi_uldivmod.o)
 .ARM.attributes
                0x00000e2d       0x2d E:/STM32CubeCLT_1.18.0/GNU-tools-for-STM32/bin/../lib/gcc/arm-none-eabi/13.3.1/thumb/v7-m/nofp\libgcc.a(_udivmoddi4.o)
 .ARM.attributes
                0x00000e5a       0x1d E:/STM32CubeCLT_1.18.0/GNU-tools-for-STM32/bin/../lib/gcc/arm-none-eabi/13.3.1/thumb/v7-m/nofp\libgcc.a(_dvmd_tls.o)
 .ARM.attributes
                0x00000e77       0x1d E:/STM32CubeCLT_1.18.0/GNU-tools-for-STM32/bin/../lib/gcc/arm-none-eabi/13.3.1/thumb/v7-m/nofp/crtn.o
OUTPUT(motor_speed_control.elf elf32-littlearm)
LOAD linker stubs
LOAD E:/STM32CubeCLT_1.18.0/GNU-tools-for-STM32/bin/../lib/gcc/arm-none-eabi/13.3.1/../../../../arm-none-eabi/lib/thumb/v7-m/nofp\libc.a
LOAD E:/STM32CubeCLT_1.18.0/GNU-tools-for-STM32/bin/../lib/gcc/arm-none-eabi/13.3.1/../../../../arm-none-eabi/lib/thumb/v7-m/nofp\libm.a
LOAD E:/STM32CubeCLT_1.18.0/GNU-tools-for-STM32/bin/../lib/gcc/arm-none-eabi/13.3.1/thumb/v7-m/nofp\libgcc.a

.comment        0x00000000       0x43
 .comment       0x00000000       0x43 CMakeFiles/motor_speed_control.elf.dir/Core/Src/gpio.c.obj
                                 0x44 (size before relaxing)
 .comment       0x00000043       0x44 CMakeFiles/motor_speed_control.elf.dir/Core/Src/main.c.obj
 .comment       0x00000043       0x44 CMakeFiles/motor_speed_control.elf.dir/Core/Src/stm32f1xx_hal_msp.c.obj
 .comment       0x00000043       0x44 CMakeFiles/motor_speed_control.elf.dir/Core/Src/stm32f1xx_it.c.obj
 .comment       0x00000043       0x44 CMakeFiles/motor_speed_control.elf.dir/Core/Src/syscalls.c.obj
 .comment       0x00000043       0x44 CMakeFiles/motor_speed_control.elf.dir/Core/Src/sysmem.c.obj
 .comment       0x00000043       0x44 CMakeFiles/motor_speed_control.elf.dir/Core/Src/system_stm32f1xx.c.obj
 .comment       0x00000043       0x44 CMakeFiles/motor_speed_control.elf.dir/Core/Src/tim.c.obj
 .comment       0x00000043       0x44 CMakeFiles/motor_speed_control.elf.dir/Drivers/STM32F1xx_HAL_Driver/Src/stm32f1xx_hal.c.obj
 .comment       0x00000043       0x44 CMakeFiles/motor_speed_control.elf.dir/Drivers/STM32F1xx_HAL_Driver/Src/stm32f1xx_hal_cortex.c.obj
 .comment       0x00000043       0x44 CMakeFiles/motor_speed_control.elf.dir/Drivers/STM32F1xx_HAL_Driver/Src/stm32f1xx_hal_gpio.c.obj
 .comment       0x00000043       0x44 CMakeFiles/motor_speed_control.elf.dir/Drivers/STM32F1xx_HAL_Driver/Src/stm32f1xx_hal_rcc.c.obj
 .comment       0x00000043       0x44 CMakeFiles/motor_speed_control.elf.dir/Drivers/STM32F1xx_HAL_Driver/Src/stm32f1xx_hal_tim.c.obj
 .comment       0x00000043       0x44 CMakeFiles/motor_speed_control.elf.dir/Drivers/STM32F1xx_HAL_Driver/Src/stm32f1xx_hal_tim_ex.c.obj
 .comment       0x00000043       0x44 CMakeFiles/motor_speed_control.elf.dir/bsp/delay.c.obj
 .comment       0x00000043       0x44 CMakeFiles/motor_speed_control.elf.dir/bsp/interrupt.c.obj
 .comment       0x00000043       0x44 CMakeFiles/motor_speed_control.elf.dir/bsp/motor.c.obj
 .comment       0x00000043       0x44 CMakeFiles/motor_speed_control.elf.dir/bsp/oled.c.obj
 .comment       0x00000043       0x44 CMakeFiles/motor_speed_control.elf.dir/bsp/speed_planning.c.obj

.debug_frame    0x00000000     0x1440
 .debug_frame   0x00000000       0xac E:/STM32CubeCLT_1.18.0/GNU-tools-for-STM32/bin/../lib/gcc/arm-none-eabi/13.3.1/thumb/v7-m/nofp\libgcc.a(_arm_addsubdf3.o)
 .debug_frame   0x000000ac       0x4c E:/STM32CubeCLT_1.18.0/GNU-tools-for-STM32/bin/../lib/gcc/arm-none-eabi/13.3.1/thumb/v7-m/nofp\libgcc.a(_arm_addsubsf3.o)
 .debug_frame   0x000000f8       0x38 E:/STM32CubeCLT_1.18.0/GNU-tools-for-STM32/bin/../lib/gcc/arm-none-eabi/13.3.1/thumb/v7-m/nofp\libgcc.a(_arm_muldivsf3.o)
 .debug_frame   0x00000130       0xc8 E:/STM32CubeCLT_1.18.0/GNU-tools-for-STM32/bin/../lib/gcc/arm-none-eabi/13.3.1/thumb/v7-m/nofp\libgcc.a(_arm_cmpsf2.o)
 .debug_frame   0x000001f8       0x24 E:/STM32CubeCLT_1.18.0/GNU-tools-for-STM32/bin/../lib/gcc/arm-none-eabi/13.3.1/thumb/v7-m/nofp\libgcc.a(_arm_fixsfsi.o)
 .debug_frame   0x0000021c      0x144 E:/STM32CubeCLT_1.18.0/GNU-tools-for-STM32/bin/../lib/gcc/arm-none-eabi/13.3.1/../../../../arm-none-eabi/lib/thumb/v7-m/nofp\libc.a(libc_a-findfp.o)
 .debug_frame   0x00000360       0x34 E:/STM32CubeCLT_1.18.0/GNU-tools-for-STM32/bin/../lib/gcc/arm-none-eabi/13.3.1/../../../../arm-none-eabi/lib/thumb/v7-m/nofp\libc.a(libc_a-fwalk.o)
 .debug_frame   0x00000394       0x74 E:/STM32CubeCLT_1.18.0/GNU-tools-for-STM32/bin/../lib/gcc/arm-none-eabi/13.3.1/../../../../arm-none-eabi/lib/thumb/v7-m/nofp\libc.a(libc_a-sprintf.o)
 .debug_frame   0x00000408       0x88 E:/STM32CubeCLT_1.18.0/GNU-tools-for-STM32/bin/../lib/gcc/arm-none-eabi/13.3.1/../../../../arm-none-eabi/lib/thumb/v7-m/nofp\libc.a(libc_a-stdio.o)
 .debug_frame   0x00000490       0x20 E:/STM32CubeCLT_1.18.0/GNU-tools-for-STM32/bin/../lib/gcc/arm-none-eabi/13.3.1/../../../../arm-none-eabi/lib/thumb/v7-m/nofp\libc.a(libc_a-memset.o)
 .debug_frame   0x000004b0       0x2c E:/STM32CubeCLT_1.18.0/GNU-tools-for-STM32/bin/../lib/gcc/arm-none-eabi/13.3.1/../../../../arm-none-eabi/lib/thumb/v7-m/nofp\libc.a(libc_a-closer.o)
 .debug_frame   0x000004dc       0x38 E:/STM32CubeCLT_1.18.0/GNU-tools-for-STM32/bin/../lib/gcc/arm-none-eabi/13.3.1/../../../../arm-none-eabi/lib/thumb/v7-m/nofp\libc.a(libc_a-reent.o)
 .debug_frame   0x00000514       0x2c E:/STM32CubeCLT_1.18.0/GNU-tools-for-STM32/bin/../lib/gcc/arm-none-eabi/13.3.1/../../../../arm-none-eabi/lib/thumb/v7-m/nofp\libc.a(libc_a-lseekr.o)
 .debug_frame   0x00000540       0x2c E:/STM32CubeCLT_1.18.0/GNU-tools-for-STM32/bin/../lib/gcc/arm-none-eabi/13.3.1/../../../../arm-none-eabi/lib/thumb/v7-m/nofp\libc.a(libc_a-readr.o)
 .debug_frame   0x0000056c       0x2c E:/STM32CubeCLT_1.18.0/GNU-tools-for-STM32/bin/../lib/gcc/arm-none-eabi/13.3.1/../../../../arm-none-eabi/lib/thumb/v7-m/nofp\libc.a(libc_a-writer.o)
 .debug_frame   0x00000598       0x20 E:/STM32CubeCLT_1.18.0/GNU-tools-for-STM32/bin/../lib/gcc/arm-none-eabi/13.3.1/../../../../arm-none-eabi/lib/thumb/v7-m/nofp\libc.a(libc_a-errno.o)
 .debug_frame   0x000005b8       0x2c E:/STM32CubeCLT_1.18.0/GNU-tools-for-STM32/bin/../lib/gcc/arm-none-eabi/13.3.1/../../../../arm-none-eabi/lib/thumb/v7-m/nofp\libc.a(libc_a-init.o)
 .debug_frame   0x000005e4       0xb0 E:/STM32CubeCLT_1.18.0/GNU-tools-for-STM32/bin/../lib/gcc/arm-none-eabi/13.3.1/../../../../arm-none-eabi/lib/thumb/v7-m/nofp\libc.a(libc_a-lock.o)
 .debug_frame   0x00000694       0x58 E:/STM32CubeCLT_1.18.0/GNU-tools-for-STM32/bin/../lib/gcc/arm-none-eabi/13.3.1/../../../../arm-none-eabi/lib/thumb/v7-m/nofp\libc.a(libc_a-__call_atexit.o)
 .debug_frame   0x000006ec       0x20 E:/STM32CubeCLT_1.18.0/GNU-tools-for-STM32/bin/../lib/gcc/arm-none-eabi/13.3.1/../../../../arm-none-eabi/lib/thumb/v7-m/nofp\libc.a(libc_a-atexit.o)